******************************************************************************
                  TI ARM Linker PC v16.12.0                    
******************************************************************************
>> Linked Tue Apr 11 18:30:53 2017

OUTPUT FILE NAME:   <MB2640A_App.out>
ENTRY POINT SYMBOL: "ResetISR"  address: 0000742d


MEMORY CONFIGURATION

         name            origin    length      used     unused   attr    fill
----------------------  --------  ---------  --------  --------  ----  --------
  FLASH                 00000000   0000dfff  00009cdc  00004323  R  X
  FLASH_LAST_PAGE       0001f000   00001000  00000058  00000fa8  R  X
  SRAM                  20000000   000043e7  00002cdc  0000170b  RW X


SEGMENT ALLOCATION MAP

run origin  load origin   length   init length attrs members
----------  ----------- ---------- ----------- ----- -------
00000000    00000000    00009ce8   00009ce8    r-x
  00000000    00000000    0000003c   0000003c    r-- .resetVecs
  0000003c    0000003c    000000c4   000000c4    r-x .text.1
  00000100    00000100    0000003c   0000003c    r-- .const:ti_sysbios_knl_Task_Object__PARAMS__C
  0000013c    0000013c    00000034   00000034    r-- .const:ti_sysbios_knl_Mailbox_Object__PARAMS__C
  00000170    00000170    00000030   00000030    r-- .const:ti_sysbios_family_arm_m3_Hwi_Object__PARAMS__C
  000001a0    000001a0    0000002c   0000002c    r-- .const:ti_sysbios_hal_Hwi_Object__PARAMS__C
  000001cc    000001cc    00000028   00000028    r-- .const:ti_sysbios_heaps_HeapMem_Module__FXNS__C
  000001f4    000001f4    00000028   00000028    r-- .const:ti_sysbios_knl_Swi_Object__PARAMS__C
  0000021c    0000021c    00000024   00000024    r-- .const:ti_sysbios_gates_GateHwi_Module__FXNS__C
  00000240    00000240    00000024   00000024    r-- .const:ti_sysbios_gates_GateMutex_Module__FXNS__C
  00000264    00000264    00000024   00000024    r-- .const:ti_sysbios_heaps_HeapMem_Object__PARAMS__C
  00000288    00000288    00000024   00000024    r-- .const:ti_sysbios_knl_Clock_Object__PARAMS__C
  000002ac    000002ac    00000024   00000024    r-- .const:ti_sysbios_knl_Semaphore_Object__PARAMS__C
  000002d0    000002d0    00000020   00000020    r-- .const:ti_sysbios_family_arm_m3_Hwi_Object__DESC__C
  000002f0    000002f0    00000020   00000020    r-- .const:ti_sysbios_gates_GateHwi_Object__DESC__C
  00000310    00000310    00000020   00000020    r-- .const:ti_sysbios_gates_GateMutex_Object__DESC__C
  00000330    00000330    00000020   00000020    r-- .const:ti_sysbios_hal_Hwi_Object__DESC__C
  00000350    00000350    00000020   00000020    r-- .const:ti_sysbios_heaps_HeapMem_Object__DESC__C
  00000370    00000370    00000020   00000020    r-- .const:ti_sysbios_knl_Clock_Object__DESC__C
  00000390    00000390    00000020   00000020    r-- .const:ti_sysbios_knl_Mailbox_Object__DESC__C
  000003b0    000003b0    00000020   00000020    r-- .const:ti_sysbios_knl_Queue_Object__DESC__C
  000003d0    000003d0    00000020   00000020    r-- .const:ti_sysbios_knl_Semaphore_Object__DESC__C
  000003f0    000003f0    00000020   00000020    r-- .const:ti_sysbios_knl_Swi_Object__DESC__C
  00000410    00000410    00000020   00000020    r-- .const:ti_sysbios_knl_Task_Object__DESC__C
  00000430    00000430    00000018   00000018    r-- .const:ti_sysbios_gates_GateHwi_Object__PARAMS__C
  00000448    00000448    00000018   00000018    r-- .const:ti_sysbios_gates_GateMutex_Object__PARAMS__C
  00000460    00000460    00000018   00000018    r-- .const:ti_sysbios_knl_Queue_Object__PARAMS__C
  00000478    00000478    00000008   00000008    r-- .const:ti_sysbios_knl_Idle_funcList__C
  00000480    00000480    00000004   00000004    r-x .text.2
  00000484    00000484    00000004   00000004    r-- .const:ti_sysbios_family_arm_cc26xx_Timer_startupNeeded__C
  00000488    00000488    00000004   00000004    r-- .const:ti_sysbios_family_arm_m3_Hwi_E_alreadyDefined__C
  0000048c    0000048c    00000004   00000004    r-- .const:ti_sysbios_family_arm_m3_Hwi_E_hwiLimitExceeded__C
  00000490    00000490    00000004   00000004    r-- .const:ti_sysbios_family_arm_m3_Hwi_NUM_INTERRUPTS__C
  00000494    00000494    00000004   00000004    r-- .const:ti_sysbios_family_arm_m3_Hwi_Object__count__C
  00000498    00000498    00000004   00000004    r-- .const:ti_sysbios_family_arm_m3_Hwi_Object__table__C
  0000049c    0000049c    00000004   00000004    r-- .const:ti_sysbios_family_arm_m3_Hwi_ccr__C
  000004a0    000004a0    00000004   00000004    r-- .const:ti_sysbios_family_arm_m3_Hwi_excHandlerFunc__C
  000004a4    000004a4    00000004   00000004    r-- .const:ti_sysbios_family_arm_m3_Hwi_nullIsrFunc__C
  000004a8    000004a8    00000004   00000004    r-- .const:ti_sysbios_family_arm_m3_Hwi_numSparseInterrupts__C
  000004ac    000004ac    00000004   00000004    r-- .const:ti_sysbios_family_arm_m3_Hwi_priGroup__C
  000004b0    000004b0    00000004   00000004    r-- .const:ti_sysbios_family_arm_m3_TaskSupport_stackAlignment__C
  000004b4    000004b4    00000004   00000004    r-- .const:ti_sysbios_heaps_HeapMem_E_memory__C
  000004b8    000004b8    00000004   00000004    r-- .const:ti_sysbios_heaps_HeapMem_Module__gateObj__C
  000004bc    000004bc    00000004   00000004    r-- .const:ti_sysbios_heaps_HeapMem_Object__count__C
  000004c0    000004c0    00000004   00000004    r-- .const:ti_sysbios_heaps_HeapMem_Object__table__C
  000004c4    000004c4    00000004   00000004    r-- .const:ti_sysbios_heaps_HeapMem_reqAlign__C
  000004c8    000004c8    00000004   00000004    r-- .const:ti_sysbios_knl_Clock_serviceMargin__C
  000004cc    000004cc    00000004   00000004    r-- .const:ti_sysbios_knl_Mailbox_Object__count__C
  000004d0    000004d0    00000004   00000004    r-- .const:ti_sysbios_knl_Mailbox_Object__table__C
  000004d4    000004d4    00000004   00000004    r-- .const:ti_sysbios_knl_Queue_Object__count__C
  000004d8    000004d8    00000004   00000004    r-- .const:ti_sysbios_knl_Queue_Object__table__C
  000004dc    000004dc    00000004   00000004    r-- .const:ti_sysbios_knl_Swi_Object__count__C
  000004e0    000004e0    00000004   00000004    r-- .const:ti_sysbios_knl_Swi_Object__table__C
  000004e4    000004e4    00000004   00000004    r-- .const:ti_sysbios_knl_Swi_numPriorities__C
  000004e8    000004e8    00000004   00000004    r-- .const:ti_sysbios_knl_Task_Object__count__C
  000004ec    000004ec    00000004   00000004    r-- .const:ti_sysbios_knl_Task_Object__table__C
  000004f0    000004f0    00000004   00000004    r-- .const:ti_sysbios_knl_Task_allBlockedFunc__C
  000004f4    000004f4    00000004   00000004    r-- .const:ti_sysbios_knl_Task_defaultStackHeap__C
  000004f8    000004f8    00000004   00000004    r-- .const:ti_sysbios_knl_Task_defaultStackSize__C
  000004fc    000004fc    00000004   00000004    r-- .const:ti_sysbios_knl_Task_numConstructedTasks__C
  00000500    00000500    00000002   00000002    r-x .text.3
  00000502    00000502    00000002   00000002    r-- .const:ti_sysbios_family_arm_cc26xx_Timer_Module__id__C
  00000504    00000504    00000002   00000002    r-- .const:ti_sysbios_family_arm_cc26xx_TimestampProvider_useClockTimer__C
  00000506    00000506    00000002   00000002    r-- .const:ti_sysbios_family_arm_m3_Hwi_Module__id__C
  00000508    00000508    00000002   00000002    r-- .const:ti_sysbios_gates_GateHwi_Module__id__C
  0000050a    0000050a    00000002   00000002    r-- .const:ti_sysbios_gates_GateMutex_Module__id__C
  0000050c    0000050c    00000002   00000002    r-- .const:ti_sysbios_heaps_HeapMem_Module__id__C
  0000050e    0000050e    00000002   00000002    r-- .const:ti_sysbios_knl_Task_initStackFlag__C
  00000510    00000510    00000001   00000001    r-- .const:ti_sysbios_knl_Clock_tickMode__C
  00000514    00000514    00000008   00000008    r-- .const:xdc_runtime_Startup_firstFxns__C
  0000051c    0000051c    00000008   00000008    r-- .const:xdc_runtime_Startup_lastFxns__C
  00000524    00000524    00000004   00000004    r-- .const:xdc_runtime_Assert_E_assertFailed__C
  00000528    00000528    00000004   00000004    r-- .const:xdc_runtime_Error_E_memory__C
  0000052c    0000052c    00000004   00000004    r-- .const:xdc_runtime_Error_policyFxn__C
  00000530    00000530    00000004   00000004    r-- .const:xdc_runtime_IGateProvider_Interface__BASE__C
  00000534    00000534    00000004   00000004    r-- .const:xdc_runtime_IHeap_Interface__BASE__C
  00000538    00000538    00000004   00000004    r-- .const:xdc_runtime_IModule_Interface__BASE__C
  0000053c    0000053c    00000004   00000004    r-- .const:xdc_runtime_Main_Module__diagsEnabled__C
  00000540    00000540    00000004   00000004    r-- .const:xdc_runtime_Main_Module__diagsIncluded__C
  00000544    00000544    00000004   00000004    r-- .const:xdc_runtime_Main_Module__diagsMask__C
  00000548    00000548    00000004   00000004    r-- .const:xdc_runtime_Memory_defaultHeapInstance__C
  0000054c    0000054c    00000004   00000004    r-- .const:xdc_runtime_Startup_execImpl__C
  00000550    00000550    00000004   00000004    r-- .const:xdc_runtime_Startup_maxPasses__C
  00000554    00000554    00000004   00000004    r-- .const:xdc_runtime_Startup_sfxnRts__C
  00000558    00000558    00000004   00000004    r-- .const:xdc_runtime_Startup_sfxnTab__C
  0000055c    0000055c    00000004   00000004    r-- .const:xdc_runtime_Startup_startModsFxn__C
  00000560    00000560    00000004   00000004    r-- .const:xdc_runtime_SysCallback_abortFxn__C
  00000564    00000564    00000004   00000004    r-- .const:xdc_runtime_SysCallback_exitFxn__C
  00000568    00000568    00000004   00000004    r-- .const:xdc_runtime_System_abortFxn__C
  0000056c    0000056c    00000004   00000004    r-- .const:xdc_runtime_System_exitFxn__C
  00000570    00000570    00000004   00000004    r-- .const:xdc_runtime_System_maxAtexitHandlers__C
  00000574    00000574    00000004   00000004    r-- .const:xdc_runtime_Text_charTab__C
  00000578    00000578    00000004   00000004    r-- .const:xdc_runtime_Text_nameEmpty__C
  0000057c    0000057c    00000004   00000004    r-- .const:xdc_runtime_Text_nameStatic__C
  00000580    00000580    00000004   00000004    r-- .const:xdc_runtime_Text_nameUnknown__C
  00000584    00000584    00000002   00000002    r-- .const:xdc_runtime_Main_Module__id__C
  00000586    00000586    00000002   00000002    r-- .const:xdc_runtime_Memory_Module__id__C
  00000588    00000588    00000002   00000002    r-- .const:xdc_runtime_Text_charCnt__C
  0000058a    0000058a    00000002   00000002    r-- .const:xdc_runtime_Text_isLoaded__C
  0000058c    0000058c    00000001   00000001    r-- .const:xdc_runtime_Error_policy__C
  00000590    00000590    00000004   00000004    r-- .const:ti_sysbios_rom_ROM_AONRTCChannelEnable
  00000594    00000594    00000004   00000004    r-- .const:ti_sysbios_rom_ROM_AONRTCCompareValueSet
  00000598    00000598    00000004   00000004    r-- .const:ti_sysbios_rom_ROM_AONRTCCurrentCompareValueGet
  0000059c    0000059c    00000004   00000004    r-- .const:ti_sysbios_rom_ROM_AONRTCEventClear
  000005a0    000005a0    00000004   00000004    r-- .const:ti_sysbios_rom_ROM_ti_sysbios_family_arm_cc26xx_Timer_getCount64__E
  000005a4    000005a4    00000004   00000004    r-- .const:ti_sysbios_rom_ROM_ti_sysbios_family_arm_cc26xx_Timer_getCurrentTick__E
  000005a8    000005a8    00000004   00000004    r-- .const:ti_sysbios_rom_ROM_ti_sysbios_family_arm_cc26xx_Timer_getMaxTicks__E
  000005ac    000005ac    00000004   00000004    r-- .const:ti_sysbios_rom_ROM_ti_sysbios_family_arm_cc26xx_Timer_initDevice__I
  000005b0    000005b0    00000004   00000004    r-- .const:ti_sysbios_rom_ROM_ti_sysbios_family_arm_cc26xx_Timer_setNextTick__E
  000005b4    000005b4    00000004   00000004    r-- .const:ti_sysbios_rom_ROM_ti_sysbios_family_arm_cc26xx_Timer_setThreshold__I
  000005b8    000005b8    00000004   00000004    r-- .const:ti_sysbios_rom_ROM_ti_sysbios_family_arm_cc26xx_Timer_start__E
  000005bc    000005bc    00000004   00000004    r-- .const:ti_sysbios_rom_ROM_ti_sysbios_family_arm_cc26xx_TimestampProvider_get32__E
  000005c0    000005c0    00000004   00000004    r-- .const:ti_sysbios_rom_ROM_xdc_runtime_Startup_getState__I
  000005c4    000005c4    00000004   00000004    r-- .const:ti_sysbios_rom_ROM_xdc_runtime_System_SupportProxy_abort__E
  000005c8    000005c8    00000004   00000004    r-- .const:ti_sysbios_rom_ROM_xdc_runtime_System_SupportProxy_exit__E
  000005cc    000005cc    00000004   00000004    r-- .const:ti_sysbios_gates_GateMutex_Instance_State_sem__O
  000005d0    000005d0    00000004   00000004    r-- .const:ti_sysbios_knl_Clock_Module_State_clockQ__O
  000005d4    000005d4    00000004   00000004    r-- .const:ti_sysbios_knl_Mailbox_Instance_State_dataQue__O
  000005d8    000005d8    00000004   00000004    r-- .const:ti_sysbios_knl_Mailbox_Instance_State_dataSem__O
  000005dc    000005dc    00000004   00000004    r-- .const:ti_sysbios_knl_Mailbox_Instance_State_freeQue__O
  000005e0    000005e0    00000004   00000004    r-- .const:ti_sysbios_knl_Mailbox_Instance_State_freeSem__O
  000005e4    000005e4    00000004   00000004    r-- .const:ti_sysbios_knl_Semaphore_Instance_State_pendQ__O
  000005e8    000005e8    00000004   00000004    r-- .const:ti_sysbios_knl_Task_Module_State_inactiveQ__O
  000005ec    000005ec    00008fe0   00008fe0    r-x .text.4
  000095cc    000095cc    00000306   00000306    r-- .const
  000098d8    000098d8    00000410   00000410    r-- .cinit
0001ffa8    0001ffa8    00000058   00000058    r--
  0001ffa8    0001ffa8    00000058   00000058    r-- .ccfg
20000000    20000000    000000c8   00000000    rw-
  20000000    20000000    000000c8   00000000    rw- .vecs
20000100    20000100    00002818   00000000    rw-
  20000100    20000100    00000044   00000000    rw- .data:ti_sysbios_knl_Task_Module__state__V
  20000144    20000144    00000034   00000000    rw- .data:ti_sysbios_family_arm_m3_Hwi_Module__state__V
  20000178    20000178    0000002c   00000000    rw- .data:ti_sysbios_knl_Clock_Module__state__V
  200001a4    200001a4    00000024   00000000    rw- .data:ti_sysbios_BIOS_Module__state__V
  200001c8    200001c8    0000001c   00000000    rw- .data:ti_sysbios_knl_Swi_Module__state__V
  200001e4    200001e4    00000008   00000000    rw- .data:ti_sysbios_family_arm_cc26xx_Timer_Module__state__V
  200001ec    200001ec    00000004   00000000    rw- .data:ti_sysbios_family_arm_cc26xx_TimestampProvider_Module__state__V
  200001f0    200001f0    00000008   00000000    rw- .data:xdc_runtime_Startup_Module__state__V
  200001f8    200001f8    00000008   00000000    rw- .data:xdc_runtime_System_Module__state__V
  20000200    20000200    00000004   00000000    rw- .data:xdc_runtime_Memory_Module__state__V
  20000208    20000208    00002038   00000000    rw- .bss
  20002240    20002240    000006d8   00000000    rw- .data
20003fe4    20003fe4    00000400   00000000    rw-
  20003fe4    20003fe4    00000400   00000000    rw- .stack


SECTION ALLOCATION MAP

 output                                  attributes/
section   page    origin      length       input sections
--------  ----  ----------  ----------   ----------------
.resetVecs 
*          0    00000000    0000003c     
                  00000000    0000003c     appBLE_pem3.oem3 (.resetVecs)

.const:ti_sysbios_knl_Task_Object__PARAMS__C 
*          0    00000100    0000003c     
                  00000100    0000003c     appBLE_pem3.oem3 (.const:ti_sysbios_knl_Task_Object__PARAMS__C)

.const:ti_sysbios_knl_Mailbox_Object__PARAMS__C 
*          0    0000013c    00000034     
                  0000013c    00000034     appBLE_pem3.oem3 (.const:ti_sysbios_knl_Mailbox_Object__PARAMS__C)

.const:ti_sysbios_family_arm_m3_Hwi_Object__PARAMS__C 
*          0    00000170    00000030     
                  00000170    00000030     appBLE_pem3.oem3 (.const:ti_sysbios_family_arm_m3_Hwi_Object__PARAMS__C)

.const:ti_sysbios_hal_Hwi_Object__PARAMS__C 
*          0    000001a0    0000002c     
                  000001a0    0000002c     appBLE_pem3.oem3 (.const:ti_sysbios_hal_Hwi_Object__PARAMS__C)

.const:ti_sysbios_heaps_HeapMem_Module__FXNS__C 
*          0    000001cc    00000028     
                  000001cc    00000028     appBLE_pem3.oem3 (.const:ti_sysbios_heaps_HeapMem_Module__FXNS__C)

.const:ti_sysbios_knl_Swi_Object__PARAMS__C 
*          0    000001f4    00000028     
                  000001f4    00000028     appBLE_pem3.oem3 (.const:ti_sysbios_knl_Swi_Object__PARAMS__C)

.const:ti_sysbios_gates_GateHwi_Module__FXNS__C 
*          0    0000021c    00000024     
                  0000021c    00000024     appBLE_pem3.oem3 (.const:ti_sysbios_gates_GateHwi_Module__FXNS__C)

.const:ti_sysbios_gates_GateMutex_Module__FXNS__C 
*          0    00000240    00000024     
                  00000240    00000024     appBLE_pem3.oem3 (.const:ti_sysbios_gates_GateMutex_Module__FXNS__C)

.const:ti_sysbios_heaps_HeapMem_Object__PARAMS__C 
*          0    00000264    00000024     
                  00000264    00000024     appBLE_pem3.oem3 (.const:ti_sysbios_heaps_HeapMem_Object__PARAMS__C)

.const:ti_sysbios_knl_Clock_Object__PARAMS__C 
*          0    00000288    00000024     
                  00000288    00000024     appBLE_pem3.oem3 (.const:ti_sysbios_knl_Clock_Object__PARAMS__C)

.const:ti_sysbios_knl_Semaphore_Object__PARAMS__C 
*          0    000002ac    00000024     
                  000002ac    00000024     appBLE_pem3.oem3 (.const:ti_sysbios_knl_Semaphore_Object__PARAMS__C)

.const:ti_sysbios_family_arm_m3_Hwi_Object__DESC__C 
*          0    000002d0    00000020     
                  000002d0    00000020     appBLE_pem3.oem3 (.const:ti_sysbios_family_arm_m3_Hwi_Object__DESC__C)

.const:ti_sysbios_gates_GateHwi_Object__DESC__C 
*          0    000002f0    00000020     
                  000002f0    00000020     appBLE_pem3.oem3 (.const:ti_sysbios_gates_GateHwi_Object__DESC__C)

.const:ti_sysbios_gates_GateMutex_Object__DESC__C 
*          0    00000310    00000020     
                  00000310    00000020     appBLE_pem3.oem3 (.const:ti_sysbios_gates_GateMutex_Object__DESC__C)

.const:ti_sysbios_hal_Hwi_Object__DESC__C 
*          0    00000330    00000020     
                  00000330    00000020     appBLE_pem3.oem3 (.const:ti_sysbios_hal_Hwi_Object__DESC__C)

.const:ti_sysbios_heaps_HeapMem_Object__DESC__C 
*          0    00000350    00000020     
                  00000350    00000020     appBLE_pem3.oem3 (.const:ti_sysbios_heaps_HeapMem_Object__DESC__C)

.const:ti_sysbios_knl_Clock_Object__DESC__C 
*          0    00000370    00000020     
                  00000370    00000020     appBLE_pem3.oem3 (.const:ti_sysbios_knl_Clock_Object__DESC__C)

.const:ti_sysbios_knl_Mailbox_Object__DESC__C 
*          0    00000390    00000020     
                  00000390    00000020     appBLE_pem3.oem3 (.const:ti_sysbios_knl_Mailbox_Object__DESC__C)

.const:ti_sysbios_knl_Queue_Object__DESC__C 
*          0    000003b0    00000020     
                  000003b0    00000020     appBLE_pem3.oem3 (.const:ti_sysbios_knl_Queue_Object__DESC__C)

.const:ti_sysbios_knl_Semaphore_Object__DESC__C 
*          0    000003d0    00000020     
                  000003d0    00000020     appBLE_pem3.oem3 (.const:ti_sysbios_knl_Semaphore_Object__DESC__C)

.const:ti_sysbios_knl_Swi_Object__DESC__C 
*          0    000003f0    00000020     
                  000003f0    00000020     appBLE_pem3.oem3 (.const:ti_sysbios_knl_Swi_Object__DESC__C)

.const:ti_sysbios_knl_Task_Object__DESC__C 
*          0    00000410    00000020     
                  00000410    00000020     appBLE_pem3.oem3 (.const:ti_sysbios_knl_Task_Object__DESC__C)

.const:ti_sysbios_gates_GateHwi_Object__PARAMS__C 
*          0    00000430    00000018     
                  00000430    00000018     appBLE_pem3.oem3 (.const:ti_sysbios_gates_GateHwi_Object__PARAMS__C)

.const:ti_sysbios_gates_GateMutex_Object__PARAMS__C 
*          0    00000448    00000018     
                  00000448    00000018     appBLE_pem3.oem3 (.const:ti_sysbios_gates_GateMutex_Object__PARAMS__C)

.const:ti_sysbios_knl_Queue_Object__PARAMS__C 
*          0    00000460    00000018     
                  00000460    00000018     appBLE_pem3.oem3 (.const:ti_sysbios_knl_Queue_Object__PARAMS__C)

.const:ti_sysbios_knl_Idle_funcList__C 
*          0    00000478    00000008     
                  00000478    00000008     appBLE_pem3.oem3 (.const:ti_sysbios_knl_Idle_funcList__C)

.const:ti_sysbios_family_arm_cc26xx_Timer_startupNeeded__C 
*          0    00000484    00000004     
                  00000484    00000004     appBLE_pem3.oem3 (.const:ti_sysbios_family_arm_cc26xx_Timer_startupNeeded__C)

.const:ti_sysbios_family_arm_m3_Hwi_E_alreadyDefined__C 
*          0    00000488    00000004     
                  00000488    00000004     appBLE_pem3.oem3 (.const:ti_sysbios_family_arm_m3_Hwi_E_alreadyDefined__C)

.const:ti_sysbios_family_arm_m3_Hwi_E_hwiLimitExceeded__C 
*          0    0000048c    00000004     
                  0000048c    00000004     appBLE_pem3.oem3 (.const:ti_sysbios_family_arm_m3_Hwi_E_hwiLimitExceeded__C)

.const:ti_sysbios_family_arm_m3_Hwi_NUM_INTERRUPTS__C 
*          0    00000490    00000004     
                  00000490    00000004     appBLE_pem3.oem3 (.const:ti_sysbios_family_arm_m3_Hwi_NUM_INTERRUPTS__C)

.const:ti_sysbios_family_arm_m3_Hwi_Object__count__C 
*          0    00000494    00000004     
                  00000494    00000004     appBLE_pem3.oem3 (.const:ti_sysbios_family_arm_m3_Hwi_Object__count__C)

.const:ti_sysbios_family_arm_m3_Hwi_Object__table__C 
*          0    00000498    00000004     
                  00000498    00000004     appBLE_pem3.oem3 (.const:ti_sysbios_family_arm_m3_Hwi_Object__table__C)

.const:ti_sysbios_family_arm_m3_Hwi_ccr__C 
*          0    0000049c    00000004     
                  0000049c    00000004     appBLE_pem3.oem3 (.const:ti_sysbios_family_arm_m3_Hwi_ccr__C)

.const:ti_sysbios_family_arm_m3_Hwi_excHandlerFunc__C 
*          0    000004a0    00000004     
                  000004a0    00000004     appBLE_pem3.oem3 (.const:ti_sysbios_family_arm_m3_Hwi_excHandlerFunc__C)

.const:ti_sysbios_family_arm_m3_Hwi_nullIsrFunc__C 
*          0    000004a4    00000004     
                  000004a4    00000004     appBLE_pem3.oem3 (.const:ti_sysbios_family_arm_m3_Hwi_nullIsrFunc__C)

.const:ti_sysbios_family_arm_m3_Hwi_numSparseInterrupts__C 
*          0    000004a8    00000004     
                  000004a8    00000004     appBLE_pem3.oem3 (.const:ti_sysbios_family_arm_m3_Hwi_numSparseInterrupts__C)

.const:ti_sysbios_family_arm_m3_Hwi_priGroup__C 
*          0    000004ac    00000004     
                  000004ac    00000004     appBLE_pem3.oem3 (.const:ti_sysbios_family_arm_m3_Hwi_priGroup__C)

.const:ti_sysbios_family_arm_m3_TaskSupport_stackAlignment__C 
*          0    000004b0    00000004     
                  000004b0    00000004     appBLE_pem3.oem3 (.const:ti_sysbios_family_arm_m3_TaskSupport_stackAlignment__C)

.const:ti_sysbios_heaps_HeapMem_E_memory__C 
*          0    000004b4    00000004     
                  000004b4    00000004     appBLE_pem3.oem3 (.const:ti_sysbios_heaps_HeapMem_E_memory__C)

.const:ti_sysbios_heaps_HeapMem_Module__gateObj__C 
*          0    000004b8    00000004     
                  000004b8    00000004     appBLE_pem3.oem3 (.const:ti_sysbios_heaps_HeapMem_Module__gateObj__C)

.const:ti_sysbios_heaps_HeapMem_Object__count__C 
*          0    000004bc    00000004     
                  000004bc    00000004     appBLE_pem3.oem3 (.const:ti_sysbios_heaps_HeapMem_Object__count__C)

.const:ti_sysbios_heaps_HeapMem_Object__table__C 
*          0    000004c0    00000004     
                  000004c0    00000004     appBLE_pem3.oem3 (.const:ti_sysbios_heaps_HeapMem_Object__table__C)

.const:ti_sysbios_heaps_HeapMem_reqAlign__C 
*          0    000004c4    00000004     
                  000004c4    00000004     appBLE_pem3.oem3 (.const:ti_sysbios_heaps_HeapMem_reqAlign__C)

.const:ti_sysbios_knl_Clock_serviceMargin__C 
*          0    000004c8    00000004     
                  000004c8    00000004     appBLE_pem3.oem3 (.const:ti_sysbios_knl_Clock_serviceMargin__C)

.const:ti_sysbios_knl_Mailbox_Object__count__C 
*          0    000004cc    00000004     
                  000004cc    00000004     appBLE_pem3.oem3 (.const:ti_sysbios_knl_Mailbox_Object__count__C)

.const:ti_sysbios_knl_Mailbox_Object__table__C 
*          0    000004d0    00000004     
                  000004d0    00000004     appBLE_pem3.oem3 (.const:ti_sysbios_knl_Mailbox_Object__table__C)

.const:ti_sysbios_knl_Queue_Object__count__C 
*          0    000004d4    00000004     
                  000004d4    00000004     appBLE_pem3.oem3 (.const:ti_sysbios_knl_Queue_Object__count__C)

.const:ti_sysbios_knl_Queue_Object__table__C 
*          0    000004d8    00000004     
                  000004d8    00000004     appBLE_pem3.oem3 (.const:ti_sysbios_knl_Queue_Object__table__C)

.const:ti_sysbios_knl_Swi_Object__count__C 
*          0    000004dc    00000004     
                  000004dc    00000004     appBLE_pem3.oem3 (.const:ti_sysbios_knl_Swi_Object__count__C)

.const:ti_sysbios_knl_Swi_Object__table__C 
*          0    000004e0    00000004     
                  000004e0    00000004     appBLE_pem3.oem3 (.const:ti_sysbios_knl_Swi_Object__table__C)

.const:ti_sysbios_knl_Swi_numPriorities__C 
*          0    000004e4    00000004     
                  000004e4    00000004     appBLE_pem3.oem3 (.const:ti_sysbios_knl_Swi_numPriorities__C)

.const:ti_sysbios_knl_Task_Object__count__C 
*          0    000004e8    00000004     
                  000004e8    00000004     appBLE_pem3.oem3 (.const:ti_sysbios_knl_Task_Object__count__C)

.const:ti_sysbios_knl_Task_Object__table__C 
*          0    000004ec    00000004     
                  000004ec    00000004     appBLE_pem3.oem3 (.const:ti_sysbios_knl_Task_Object__table__C)

.const:ti_sysbios_knl_Task_allBlockedFunc__C 
*          0    000004f0    00000004     
                  000004f0    00000004     appBLE_pem3.oem3 (.const:ti_sysbios_knl_Task_allBlockedFunc__C)

.const:ti_sysbios_knl_Task_defaultStackHeap__C 
*          0    000004f4    00000004     
                  000004f4    00000004     appBLE_pem3.oem3 (.const:ti_sysbios_knl_Task_defaultStackHeap__C)

.const:ti_sysbios_knl_Task_defaultStackSize__C 
*          0    000004f8    00000004     
                  000004f8    00000004     appBLE_pem3.oem3 (.const:ti_sysbios_knl_Task_defaultStackSize__C)

.const:ti_sysbios_knl_Task_numConstructedTasks__C 
*          0    000004fc    00000004     
                  000004fc    00000004     appBLE_pem3.oem3 (.const:ti_sysbios_knl_Task_numConstructedTasks__C)

.const:ti_sysbios_family_arm_cc26xx_Timer_Module__id__C 
*          0    00000502    00000002     
                  00000502    00000002     appBLE_pem3.oem3 (.const:ti_sysbios_family_arm_cc26xx_Timer_Module__id__C)

.const:ti_sysbios_family_arm_cc26xx_TimestampProvider_useClockTimer__C 
*          0    00000504    00000002     
                  00000504    00000002     appBLE_pem3.oem3 (.const:ti_sysbios_family_arm_cc26xx_TimestampProvider_useClockTimer__C)

.const:ti_sysbios_family_arm_m3_Hwi_Module__id__C 
*          0    00000506    00000002     
                  00000506    00000002     appBLE_pem3.oem3 (.const:ti_sysbios_family_arm_m3_Hwi_Module__id__C)

.const:ti_sysbios_gates_GateHwi_Module__id__C 
*          0    00000508    00000002     
                  00000508    00000002     appBLE_pem3.oem3 (.const:ti_sysbios_gates_GateHwi_Module__id__C)

.const:ti_sysbios_gates_GateMutex_Module__id__C 
*          0    0000050a    00000002     
                  0000050a    00000002     appBLE_pem3.oem3 (.const:ti_sysbios_gates_GateMutex_Module__id__C)

.const:ti_sysbios_heaps_HeapMem_Module__id__C 
*          0    0000050c    00000002     
                  0000050c    00000002     appBLE_pem3.oem3 (.const:ti_sysbios_heaps_HeapMem_Module__id__C)

.const:ti_sysbios_knl_Task_initStackFlag__C 
*          0    0000050e    00000002     
                  0000050e    00000002     appBLE_pem3.oem3 (.const:ti_sysbios_knl_Task_initStackFlag__C)

.const:ti_sysbios_knl_Clock_tickMode__C 
*          0    00000510    00000001     
                  00000510    00000001     appBLE_pem3.oem3 (.const:ti_sysbios_knl_Clock_tickMode__C)

.const:xdc_runtime_Startup_firstFxns__C 
*          0    00000514    00000008     
                  00000514    00000008     appBLE_pem3.oem3 (.const:xdc_runtime_Startup_firstFxns__C)

.const:xdc_runtime_Startup_lastFxns__C 
*          0    0000051c    00000008     
                  0000051c    00000008     appBLE_pem3.oem3 (.const:xdc_runtime_Startup_lastFxns__C)

.const:xdc_runtime_Assert_E_assertFailed__C 
*          0    00000524    00000004     
                  00000524    00000004     appBLE_pem3.oem3 (.const:xdc_runtime_Assert_E_assertFailed__C)

.const:xdc_runtime_Error_E_memory__C 
*          0    00000528    00000004     
                  00000528    00000004     appBLE_pem3.oem3 (.const:xdc_runtime_Error_E_memory__C)

.const:xdc_runtime_Error_policyFxn__C 
*          0    0000052c    00000004     
                  0000052c    00000004     appBLE_pem3.oem3 (.const:xdc_runtime_Error_policyFxn__C)

.const:xdc_runtime_IGateProvider_Interface__BASE__C 
*          0    00000530    00000004     
                  00000530    00000004     appBLE_pem3.oem3 (.const:xdc_runtime_IGateProvider_Interface__BASE__C)

.const:xdc_runtime_IHeap_Interface__BASE__C 
*          0    00000534    00000004     
                  00000534    00000004     appBLE_pem3.oem3 (.const:xdc_runtime_IHeap_Interface__BASE__C)

.const:xdc_runtime_IModule_Interface__BASE__C 
*          0    00000538    00000004     
                  00000538    00000004     appBLE_pem3.oem3 (.const:xdc_runtime_IModule_Interface__BASE__C)

.const:xdc_runtime_Main_Module__diagsEnabled__C 
*          0    0000053c    00000004     
                  0000053c    00000004     appBLE_pem3.oem3 (.const:xdc_runtime_Main_Module__diagsEnabled__C)

.const:xdc_runtime_Main_Module__diagsIncluded__C 
*          0    00000540    00000004     
                  00000540    00000004     appBLE_pem3.oem3 (.const:xdc_runtime_Main_Module__diagsIncluded__C)

.const:xdc_runtime_Main_Module__diagsMask__C 
*          0    00000544    00000004     
                  00000544    00000004     appBLE_pem3.oem3 (.const:xdc_runtime_Main_Module__diagsMask__C)

.const:xdc_runtime_Memory_defaultHeapInstance__C 
*          0    00000548    00000004     
                  00000548    00000004     appBLE_pem3.oem3 (.const:xdc_runtime_Memory_defaultHeapInstance__C)

.const:xdc_runtime_Startup_execImpl__C 
*          0    0000054c    00000004     
                  0000054c    00000004     appBLE_pem3.oem3 (.const:xdc_runtime_Startup_execImpl__C)

.const:xdc_runtime_Startup_maxPasses__C 
*          0    00000550    00000004     
                  00000550    00000004     appBLE_pem3.oem3 (.const:xdc_runtime_Startup_maxPasses__C)

.const:xdc_runtime_Startup_sfxnRts__C 
*          0    00000554    00000004     
                  00000554    00000004     appBLE_pem3.oem3 (.const:xdc_runtime_Startup_sfxnRts__C)

.const:xdc_runtime_Startup_sfxnTab__C 
*          0    00000558    00000004     
                  00000558    00000004     appBLE_pem3.oem3 (.const:xdc_runtime_Startup_sfxnTab__C)

.const:xdc_runtime_Startup_startModsFxn__C 
*          0    0000055c    00000004     
                  0000055c    00000004     appBLE_pem3.oem3 (.const:xdc_runtime_Startup_startModsFxn__C)

.const:xdc_runtime_SysCallback_abortFxn__C 
*          0    00000560    00000004     
                  00000560    00000004     appBLE_pem3.oem3 (.const:xdc_runtime_SysCallback_abortFxn__C)

.const:xdc_runtime_SysCallback_exitFxn__C 
*          0    00000564    00000004     
                  00000564    00000004     appBLE_pem3.oem3 (.const:xdc_runtime_SysCallback_exitFxn__C)

.const:xdc_runtime_System_abortFxn__C 
*          0    00000568    00000004     
                  00000568    00000004     appBLE_pem3.oem3 (.const:xdc_runtime_System_abortFxn__C)

.const:xdc_runtime_System_exitFxn__C 
*          0    0000056c    00000004     
                  0000056c    00000004     appBLE_pem3.oem3 (.const:xdc_runtime_System_exitFxn__C)

.const:xdc_runtime_System_maxAtexitHandlers__C 
*          0    00000570    00000004     
                  00000570    00000004     appBLE_pem3.oem3 (.const:xdc_runtime_System_maxAtexitHandlers__C)

.const:xdc_runtime_Text_charTab__C 
*          0    00000574    00000004     
                  00000574    00000004     appBLE_pem3.oem3 (.const:xdc_runtime_Text_charTab__C)

.const:xdc_runtime_Text_nameEmpty__C 
*          0    00000578    00000004     
                  00000578    00000004     appBLE_pem3.oem3 (.const:xdc_runtime_Text_nameEmpty__C)

.const:xdc_runtime_Text_nameStatic__C 
*          0    0000057c    00000004     
                  0000057c    00000004     appBLE_pem3.oem3 (.const:xdc_runtime_Text_nameStatic__C)

.const:xdc_runtime_Text_nameUnknown__C 
*          0    00000580    00000004     
                  00000580    00000004     appBLE_pem3.oem3 (.const:xdc_runtime_Text_nameUnknown__C)

.const:xdc_runtime_Main_Module__id__C 
*          0    00000584    00000002     
                  00000584    00000002     appBLE_pem3.oem3 (.const:xdc_runtime_Main_Module__id__C)

.const:xdc_runtime_Memory_Module__id__C 
*          0    00000586    00000002     
                  00000586    00000002     appBLE_pem3.oem3 (.const:xdc_runtime_Memory_Module__id__C)

.const:xdc_runtime_Text_charCnt__C 
*          0    00000588    00000002     
                  00000588    00000002     appBLE_pem3.oem3 (.const:xdc_runtime_Text_charCnt__C)

.const:xdc_runtime_Text_isLoaded__C 
*          0    0000058a    00000002     
                  0000058a    00000002     appBLE_pem3.oem3 (.const:xdc_runtime_Text_isLoaded__C)

.const:ti_sysbios_rom_ROM_AONRTCChannelEnable 
*          0    00000590    00000004     
                  00000590    00000004     appBLE_pem3.oem3 (.const:ti_sysbios_rom_ROM_AONRTCChannelEnable)

.const:ti_sysbios_rom_ROM_AONRTCCompareValueSet 
*          0    00000594    00000004     
                  00000594    00000004     appBLE_pem3.oem3 (.const:ti_sysbios_rom_ROM_AONRTCCompareValueSet)

.const:ti_sysbios_rom_ROM_AONRTCCurrentCompareValueGet 
*          0    00000598    00000004     
                  00000598    00000004     appBLE_pem3.oem3 (.const:ti_sysbios_rom_ROM_AONRTCCurrentCompareValueGet)

.const:ti_sysbios_rom_ROM_AONRTCEventClear 
*          0    0000059c    00000004     
                  0000059c    00000004     appBLE_pem3.oem3 (.const:ti_sysbios_rom_ROM_AONRTCEventClear)

.const:ti_sysbios_rom_ROM_ti_sysbios_family_arm_cc26xx_Timer_getCount64__E 
*          0    000005a0    00000004     
                  000005a0    00000004     appBLE_pem3.oem3 (.const:ti_sysbios_rom_ROM_ti_sysbios_family_arm_cc26xx_Timer_getCount64__E)

.const:ti_sysbios_rom_ROM_ti_sysbios_family_arm_cc26xx_Timer_getCurrentTick__E 
*          0    000005a4    00000004     
                  000005a4    00000004     appBLE_pem3.oem3 (.const:ti_sysbios_rom_ROM_ti_sysbios_family_arm_cc26xx_Timer_getCurrentTick__E)

.const:ti_sysbios_rom_ROM_ti_sysbios_family_arm_cc26xx_Timer_getMaxTicks__E 
*          0    000005a8    00000004     
                  000005a8    00000004     appBLE_pem3.oem3 (.const:ti_sysbios_rom_ROM_ti_sysbios_family_arm_cc26xx_Timer_getMaxTicks__E)

.const:ti_sysbios_rom_ROM_ti_sysbios_family_arm_cc26xx_Timer_setNextTick__E 
*          0    000005b0    00000004     
                  000005b0    00000004     appBLE_pem3.oem3 (.const:ti_sysbios_rom_ROM_ti_sysbios_family_arm_cc26xx_Timer_setNextTick__E)

.const:ti_sysbios_rom_ROM_ti_sysbios_family_arm_cc26xx_Timer_setThreshold__I 
*          0    000005b4    00000004     
                  000005b4    00000004     appBLE_pem3.oem3 (.const:ti_sysbios_rom_ROM_ti_sysbios_family_arm_cc26xx_Timer_setThreshold__I)

.const:ti_sysbios_rom_ROM_ti_sysbios_family_arm_cc26xx_Timer_start__E 
*          0    000005b8    00000004     
                  000005b8    00000004     appBLE_pem3.oem3 (.const:ti_sysbios_rom_ROM_ti_sysbios_family_arm_cc26xx_Timer_start__E)

.const:ti_sysbios_rom_ROM_ti_sysbios_family_arm_cc26xx_TimestampProvider_get32__E 
*          0    000005bc    00000004     
                  000005bc    00000004     appBLE_pem3.oem3 (.const:ti_sysbios_rom_ROM_ti_sysbios_family_arm_cc26xx_TimestampProvider_get32__E)

.const:ti_sysbios_rom_ROM_xdc_runtime_Startup_getState__I 
*          0    000005c0    00000004     
                  000005c0    00000004     appBLE_pem3.oem3 (.const:ti_sysbios_rom_ROM_xdc_runtime_Startup_getState__I)

.const:ti_sysbios_rom_ROM_xdc_runtime_System_SupportProxy_abort__E 
*          0    000005c4    00000004     
                  000005c4    00000004     appBLE_pem3.oem3 (.const:ti_sysbios_rom_ROM_xdc_runtime_System_SupportProxy_abort__E)

.const:ti_sysbios_rom_ROM_xdc_runtime_System_SupportProxy_exit__E 
*          0    000005c8    00000004     
                  000005c8    00000004     appBLE_pem3.oem3 (.const:ti_sysbios_rom_ROM_xdc_runtime_System_SupportProxy_exit__E)

.const:ti_sysbios_knl_Clock_Module_State_clockQ__O 
*          0    000005d0    00000004     
                  000005d0    00000004     appBLE_pem3.oem3 (.const:ti_sysbios_knl_Clock_Module_State_clockQ__O)

.const:ti_sysbios_knl_Mailbox_Instance_State_dataSem__O 
*          0    000005d8    00000004     
                  000005d8    00000004     appBLE_pem3.oem3 (.const:ti_sysbios_knl_Mailbox_Instance_State_dataSem__O)

.const:ti_sysbios_knl_Mailbox_Instance_State_freeQue__O 
*          0    000005dc    00000004     
                  000005dc    00000004     appBLE_pem3.oem3 (.const:ti_sysbios_knl_Mailbox_Instance_State_freeQue__O)

.const:ti_sysbios_knl_Mailbox_Instance_State_freeSem__O 
*          0    000005e0    00000004     
                  000005e0    00000004     appBLE_pem3.oem3 (.const:ti_sysbios_knl_Mailbox_Instance_State_freeSem__O)

.const:ti_sysbios_knl_Semaphore_Instance_State_pendQ__O 
*          0    000005e4    00000004     
                  000005e4    00000004     appBLE_pem3.oem3 (.const:ti_sysbios_knl_Semaphore_Instance_State_pendQ__O)

.cinit     0    000098d8    00000410     
                  000098d8    000002c5     (.cinit..data.load) [load image, compression = lzss]
                  00009b9d    0000002a     (.cinit..data:ti_sysbios_family_arm_m3_Hwi_Module__state__V.load) [load image, compression = lzss]
                  00009bc7    00000021     (.cinit..data:ti_sysbios_knl_Task_Module__state__V.load) [load image, compression = lzss]
                  00009be8    0000001f     (.cinit..data:ti_sysbios_knl_Clock_Module__state__V.load) [load image, compression = lzss]
                  00009c07    0000001e     (.cinit..data:ti_sysbios_BIOS_Module__state__V.load) [load image, compression = lzss]
                  00009c25    00000010     (.cinit..data:ti_sysbios_knl_Swi_Module__state__V.load) [load image, compression = lzss]
                  00009c35    00000003     --HOLE-- [fill = 0]
                  00009c38    0000000c     (__TI_handler_table)
                  00009c44    0000000b     (.cinit..data:ti_sysbios_family_arm_cc26xx_Timer_Module__state__V.load) [load image, compression = lzss]
                  00009c4f    00000001     --HOLE-- [fill = 0]
                  00009c50    00000008     (.cinit..bss.load) [load image, compression = zero_init]
                  00009c58    00000008     (.cinit..data:xdc_runtime_Memory_Module__state__V.load) [load image, compression = lzss]
                  00009c60    00000008     (.cinit..vecs.load) [load image, compression = zero_init]
                  00009c68    00000007     (.cinit..data:ti_sysbios_family_arm_cc26xx_TimestampProvider_Module__state__V.load) [load image, compression = lzss]
                  00009c6f    00000007     (.cinit..data:xdc_runtime_Startup_Module__state__V.load) [load image, compression = lzss]
                  00009c76    00000007     (.cinit..data:xdc_runtime_System_Module__state__V.load) [load image, compression = lzss]
                  00009c7d    00000003     --HOLE-- [fill = 0]
                  00009c80    00000068     (__TI_cinit_table)

.init_array 
*          0    00000000    00000000     UNINITIALIZED

.ccfg      0    0001ffa8    00000058     
                  0001ffa8    00000058     ccfg_appBLE.obj (.ccfg:retain)

.data:ti_sysbios_knl_Task_Module__state__V 
*          0    20000100    00000044     UNINITIALIZED
                  20000100    00000044     appBLE_pem3.oem3 (.data:ti_sysbios_knl_Task_Module__state__V)

.data:ti_sysbios_family_arm_m3_Hwi_Module__state__V 
*          0    20000144    00000034     UNINITIALIZED
                  20000144    00000034     appBLE_pem3.oem3 (.data:ti_sysbios_family_arm_m3_Hwi_Module__state__V)

.data:ti_sysbios_BIOS_Module__state__V 
*          0    200001a4    00000024     UNINITIALIZED
                  200001a4    00000024     appBLE_pem3.oem3 (.data:ti_sysbios_BIOS_Module__state__V)

.data:ti_sysbios_knl_Swi_Module__state__V 
*          0    200001c8    0000001c     UNINITIALIZED
                  200001c8    0000001c     appBLE_pem3.oem3 (.data:ti_sysbios_knl_Swi_Module__state__V)

.data:ti_sysbios_family_arm_cc26xx_Timer_Module__state__V 
*          0    200001e4    00000008     UNINITIALIZED
                  200001e4    00000008     appBLE_pem3.oem3 (.data:ti_sysbios_family_arm_cc26xx_Timer_Module__state__V)

.data:xdc_runtime_System_Module__state__V 
*          0    200001f8    00000008     UNINITIALIZED
                  200001f8    00000008     appBLE_pem3.oem3 (.data:xdc_runtime_System_Module__state__V)

.bss       0    20000208    00002038     UNINITIALIZED
                  20000208    00000a70     ICall.obj (.bss:heapmgrHeapStore)
                  20000c78    00000680     (.common:ti_sysbios_heaps_HeapMem_Instance_State_0_buf__A)
                  200012f8    000002bc     (.common:sbpTaskStack)
                  200015b4    00000208     (.common:gapRoleTaskStack)
                  200017bc    00000004     PINCC26XX.obj (.bss)
                  200017c0    00000200     appBLE_pem3.oem3 (.bss:taskStackSection)
                  200019c0    00000190     cmd.obj (.bss:cmdTaskRxStack)
                  20001b50    00000190     cmd.obj (.bss:cmdTaskStack)
                  20001ce0    000000d0     (.common:uartCC26XXObjects)
                  20001db0    000000c8     (.common:ti_sysbios_family_arm_m3_Hwi_dispatchTable)
                  20001e78    0000007c     (.common:PIN_HandleTable)
                  20001ef4    00000060     ICall.obj (.bss:ICall_entities)
                  20001f54    00000050     cmd.obj (.bss:cmdRxTask)
                  20001fa4    00000050     cmd.obj (.bss:cmdTask)
                  20001ff4    00000050     (.common:gapRoleTask)
                  20002044    00000050     (.common:sbpTask)
                  20002094    0000003c     ICall.obj (.bss:ICall_tasks)
                  200020d0    00000024     peripheral.obj (.bss:startAdvClock)
                  200020f4    00000024     peripheral.obj (.bss:startUpdateClock)
                  20002118    00000024     peripheral.obj (.bss:updateTimeoutClock)
                  2000213c    00000020     PINCC26XX.obj (.bss:PinGpioConfigTable)
                  2000215c    0000001c     PINCC26XX.obj (.bss:PinHwi)
                  20002178    0000001c     PINCC26XX.obj (.bss:PinSem)
                  20002194    00000014     peripheral.obj (.bss)
                  200021a8    00000014     (.common:oscHfGlobals)
                  200021bc    00000010     peripheral.obj (.bss:gapRole_IRK)
                  200021cc    00000010     peripheral.obj (.bss:gapRole_SRK)
                  200021dc    0000000c     ICall.obj (.bss)
                  200021e8    0000000c     MB2640A.obj (.bss)
                  200021f4    0000000c     MB2640A.obj (.bss:appMsg)
                  20002200    0000000c     cmd.obj (.bss:cmdHandshakePins)
                  2000220c    0000000c     UARTCC26XX.obj (.bss:pinState)
                  20002218    00000009     cmd.obj (.bss)
                  20002221    00000001     (.common:driverlib_release_0_43243)
                  20002222    00000001     (.common:linkDBNumConns)
                  20002223    00000001     --HOLE--
                  20002224    00000008     UARTCC26XX.obj (.bss)
                  2000222c    00000008     peripheral.obj (.bss:gapRole_bdAddr)
                  20002234    00000008     (.common:powerQualGlobals)
                  2000223c    00000004     (.common:PIN_NumPins)

.data      0    20002240    000006d8     UNINITIALIZED
                  20002240    00000130     devinfoservice.obj (.data:devInfoAttrTbl)
                  20002370    00000070     appBLE_pem3.oem3 (.data:ti_sysbios_family_arm_cc26xx_Power_Module__state__V)
                  200023e0    0000004c     appBLE_pem3.oem3 (.data:ti_sysbios_knl_Task_Object__table__V)
                  2000242c    00000004     ICall.obj (.data:ICall_initParams)
                  20002430    00000048     appBLE_pem3.oem3 (.data:ti_sysbios_family_arm_cc26xx_Timer_Object__table__V)
                  20002478    00000038     appBLE_pem3.oem3 (.data:ti_sysbios_gates_GateMutex_Object__table__V)
                  200024b0    00000034     bleUserConfig.obj (.data:rfRegTbl)
                  200024e4    00000030     appBLE_pem3.oem3 (.data:ti_sysbios_family_arm_m3_Hwi_Object__table__V)
                  20002514    00000030     appBLE_pem3.oem3 (.data:ti_sysbios_knl_Swi_Module_State_0_readyQ__A)
                  20002544    00000030     appBLE_pem3.oem3 (.data:ti_sysbios_knl_Swi_Object__table__V)
                  20002574    00000030     appBLE_pem3.oem3 (.data:ti_sysbios_knl_Task_Module_State_0_readyQ__A)
                  200025a4    00000028     peripheral.obj (.data)
                  200025cc    00000020     cmd.obj (.data:rxBuf)
                  200025ec    0000001f     peripheral.obj (.data:gapRole_AdvertData)
                  2000260b    0000001f     peripheral.obj (.data:gapRole_ScanRspData)
                  2000262a    00000002     appBLE_pem3.oem3 (.data:ti_sysbios_family_arm_m3_Hwi_Module_State_0_excActive__A)
                  2000262c    0000001c     sysbios.aem3 : mangled__BIOS_lib.obj (.data:$O1$$)
                  20002648    0000001c     cmd.obj (.data:cmdCmdSem)
                  20002664    0000001c     cmd.obj (.data:cmdRxSem)
                  20002680    0000001c     cmd.obj (.data:cmdSBSem)
                  2000269c    0000001c     cmd.obj (.data:cmdTxSem)
                  200026b8    0000001c     main.obj (.data:user0Cfg)
                  200026d4    00000019     MB2640A.obj (.data:scanRspData)
                  200026ed    00000003     --HOLE--
                  200026f0    00000018     appBLE_pem3.oem3 (.data:ti_sysbios_heaps_HeapMem_Object__table__V)
                  20002708    00000015     MB2640A.obj (.data:attDeviceName)
                  2000271d    00000015     devinfoservice.obj (.data:devInfoFirmwareRev)
                  20002732    00000015     devinfoservice.obj (.data:devInfoHardwareRev)
                  20002747    00000015     devinfoservice.obj (.data:devInfoMfrName)
                  2000275c    00000015     devinfoservice.obj (.data:devInfoModelNumber)
                  20002771    00000015     devinfoservice.obj (.data:devInfoSerialNumber)
                  20002786    00000015     devinfoservice.obj (.data:devInfoSoftwareRev)
                  2000279b    00000001     --HOLE--
                  2000279c    00000014     cmd.obj (.data)
                  200027b0    00000013     appBLE_pem3.oem3 (.data:ti_sysbios_family_arm_cc26xx_Power_refCount)
                  200027c3    00000001     --HOLE--
                  200027c4    00000010     Board.obj (.data:BoardGpioInitTable)
                  200027d4    00000010     ICall.obj (.data)
                  200027e4    00000010     cmd.obj (.data:cmdTable)
                  200027f4    00000010     cust_nv.obj (.data:custNV)
                  20002804    0000000e     devinfoservice.obj (.data:defaultDevInfo11073Cert)
                  20002812    00000002     --HOLE--
                  20002814    0000000e     devinfoservice.obj (.data)
                  20002822    00000002     --HOLE--
                  20002824    0000000c     rtsv7M3_T_le_eabi.lib : exit.obj (.data:$O1$$)
                  20002830    0000000c     ICallBleAPI.obj (.data)
                  2000283c    0000000c     cmd.obj (.data:cmdHandshakePinsCfg)
                  20002848    0000000c     cust_nv.obj (.data:custParas)
                  20002854    0000000c     appBLE_pem3.oem3 (.data:ti_sysbios_family_arm_cc26xx_Power_resourceHandlers)
                  20002860    00000008     rtsv7M3_T_le_eabi.lib : _lock.obj (.data:$O1$$)
                  20002868    00000008     ICallCC2650.obj (.data)
                  20002870    00000008     devinfoservice.obj (.data:devInfoSystemId)
                  20002878    00000008     MB2640A.obj (.data:simpleBLEPeripheral_BondMgrCBs)
                  20002880    00000008     appBLE_pem3.oem3 (.data:ti_sysbios_family_arm_m3_Hwi_Module__root__V)
                  20002888    00000008     appBLE_pem3.oem3 (.data:ti_sysbios_gates_GateHwi_Module__root__V)
                  20002890    00000008     appBLE_pem3.oem3 (.data:ti_sysbios_gates_GateMutex_Module__root__V)
                  20002898    00000008     appBLE_pem3.oem3 (.data:ti_sysbios_hal_Hwi_Module__root__V)
                  200028a0    00000008     appBLE_pem3.oem3 (.data:ti_sysbios_heaps_HeapMem_Module__root__V)
                  200028a8    00000008     appBLE_pem3.oem3 (.data:ti_sysbios_knl_Clock_Module__root__V)
                  200028b0    00000008     appBLE_pem3.oem3 (.data:ti_sysbios_knl_Mailbox_Module__root__V)
                  200028b8    00000008     appBLE_pem3.oem3 (.data:ti_sysbios_knl_Queue_Module__root__V)
                  200028c0    00000008     appBLE_pem3.oem3 (.data:ti_sysbios_knl_Semaphore_Module__root__V)
                  200028c8    00000008     appBLE_pem3.oem3 (.data:ti_sysbios_knl_Swi_Module__root__V)
                  200028d0    00000008     appBLE_pem3.oem3 (.data:ti_sysbios_knl_Task_Module__root__V)
                  200028d8    00000007     MB2640A.obj (.data:advertData)
                  200028df    00000007     devinfoservice.obj (.data:devInfoPnpId)
                  200028e6    00000006     peripheral.obj (.data:gapRole_AdvDirectAddr)
                  200028ec    00000006     peripheral.obj (.data:gapRole_ConnectedDevAddr)
                  200028f2    00000002     --HOLE--
                  200028f4    00000005     MB2640A.obj (.data)
                  200028f9    00000005     appBLE_pem3.oem3 (.data:ti_sysbios_family_arm_cc26xx_Power_constraintCounts)
                  200028fe    00000002     --HOLE--
                  20002900    00000004     MB2640A.obj (.data:SimpleBLEPeripheral_gapRoleCBs)
                  20002904    00000004     UART.obj (.data)
                  20002908    00000004     rtsv7M3_T_le_eabi.lib : stkdepth_vars.obj (.data)
                  2000290c    00000004     appBLE_pem3.oem3 (.data:ti_sysbios_family_arm_m3_Hwi_Module_State_0_excContext__A)
                  20002910    00000004     appBLE_pem3.oem3 (.data:ti_sysbios_family_arm_m3_Hwi_Module_State_0_excStack__A)
                  20002914    00000004     appBLE_pem3.oem3 (.data:ti_sysbios_knl_Task_Module_State_0_idleTask__A)

.stack     0    20003fe4    00000400     UNINITIALIZED
                  20003fe4    00000400     --HOLE--

.const:xdc_runtime_Error_policy__C 
*          0    0000058c    00000001     
                  0000058c    00000001     appBLE_pem3.oem3 (.const:xdc_runtime_Error_policy__C)

.const:ti_sysbios_rom_ROM_ti_sysbios_family_arm_cc26xx_Timer_initDevice__I 
*          0    000005ac    00000004     
                  000005ac    00000004     appBLE_pem3.oem3 (.const:ti_sysbios_rom_ROM_ti_sysbios_family_arm_cc26xx_Timer_initDevice__I)

.const:ti_sysbios_gates_GateMutex_Instance_State_sem__O 
*          0    000005cc    00000004     
                  000005cc    00000004     appBLE_pem3.oem3 (.const:ti_sysbios_gates_GateMutex_Instance_State_sem__O)

.const:ti_sysbios_knl_Mailbox_Instance_State_dataQue__O 
*          0    000005d4    00000004     
                  000005d4    00000004     appBLE_pem3.oem3 (.const:ti_sysbios_knl_Mailbox_Instance_State_dataQue__O)

.const:ti_sysbios_knl_Task_Module_State_inactiveQ__O 
*          0    000005e8    00000004     
                  000005e8    00000004     appBLE_pem3.oem3 (.const:ti_sysbios_knl_Task_Module_State_inactiveQ__O)

.data:ti_sysbios_knl_Clock_Module__state__V 
*          0    20000178    0000002c     UNINITIALIZED
                  20000178    0000002c     appBLE_pem3.oem3 (.data:ti_sysbios_knl_Clock_Module__state__V)

.data:ti_sysbios_family_arm_cc26xx_TimestampProvider_Module__state__V 
*          0    200001ec    00000004     UNINITIALIZED
                  200001ec    00000004     appBLE_pem3.oem3 (.data:ti_sysbios_family_arm_cc26xx_TimestampProvider_Module__state__V)

.data:xdc_runtime_Startup_Module__state__V 
*          0    200001f0    00000008     UNINITIALIZED
                  200001f0    00000008     appBLE_pem3.oem3 (.data:xdc_runtime_Startup_Module__state__V)

.data:xdc_runtime_Memory_Module__state__V 
*          0    20000200    00000004     UNINITIALIZED
                  20000200    00000004     appBLE_pem3.oem3 (.data:xdc_runtime_Memory_Module__state__V)

.bootVecs 
*          0    00000000    00000008     DSECT
                  00000000    00000008     boot.aem3 : boot.oem3 (.bootVecs)

.vecs      0    20000000    000000c8     UNINITIALIZED
                  20000000    000000c8     appBLE_pem3.oem3 (.vecs)

xdc.meta   0    00000000    00000121     COPY SECTION
                  00000000    00000121     appBLE_pem3.oem3 (xdc.meta)

xdc.noload 
*          0    00000000    00000000     COPY SECTION

.text.1    0    0000003c    000000c4     
                  0000003c    000000c2     cust_nv.obj (.text:para_restore)
                  000000fe    00000002     appBLE_pem3.oem3 (.text:ti_sysbios_BIOS_nullFunc__I)

.text.2    0    00000480    00000004     
                  00000480    00000004     sysbios.aem3 : mangled__BIOS_lib.obj (.text:CPUwfi$27)

.text.3    0    00000500    00000002     
                  00000500    00000002     sysbios.aem3 : mangled__BIOS_lib.obj (.text:ti_sysbios_family_arm_cc26xx_Power_defaultClockFunc__E)

.text.4    0    000005ec    00008fe0     
                  000005ec    000005ce     driverlib.lib : setup.obj (.text:HapiTrimDeviceShutDown)
                  00000bba    00000002     sysbios.aem3 : mangled__BIOS_lib.obj (.text:ti_sysbios_family_arm_cc26xx_Power_defaultNotifyTrapFunc__E)
                  00000bbc    00000524     peripheral.obj (.text:GAPRole_SetParameter)
                  000010e0    00000418     sysbios.aem3 : mangled__BIOS_lib.obj (.text:ti_sysbios_family_arm_cc26xx_Power_auxISR__E)
                  000014f8    000003b0     peripheral.obj (.text:gapRole_processGAPMsg)
                  000018a8    000002e4     sysbios.aem3 : mangled__BIOS_lib.obj (.text:ti_sysbios_family_arm_cc26xx_Power_sleep__E)
                  00001b8c    0000026c     peripheral.obj (.text:GAPRole_GetParameter)
                  00001df8    00000218     PINCC26XX.obj (.text:PIN_init)
                  00002010    00000218     cmd.obj (.text:cmd_taskRxFxn)
                  00002228    000001f4     devinfoservice.obj (.text:DevInfo_SetParameter)
                  0000241c    000001f4     rtsv7M3_T_le_eabi.lib : ull_div_t2.obj (.text)
                  00002610    000001e0     UARTCC26XX.obj (.text:UARTCC26XX_open)
                  000027f0    000001c4     MB2640A.obj (.text:SimpleBLEPeripheral_init)
                  000029b4    000001aa     driverlib.lib : sys_ctrl.obj (.text:SysCtrlSetRechargeBeforePowerDown)
                  00002b5e    00000002     appBLE_pem3.oem3 (.text:ti_sysbios_rom_cortexm_cc26xx_CC26xx_badRomRevision__E)
                  00002b60    000001a0     devinfoservice.obj (.text:devInfo_ReadAttrCB)
                  00002d00    00000194     MB2640A.obj (.text:SimpleBLEPeripheral_processStateChangeEvt)
                  00002e94    00000168     UARTCC26XX.obj (.text:UARTCC26XX_hwiIntFxn)
                  00002ffc    00000164     peripheral.obj (.text:gapRole_taskFxn)
                  00003160    0000014c     ICall.obj (.text:ICall_heapMalloc)
                  000032ac    0000013c     ICall.obj (.text:ICall_primWaitMatch)
                  000033e8    0000012e     cust_nv.obj (.text:para_read)
                  00003516    00000002     sysbios.aem3 : mangled__BIOS_lib.obj (.text:xdc_runtime_SysCallback_defaultAbort)
                  00003518    0000012c     PINCC26XX.obj (.text:PINCC26XX_setIoCfg)
                  00003644    00000110     UARTCC26XX.obj (.text:UARTCC26XX_write)
                  00003754    00000110     cust_nv.obj (.text:pin_compress)
                  00003864    00000108     PINCC26XX.obj (.text:PIN_open)
                  0000396c    000000f8     peripheral.obj (.text:gapRole_init)
                  00003a64    000000f4     cmd.obj (.text:cmd_taskFxn)
                  00003b58    000000ee     cust_nv.obj (.text:para_write)
                  00003c46    00000002     sysbios.aem3 : mangled__BIOS_lib.obj (.text:xdc_runtime_SysCallback_defaultExit)
                  00003c48    000000e8     UARTCC26XX.obj (.text:UARTCC26XX_initHw)
                  00003d30    000000e4     MB2640A_util.obj (.text:Util_convertAddr2Str)
                  00003e14    000000e0     cmd.obj (.text:Cmd_createTask)
                  00003ef4    000000d8     UARTCC26XX.obj (.text:UARTCC26XX_initIO)
                  00003fcc    000000d8     sysbios.aem3 : mangled__BIOS_lib.obj (.text:ti_sysbios_family_arm_cc26xx_Power_setDependency__E)
                  000040a4    000000d0                  : mangled__BIOS_lib.obj (.text:ti_sysbios_family_arm_cc26xx_Power_releaseDependency__E)
                  00004174    000000d0                  : mangled__BIOS_lib.obj (.text:ti_sysbios_family_arm_cc26xx_Power_startFirstMeasurement__E)
                  00004244    000000cc                  : mangled__BIOS_lib.obj (.text:ti_sysbios_family_arm_cc26xx_Power_standbyPolicy__E)
                  00004310    000000c8     peripheral.obj (.text:gapRole_startConnUpdate)
                  000043d8    000000c4     ICall.obj (.text:ICall_primEnroll)
                  0000449c    000000c4     ICall.obj (.text:ICall_primSetTimer)
                  00004560    000000bc     UARTCC26XX.obj (.text:UARTCC26XX_read)
                  0000461c    000000b8     MB2640A.obj (.text:SimpleBLEPeripheral_taskFxn)
                  000046d4    000000b4     sysbios.aem3 : mangled__BIOS_lib.obj (.text:ti_sysbios_knl_Clock_workFuncDynamic__E)
                  00004788    000000b4     driverlib.lib : setup.obj (.text:trimDevice)
                  0000483c    000000b0     ICall.obj (.text:ICall_primRegisterApp)
                  000048ec    000000ac     peripheral.obj (.text:GAPRole_SendUpdateParam)
                  00004998    000000a8     ICallCC2650.obj (.text:ICallPlatform_pwrRegisterNotify)
                  00004a40    000000a8     ICall.obj (.text:ICall_primThreadServes)
                  00004ae8    000000a4     ICall.obj (.text:ICall_newTask)
                  00004b8c    000000a4     sysbios.aem3 : mangled__BIOS_lib.obj (.text:ti_sysbios_family_arm_cc26xx_Power_initiateCalibration__E)
                  00004c30    000000a0     auto_init.aem3 : auto_init.oem3 (.text)
                  00004cd0    0000009c     ICall.obj (.text:ICall_createRemoteTasks)
                  00004d6c    0000009c     rtsv7M3_T_le_eabi.lib : memcpy_t2.obj (.text)
                  00004e08    00000098     ICall.obj (.text:ICall_primSend)
                  00004ea0    00000098     PINCC26XX.obj (.text:PIN_remove)
                  00004f38    00000098     UARTCC26XX.obj (.text:writeTxFifoFlush)
                  00004fd0    00000094     driverlib.lib : osc.obj (.text:OSCHF_GetStartupTime)
                  00005064    00000094     UARTCC26XX.obj (.text:writeFinishedDoCallback)
                  000050f8    00000090     ICall.obj (.text:ICall_primGetEntityId)
                  00005188    00000090     UARTCC26XX.obj (.text:UARTCC26XX_close)
                  00005218    0000008c     ICallCC2650.obj (.text:ICallPlatform_pwrUpdActivityCounter)
                  000052a4    0000008c     UARTCC26XX.obj (.text:UARTCC26XX_writeCancel)
                  00005330    0000008c     sysbios.aem3 : mangled__BIOS_lib.obj (.text:ti_sysbios_family_arm_cc26xx_Power_LF_clockFunc__E)
                  000053bc    0000008c                  : mangled__BIOS_lib.obj (.text:ti_sysbios_family_arm_cc26xx_Power_Module_startup__E)
                  00005448    00000088                  : mangled__BIOS_lib.obj (.text:ti_sysbios_family_arm_cc26xx_Timer_start__E)
                  000054d0    00000084     ICall.obj (.text:ICall_primWait)
                  00005554    0000007e     ringbuff.obj (.text:IsValidIndex)
                  000055d2    0000007e     ringbuff.obj (.text:Ringbuff_pop)
                  00005650    0000007e     cust_nv.obj (.text:pin_decompress)
                  000056ce    0000007c     driverlib.lib : chipinfo.obj (.text:ChipInfo_GetHwRevision)
                  0000574a    0000007c     MB2640A_util.obj (.text:Util_crc8)
                  000057c6    0000007a     rtsv7M3_T_le_eabi.lib : memset_t2.obj (.text)
                  00005840    00000076     ICallBleAPI.obj (.text:sendWaitMatchValueCS)
                  000058b6    00000002     --HOLE-- [fill = 0]
                  000058b8    00000074     cust_nv.obj (.text:CustNV_init)
                  0000592c    00000074     UARTCC26XX.obj (.text:UARTCC26XX_readCancel)
                  000059a0    00000070     peripheral.obj (.text:gapRole_processStackMsg)
                  00005a10    0000006e     driverlib.lib : osc.obj (.text:OSCHF_AttemptToSwitchToXosc)
                  00005a7e    00000002     --HOLE-- [fill = 0]
                  00005a80    0000006c     ICallBleAPI.obj (.text:GAP_DeviceInit)
                  00005aec    0000006c     ICallBleAPI.obj (.text:GAP_UpdateAdvertisingData)
                  00005b58    0000006c     ICall.obj (.text:ICall_init)
                  00005bc4    0000006c     ringbuff.obj (.text:Ringbuff_push)
                  00005c30    0000006c     cmd.obj (.text:cmd_remRdyPINHwiFxn)
                  00005c9c    0000006c     UARTCC26XX.obj (.text:startTxFifoEmptyClk)
                  00005d08    00000068     ringbuff.obj (.text:Ringbuff_init)
                  00005d70    00000068     rtsv7M3_T_le_eabi.lib : copy_decompress_lzss.obj (.text:decompress:lzss)
                  00005dd8    00000068     ICallBleAPI.obj (.text:sendWaitMatchCS)
                  00005e40    00000066     driverlib.lib : sys_ctrl.obj (.text:SysCtrl_DCDC_VoltageConditionalControl)
                  00005ea6    00000002     --HOLE-- [fill = 0]
                  00005ea8    00000064     ICall.obj (.text:ICall_searchTask)
                  00005f0c    00000064     PINCC26XX.obj (.text:PIN_Isr)
                  00005f70    00000062     driverlib.lib : sys_ctrl.obj (.text:SysCtrlAdjustRechargeAfterPowerDown)
                  00005fd2    00000002     --HOLE-- [fill = 0]
                  00005fd4    00000060     ICall.obj (.text:ICall_searchServiceEntity)
                  00006034    00000060     MB2640A.obj (.text:SimpleBLEPeripheral_sendAttRsp)
                  00006094    00000060     util.obj (.text:Util_constructClock)
                  000060f4    00000060     cmd.obj (.text:cmd_hdlFxn)
                  00006154    00000060     appBLE_pem3.oem3 (.text:ti_sysbios_family_arm_cc26xx_Power_XOSC_HF_clockFunc__E)
                  000061b4    00000060     sysbios.aem3 : mangled__BIOS_lib.obj (.text:ti_sysbios_family_arm_cc26xx_Timer_setNextTick__E)
                  00006214    0000005c     ICallBleAPI.obj (.text:GAPBondMgr_LinkEst)
                  00006270    0000005c     ICallBleAPI.obj (.text:GATTServApp_RegisterService)
                  000062cc    0000005c     ICall.obj (.text:ICall_msecs2Ticks)
                  00006328    0000005c     ICall.obj (.text:ICall_primEntityId2ServiceId)
                  00006384    0000005c     ICallBleAPI.obj (.text:hciSendParamsCmd)
                  000063e0    0000005c     ICallBleAPI.obj (.text:matchGapSetGetParamCS)
                  0000643c    0000005c     ICallBleAPI.obj (.text:matchUtilNvCS)
                  00006498    0000005c     UARTCC26XX.obj (.text:readData)
                  000064f4    0000005c     appBLE_pem3.oem3 (.text:xdc_runtime_Startup_getState__I)
                  00006550    0000005a     ringbuff.obj (.text:Ringbuff_read)
                  000065aa    00000002     --HOLE-- [fill = 0]
                  000065ac    00000058     ICallBleAPI.obj (.text:GAP_TerminateLinkReq)
                  00006604    00000058     ICall.obj (.text:ICall_primGetMaxMSecs)
                  0000665c    00000058     driverlib.lib : osc.obj (.text:OSCHF_SwitchToRcOscTurnOffXosc)
                  000066b4    00000058     UART.obj (.text:UART_init)
                  0000670c    00000058     sysbios.aem3 : mangled__BIOS_lib.obj (.text:tdcPerformRcOscMeasurement$28)
                  00006764    00000058                  : mangled__BIOS_lib.obj (.text:ti_sysbios_family_arm_cc26xx_Power_notify__I)
                  000067bc    00000058     UARTCC26XX.obj (.text:writeData)
                  00006814    00000056     ICallCC2650.obj (.text:ICallPlatform_pwrNotify)
                  0000686a    00000056     ICall.obj (.text:ICall_primCreateTask)
                  000068c0    00000056     driverlib.lib : ddi.obj (.text:NOROM_DDI16BitfieldWrite)
                  00006916    00000056     ICallBleAPI.obj (.text:matchProfileAddServiceCS)
                  0000696c    00000054     ICall.obj (.text:ICall_heapInit)
                  000069c0    00000054     ICall.obj (.text:ICall_primFetchMsg)
                  00006a14    00000054     ICallBleAPI.obj (.text:ICall_waitMatch)
                  00006a68    00000054     ICallBleAPI.obj (.text:profileSetParameter)
                  00006abc    00000054     rtsv7M3_T_le_eabi.lib : exit.obj (.text)
                  00006b10    00000052     ICall.obj (.text:ICall_msgEnqueue)
                  00006b62    00000052     driverlib.lib : osc.obj (.text:NOROM_OSCClockSourceSet)
                  00006bb4    00000052     ICallBleAPI.obj (.text:gapSendParamAndPtrCmd)
                  00006c06    00000002     --HOLE-- [fill = 0]
                  00006c08    00000050     ICallBleAPI.obj (.text:GAPBondMgr_SetParameter)
                  00006c58    00000050     ICallBleAPI.obj (.text:GATT_SendRsp)
                  00006ca8    00000050     ICall.obj (.text:ICall_primCreateSemaphore)
                  00006cf8    00000050     cmd.obj (.text:cmd_openUart)
                  00006d48    00000050     ICallBleAPI.obj (.text:osal_snv_read)
                  00006d98    00000050     ICallBleAPI.obj (.text:osal_snv_write)
                  00006de8    0000004e     UARTCC26XX.obj (.text:UARTCC26XX_control)
                  00006e36    00000002     --HOLE-- [fill = 0]
                  00006e38    0000004c     ICallCC2650.obj (.text:ICallPlatform_pwrConfigACAction)
                  00006e84    0000004c     ICallBleAPI.obj (.text:ICall_sendServiceMsg)
                  00006ed0    0000004c     MB2640A.obj (.text:SimpleBLEPeripheral_processGATTMsg)
                  00006f1c    0000004c     peripheral.obj (.text:gapRole_HandleParamUpdateNoSuccess)
                  00006f68    0000004c     rtsv7M3_T_le_eabi.lib : cpy_tbl.obj (.text)
                  00006fb4    0000004a     ICall.obj (.text:ICall_msgPrepend)
                  00006ffe    0000004a     ICall.obj (.text:ICall_primWaitSemaphore)
                  00007048    0000004a     ICallBleAPI.obj (.text:gapSendParamsCmd)
                  00007092    0000004a     ICallBleAPI.obj (.text:matchProfileCS)
                  000070dc    00000048     ICallBleAPI.obj (.text:GAP_GetParamValue)
                  00007124    00000048     ICallBleAPI.obj (.text:GAP_SetParamValue)
                  0000716c    00000048     ICallCC2650.obj (.text:ICallPlatform_pwrDispenseImpl)
                  000071b4    00000048     ICallCC2650.obj (.text:ICallPlatform_pwrRequireImpl)
                  000071fc    00000048     PINCC26XX.obj (.text:PINCC26XX_setIoCfgMux)
                  00007244    00000048     util.obj (.text:Util_restartClock)
                  0000728c    00000048     ICallBleAPI.obj (.text:gapSendPtrParamsCmd)
                  000072d4    00000046     ICallBleAPI.obj (.text:registerTask)
                  0000731a    00000002     --HOLE-- [fill = 0]
                  0000731c    00000044     MB2640A.obj (.text:ICall_fetchServiceMsg)
                  00007360    00000044     peripheral.obj (.text:ICall_fetchServiceMsg)
                  000073a4    00000044     ICallBleAPI.obj (.text:ICall_getLocalMsgEntityId)
                  000073e8    00000044     PINCC26XX.obj (.text:PIN_setOutputEnable)
                  0000742c    00000044     boot.aem3 : boot.oem3 (.text)
                  00007470    00000044     ICallBleAPI.obj (.text:profileAddService)
                  000074b4    00000042     driverlib.lib : ddi.obj (.text:NOROM_DDI16BitfieldRead)
                  000074f6    00000042     ringbuff.obj (.text:Ringbuff_write)
                  00007538    00000040     ICall.obj (.text:ICall_heapFree)
                  00007578    00000040     PINCC26XX.obj (.text:PINCC26XX_setMux)
                  000075b8    00000040     PINCC26XX.obj (.text:PIN_setConfig)
                  000075f8    00000040     PINCC26XX.obj (.text:PIN_setOutputValue)
                  00007638    00000040     MB2640A.obj (.text:SimpleBLEPeripheral_freeAttRsp)
                  00007678    00000040     ICallBleAPI.obj (.text:matchHciCS)
                  000076b8    00000040     UARTCC26XX.obj (.text:readFinishedDoCallback)
                  000076f8    00000040     appBLE_pem3.oem3 (.text:ti_sysbios_family_arm_cc26xx_Power_XOSC_HF)
                  00007738    00000040     sysbios.aem3 : mangled__BIOS_lib.obj (.text:ti_sysbios_family_arm_cc26xx_Power_isStableXOSC_HF__E)
                  00007778    00000040                  : mangled__BIOS_lib.obj (.text:ti_sysbios_family_arm_cc26xx_Timer_getCurrentTick__E)
                  000077b8    0000003e     ICall.obj (.text:ICall_msgDequeue)
                  000077f6    0000003e     driverlib.lib : osc.obj (.text:NOROM_OSCInterfaceEnable)
                  00007834    0000003e     ringbuff.obj (.text:Ringbuff_delete)
                  00007872    0000003e     util.obj (.text:Util_enqueueMsg)
                  000078b0    0000003c     ICallBleAPI.obj (.text:HCI_EXT_ConnEventNoticeCmd)
                  000078ec    0000003c     ICall.obj (.text:ICall_primAllocMsg)
                  00007928    0000003c     ICallBleAPI.obj (.text:ICall_threadServes)
                  00007964    0000003c     PINCC26XX.obj (.text:PINCC26XX_setOutputEnable)
                  000079a0    0000003c     MB2640A.obj (.text:SimpleBLEPeripheral_enqueueMsg)
                  000079dc    0000003c     ICallBleAPI.obj (.text:linkDB_NumConns)
                  00007a18    0000003c     sysbios.aem3 : mangled__BIOS_lib.obj (.text:ti_sysbios_family_arm_cc26xx_Power_releaseConstraint__E)
                  00007a54    0000003c                  : mangled__BIOS_lib.obj (.text:ti_sysbios_family_arm_cc26xx_Timer_initDevice__I)
                  00007a90    00000038     peripheral.obj (.text:GAPRole_createTask)
                  00007ac8    00000038     MB2640A.obj (.text:ICall_malloc)
                  00007b00    00000038     MB2640A_util.obj (.text:ICall_malloc)
                  00007b38    00000038     cmd.obj (.text:ICall_malloc)
                  00007b70    00000038     devinfoservice.obj (.text:ICall_malloc)
                  00007ba8    00000038     ringbuff.obj (.text:ICall_malloc)
                  00007be0    00000038     util.obj (.text:ICall_malloc)
                  00007c18    00000038     MB2640A.obj (.text:ICall_registerApp)
                  00007c50    00000038     peripheral.obj (.text:ICall_registerApp)
                  00007c88    00000038     driverlib.lib : osc.obj (.text:OSCHF_TurnOnXosc)
                  00007cc0    00000038     ringbuff.obj (.text:RingBuffAvail)
                  00007cf8    00000038     MB2640A.obj (.text:SimpleBLEPeripheral_createTask)
                  00007d30    00000038     sysbios.aem3 : mangled__BIOS_lib.obj (.text:ti_sysbios_family_arm_cc26xx_Power_setConstraint__E)
                  00007d68    00000038                  : mangled__BIOS_lib.obj (.text:ti_sysbios_family_arm_cc26xx_Timer_setThreshold__I)
                  00007da0    00000036     ICall.obj (.text:ICall_primFetchServiceMsg)
                  00007dd6    00000036     ICall.obj (.text:ICall_primRegisterISR_Ext)
                  00007e0c    00000036     ringbuff.obj (.text:Ringbuff_get)
                  00007e42    00000036     rtsv7M3_T_le_eabi.lib : strstr.obj (.text)
                  00007e78    00000034     driverlib.lib : chipinfo.obj (.text:ChipInfo_GetChipFamily)
                  00007eac    00000034     ICallBleAPI.obj (.text:GAPBondMgr_LinkTerm)
                  00007ee0    00000034     peripheral.obj (.text:GAPRole_TerminateConnection)
                  00007f14    00000034     ICallBleAPI.obj (.text:ICall_allocMsg)
                  00007f48    00000034     ICall.obj (.text:ICall_primRegisterISR)
                  00007f7c    00000034     ICall.obj (.text:ICall_searchService)
                  00007fb0    00000034     cmd.obj (.text:Log_write)
                  00007fe4    00000034     MB2640A.obj (.text:SimpleBLEPeripheral_processStackMsg)
                  00008018    00000034     sysbios.aem3 : mangled__BIOS_lib.obj (.text:ti_sysbios_knl_Clock_getTicksUntilInterrupt__E)
                  0000804c    00000032     ICallBleAPI.obj (.text:setICallCmdEvtHdr)
                  0000807e    00000030     ICallBleAPI.obj (.text:GAPBondMgr_Register)
                  000080ae    00000002     --HOLE-- [fill = 0]
                  000080b0    00000030     ICallBleAPI.obj (.text:GGS_SetParameter)
                  000080e0    00000030     peripheral.obj (.text:gapRole_SetupGAP)
                  00008110    00000030     appBLE_pem3.oem3 (.text:ti_sysbios_BIOS_atExitFunc__I)
                  00008140    00000030     sysbios.aem3 : mangled__BIOS_lib.obj (.text:ti_sysbios_family_arm_cc26xx_Power_registerNotify__E)
                  00008170    0000002e     ICall.obj (.text:ICall_dispatch)
                  0000819e    0000002e     ICall.obj (.text:ICall_primSendServiceMsg)
                  000081cc    0000002e     ICallBleAPI.obj (.text:matchProfileSetParamCS)
                  000081fa    0000002e     ICallBleAPI.obj (.text:setDispatchCmdEvtHdr)
                  00008228    0000002c     driverlib.lib : aon_batmon.obj (.text:AONBatMonTemperatureGetDegC)
                  00008254    0000002c     ICallBleAPI.obj (.text:ICall_getEntityId)
                  00008280    0000002c     cmd.obj (.text:cmd_write)
                  000082ac    0000002c     ICallBleAPI.obj (.text:getStatusValueFromErrNo)
                  000082d8    0000002c     sysbios.aem3 : mangled__BIOS_lib.obj (.text:ti_sysbios_family_arm_cc26xx_Power_switchXOSC_HF__E)
                  00008304    00000028     peripheral.obj (.text:GAPRole_StartDevice)
                  0000832c    00000028     ICall.obj (.text:ICall_primService)
                  00008354    00000028     driverlib.lib : aon_rtc.obj (.text:NOROM_AONRTCCurrentCompareValueGet)
                  0000837c    00000028     UART.obj (.text:UART_open)
                  000083a4    00000028     util.obj (.text:Util_dequeueMsg)
                  000083cc    00000028     main.obj (.text:main)
                  000083f4    00000028     UARTCC26XX.obj (.text:threadSafeStdbyDisRelease)
                  0000841c    00000028     UARTCC26XX.obj (.text:threadSafeStdbyDisSet)
                  00008444    00000028     appBLE_pem3.oem3 (.text:ti_sysbios_family_arm_cc26xx_Power_isDependencyActive)
                  0000846c    00000028     ICallBleAPI.obj (.text:waitMatchCS)
                  00008494    00000026     ICall.obj (.text:ICall_primSetTimerMSecs)
                  000084ba    00000026     driverlib.lib : osc.obj (.text:NOROM_OSCClockSourceGet)
                  000084e0    00000024     ICallBleAPI.obj (.text:GATT_bm_free)
                  00008504    00000024     MB2640A.obj (.text:ICall_free)
                  00008528    00000024     cmd.obj (.text:ICall_free)
                  0000854c    00000024     devinfoservice.obj (.text:ICall_free)
                  00008570    00000024     ringbuff.obj (.text:ICall_free)
                  00008594    00000024     util.obj (.text:ICall_free)
                  000085b8    00000024     ICall.obj (.text:ICall_freeMsg)
                  000085dc    00000024     ICallBleAPI.obj (.text:ICall_freeMsg)
                  00008600    00000024     MB2640A.obj (.text:ICall_freeMsg)
                  00008624    00000024     peripheral.obj (.text:ICall_freeMsg)
                  00008648    00000024     MB2640A.obj (.text:ICall_wait)
                  0000866c    00000024     peripheral.obj (.text:ICall_wait)
                  00008690    00000024     PINCC26XX.obj (.text:PINCC26XX_setOutputValue)
                  000086b4    00000024     PINCC26XX.obj (.text:PIN_close)
                  000086d8    00000024     ringbuff.obj (.text:RingBuffIdxIncr)
                  000086fc    00000024     UARTCC26XX.obj (.text:isFlowControlEnabled)
                  00008720    00000024     appBLE_pem3.oem3 (.text:ti_sysbios_BIOS_registerRTSLock__I)
                  00008744    00000024     appBLE_pem3.oem3 (.text:ti_sysbios_BIOS_removeRTSLock__I)
                  00008768    00000024     appBLE_pem3.oem3 (.text:ti_sysbios_BIOS_startFunc__I)
                  0000878c    00000024     sysbios.aem3 : mangled__BIOS_lib.obj (.text:ti_sysbios_family_arm_cc26xx_Timer_dynamicStub__E)
                  000087b0    00000024                  : mangled__BIOS_lib.obj (.text:ti_sysbios_family_arm_cc26xx_Timer_getMaxTicks__E)
                  000087d4    00000024     cmd.obj (.text:uart_readCallBack)
                  000087f8    00000022     ICall.obj (.text:ICall_primStopTimer)
                  0000881a    00000022     ICallBleAPI.obj (.text:matchGSARegisterServiceCS)
                  0000883c    00000022     ICallBleAPI.obj (.text:matchGapLinkEstCS)
                  0000885e    00000022     ICallBleAPI.obj (.text:matchGattSendRspCS)
                  00008880    00000022     ICallBleAPI.obj (.text:matchLinkDBNumConnsCS)
                  000088a2    00000022     UARTCC26XX.obj (.text:readSemCallback)
                  000088c4    00000022     UARTCC26XX.obj (.text:writeSemCallback)
                  000088e6    00000002     --HOLE-- [fill = 0]
                  000088e8    00000020     ICallBleAPI.obj (.text:GAP_TerminateAuth)
                  00008908    00000020     ICallCC2650.obj (.text:ICallPlatform_pwrDispense)
                  00008928    00000020     ICallCC2650.obj (.text:ICallPlatform_pwrRequire)
[...]
1001c203  ti_sysbios_family_arm_m3_Hwi_startup__E                                   
1001c20b  ti_sysbios_knl_Idle_loop__E                                               
1001c213  ti_sysbios_family_arm_m3_Hwi_doTaskRestore__I                             
1001c219  ti_sysbios_family_arm_m3_Hwi_restoreFxn__E                                
1001c21f  ti_sysbios_gates_GateHwi_leave__E                                         
1001c225  ti_sysbios_knl_Clock_stop__E                                              
1001c22b  ti_sysbios_knl_Queue_Instance_init__E                                     
1001c231  ti_sysbios_knl_Queue_elemClear__E                                         
1001c237  ti_sysbios_knl_Swi_Module_startup__E                                      
1001c23d  ti_sysbios_knl_Swi_startup__E                                             
1001c243  ti_sysbios_knl_Task_enable__E                                             
1001c249  ti_sysbios_BIOS_RtsGateProxy_enter__E                                     
1001c24d  ti_sysbios_BIOS_RtsGateProxy_leave__E                                     
1001c251  ti_sysbios_family_arm_cc26xx_Timer_getExpiredTicks__E                     
1001c255  ti_sysbios_family_arm_cc26xx_Timer_getPeriod__E                           
1001c259  ti_sysbios_family_arm_cc26xx_Timer_setPeriod__E                           
1001c25d  ti_sysbios_family_arm_m3_Hwi_delete                                       
1001c261  ti_sysbios_family_arm_m3_Hwi_destruct                                     
1001c265  ti_sysbios_family_arm_m3_TaskSupport_Module__startupDone__S               
1001c269  ti_sysbios_gates_GateHwi_query__E                                         
1001c269  xdc_runtime_System_Module_GateProxy_query__E                              
1001c26d  ti_sysbios_gates_GateMutex_delete                                         
1001c271  ti_sysbios_gates_GateMutex_destruct                                       
1001c275  ti_sysbios_BIOS_RtsGateProxy_query__E                                     
1001c275  ti_sysbios_gates_GateMutex_query__E                                       
1001c275  ti_sysbios_heaps_HeapMem_Module_GateProxy_query__E                        
1001c279  ti_sysbios_hal_Hwi_HwiProxy_Module__startupDone__S                        
1001c27d  ti_sysbios_hal_Hwi_HwiProxy_delete                                        
1001c281  ti_sysbios_hal_Hwi_HwiProxy_disableInterrupt__E                           
1001c281  ti_sysbios_hal_Hwi_disableInterrupt__E                                    
1001c285  ti_sysbios_hal_Hwi_HwiProxy_enableInterrupt__E                            
1001c285  ti_sysbios_hal_Hwi_enableInterrupt__E                                     
1001c289  ti_sysbios_hal_Hwi_HwiProxy_getStackInfo__E                               
1001c289  ti_sysbios_hal_Hwi_getStackInfo__E                                        
1001c28d  ti_sysbios_hal_Hwi_HwiProxy_startup__E                                    
1001c28d  ti_sysbios_hal_Hwi_startup__E                                             
1001c291  ti_sysbios_hal_Hwi_HwiProxy_switchFromBootStack__E                        
1001c295  ti_sysbios_hal_Hwi_delete                                                 
1001c299  ti_sysbios_hal_Hwi_switchFromBootStack__E                                 
1001c29d  ti_sysbios_heaps_HeapMem_Module_GateProxy_enter__E                        
1001c2a1  ti_sysbios_heaps_HeapMem_Module_GateProxy_leave__E                        
1001c2a5  ti_sysbios_heaps_HeapMem_isBlocking__E                                    
1001c2a9  ti_sysbios_knl_Clock_TimerProxy_Module__startupDone__S                    
1001c2ad  ti_sysbios_knl_Clock_TimerProxy_getExpiredTicks__E                        
1001c2b1  ti_sysbios_knl_Clock_TimerProxy_getPeriod__E                              
1001c2b5  ti_sysbios_knl_Clock_delete                                               
1001c2b9  ti_sysbios_knl_Clock_destruct                                             
1001c2bd  ti_sysbios_knl_Clock_removeI__E                                           
1001c2c1  ti_sysbios_knl_Clock_setTimeout__E                                        
1001c2c5  ti_sysbios_knl_Mailbox_delete                                             
1001c2c9  ti_sysbios_knl_Mailbox_destruct                                           
1001c2cd  ti_sysbios_knl_Queue_delete                                               
1001c2d1  ti_sysbios_knl_Queue_destruct                                             
1001c2d5  ti_sysbios_knl_Queue_head__E                                              
1001c2d9  ti_sysbios_knl_Queue_next__E                                              
1001c2dd  ti_sysbios_knl_Semaphore_delete                                           
1001c2e1  ti_sysbios_knl_Semaphore_destruct                                         
1001c2e5  ti_sysbios_knl_Swi_delete                                                 
1001c2e9  ti_sysbios_knl_Swi_destruct                                               
1001c2ed  ti_sysbios_knl_Swi_postInit__I                                            
1001c2f1  ti_sysbios_knl_Task_SupportProxy_Module__startupDone__S                   
1001c2f5  ti_sysbios_knl_Task_SupportProxy_getStackAlignment__E                     
1001c2f9  ti_sysbios_knl_Task_SupportProxy_start__E                                 
1001c2fd  ti_sysbios_knl_Task_SupportProxy_swap__E                                  
1001c301  ti_sysbios_knl_Task_delete                                                
1001c305  ti_sysbios_knl_Task_destruct                                              
1001c309  ti_sysbios_knl_Task_startup__E                                            
1001c30d  xdc_runtime_Startup_startMods__I                                          
1001c405  xdc_runtime_Core_createObject__I                                          
1001c487  xdc_runtime_Error_policySpin__E                                           
1001c489  xdc_runtime_Memory_alloc__E                                               
1001c4f9  xdc_runtime_Core_deleteObject__I                                          
1001c559  xdc_runtime_Startup_exec__E                                               
1001c5a9  xdc_runtime_Assert_raise__I                                               
1001c5f1  xdc_runtime_Core_assignParams__I                                          
1001c639  xdc_runtime_Core_constructObject__I                                       
1001c681  xdc_runtime_System_atexit__E                                              
1001c6b9  xdc_runtime_System_processAtExit__E                                       
1001c6ed  xdc_runtime_Core_assignLabel__I                                           
1001c71d  xdc_runtime_Text_cordText__E                                              
1001c749  xdc_runtime_System_abort__E                                               
1001c769  xdc_runtime_Error_raiseX__E                                               
1001c785  xdc_runtime_Memory_valloc__E                                              
1001c7a1  xdc_runtime_Core_destructObject__I                                        
1001c7b9  xdc_runtime_Error_check__E                                                
1001c7d1  xdc_runtime_System_exit__E                                                
1001c7e9  xdc_runtime_Text_ropeText__E                                              
1001c801  xdc_runtime_Memory_free__E                                                
1001c811  xdc_runtime_SysCallback_abort__E                                          
1001c821  xdc_runtime_SysCallback_exit__E                                           
1001c831  xdc_runtime_Timestamp_SupportProxy_get32__E                               
1001c831  xdc_runtime_Timestamp_get32__E                                            
1001c841  xdc_runtime_Error_init__E                                                 
1001c84d  xdc_runtime_Memory_calloc__E                                              
1001c859  xdc_runtime_Memory_getMaxDefaultTypeAlign__E                              
1001c879  xdc_runtime_Gate_leaveSystem__E                                           
1001c87f  xdc_runtime_System_Module_startup__E                                      
1001c885  xdc_runtime_Gate_enterSystem__E                                           
1001c889  xdc_runtime_Memory_HeapProxy_alloc__E                                     
1001c88d  xdc_runtime_Memory_HeapProxy_free__E                                      
1001c891  xdc_runtime_System_Module_GateProxy_enter__E                              
1001c895  xdc_runtime_System_Module_GateProxy_leave__E                              
1001c899  xdc_runtime_System_abortSpin__E                                           
1001c89b  xdc_runtime_System_exitSpin__E                                            
1001c89d  ti_sysbios_family_arm_m3_Hwi_dispatch__I                                  
1001c96d  ti_sysbios_family_arm_m3_TaskSupport_buildTaskStack                       
1001c9b9  ti_sysbios_family_arm_m3_Hwi_initStacks__E                                
1001ca01  ti_sysbios_family_arm_m3_Hwi_excHandlerAsm__I                             
1001ca21  ti_sysbios_family_xxx_Hwi_switchAndRunFunc                                
1001ca3f  ti_sysbios_family_arm_m3_Hwi_pendSV__I                                    
1001ca57  ti_sysbios_family_arm_m3_Hwi_return                                       
1001ca59  ti_sysbios_family_arm_m3_TaskSupport_glue                                 
1001ca69  ti_sysbios_family_arm_m3_TaskSupport_swap__E                              
1001ca71  ti_sysbios_knl_Task_swapReturn                                            
1001ca9b  ti_sysbios_rom_cortexm_cc26xx_CC26xx_getRevision__E                       
20000000  ti_sysbios_family_arm_m3_Hwi_ramVectors                                   
20000100  ti_sysbios_knl_Task_Module__state__V                                      
20000144  ti_sysbios_family_arm_m3_Hwi_Module__state__V                             
20000178  ti_sysbios_knl_Clock_Module__state__V                                     
200001a4  ti_sysbios_BIOS_Module__state__V                                          
200001c8  ti_sysbios_knl_Swi_Module__state__V                                       
200001e4  ti_sysbios_family_arm_cc26xx_Timer_Module__state__V                       
200001ec  ti_sysbios_family_arm_cc26xx_TimestampProvider_Module__state__V           
200001f0  xdc_runtime_Startup_Module__state__V                                      
200001f8  xdc_runtime_System_Module__state__V                                       
20000200  xdc_runtime_Memory_Module__state__V                                       
20000c78  ti_sysbios_heaps_HeapMem_Instance_State_0_buf__A                          
200012f8  sbpTaskStack                                                              
200015b4  gapRoleTaskStack                                                          
200017c0  ti_sysbios_knl_Task_Instance_State_0_stack__A                             
20001ce0  uartCC26XXObjects                                                         
20001db0  ti_sysbios_family_arm_m3_Hwi_dispatchTable                                
20001e78  PIN_HandleTable                                                           
20001ff4  gapRoleTask                                                               
20002044  sbpTask                                                                   
20002221  driverlib_release_0_43243                                                 
20002222  linkDBNumConns                                                            
2000223c  PIN_NumPins                                                               
20002370  ti_sysbios_family_arm_cc26xx_Power_Module__state__V                       
200023e0  TSK_idle                                                                  
200023e0  ti_sysbios_knl_Task_Object__table__V                                      
20002430  ti_sysbios_family_arm_cc26xx_Timer_Object__table__V                       
20002478  ti_sysbios_gates_GateMutex_Object__table__V                               
200024b0  rfRegTbl                                                                  
200024e4  ti_sysbios_family_arm_m3_Hwi_Object__table__V                             
20002514  ti_sysbios_knl_Swi_Module_State_0_readyQ__A                               
20002544  ti_sysbios_knl_Swi_Object__table__V                                       
20002574  ti_sysbios_knl_Task_Module_State_0_readyQ__A                              
2000262a  ti_sysbios_family_arm_m3_Hwi_Module_State_0_excActive__A                  
200026b8  user0Cfg                                                                  
200026f0  ti_sysbios_heaps_HeapMem_Object__table__V                                 
200027b0  ti_sysbios_family_arm_cc26xx_Power_refCount                               
200027c4  BoardGpioInitTable                                                        
200027d4  ICall_enterCriticalSection                                                
200027d8  ICall_leaveCriticalSection                                                
200027e0  ICall_dispatcher                                                          
20002824  __TI_cleanup_ptr                                                          
20002828  __TI_dtors_ptr                                                            
2000282c  __TI_enable_exit_profile_output                                           
20002830  lastAppOpcodeSent                                                         
20002834  pfnBMAlloc                                                                
20002838  pfnBMFree                                                                 
20002854  ti_sysbios_family_arm_cc26xx_Power_resourceHandlers                       
20002860  _lock                                                                     
20002864  _unlock                                                                   
20002880  ti_sysbios_family_arm_m3_Hwi_Module__root__V                              
20002888  ti_sysbios_gates_GateHwi_Module__root__V                                  
20002890  ti_sysbios_gates_GateMutex_Module__root__V                                
20002898  ti_sysbios_hal_Hwi_Module__root__V                                        
200028a0  ti_sysbios_heaps_HeapMem_Module__root__V                                  
200028a8  ti_sysbios_knl_Clock_Module__root__V                                      
200028b0  ti_sysbios_knl_Mailbox_Module__root__V                                    
200028b8  ti_sysbios_knl_Queue_Module__root__V                                      
200028c0  ti_sysbios_knl_Semaphore_Module__root__V                                  
200028c8  ti_sysbios_knl_Swi_Module__root__V                                        
200028d0  ti_sysbios_knl_Task_Module__root__V                                       
200028f9  ti_sysbios_family_arm_cc26xx_Power_constraintCounts                       
20002908  main_func_sp                                                              
2000290c  ti_sysbios_family_arm_m3_Hwi_Module_State_0_excContext__A                 
20002910  ti_sysbios_family_arm_m3_Hwi_Module_State_0_excStack__A                   
20002914  ti_sysbios_knl_Task_Module_State_0_idleTask__A                            
20003fe4  __stack                                                                   
200043e4  __STACK_END                                                               
200043e4  __STACK_TOP                                                               
e000e000  ti_sysbios_family_arm_m3_Hwi_nvic                                         
ffffffff  __TI_pprof_out_hndl                                                       
ffffffff  __TI_prof_data_size                                                       
ffffffff  __TI_prof_data_start                                                      
ffffffff  __binit__                                                                 
ffffffff  __c_args__                                                                
ffffffff  binit                                                                     
UNDEFED   SHT$$INIT_ARRAY$$Base                                                     
UNDEFED   SHT$$INIT_ARRAY$$Limit                                                    
UNDEFED   ti_sysbios_BIOS_RtsGateProxy_Handle__label__S__mangled__                  
UNDEFED   ti_sysbios_BIOS_RtsGateProxy_Object__delete__S__mangled__                 
UNDEFED   ti_sysbios_BIOS_RtsGateProxy_Params__init__S__mangled__                   
UNDEFED   ti_sysbios_BIOS_RtsGateProxy_query__E__mangled__                          
UNDEFED   ti_sysbios_hal_Hwi_HwiProxy_Module__startupDone__S__mangled__             
UNDEFED   ti_sysbios_hal_Hwi_HwiProxy_Object__delete__S__mangled__                  
UNDEFED   ti_sysbios_hal_Hwi_HwiProxy_Params__init__S__mangled__                    
UNDEFED   ti_sysbios_hal_Hwi_HwiProxy_disableInterrupt__E__mangled__                
UNDEFED   ti_sysbios_hal_Hwi_HwiProxy_enableInterrupt__E__mangled__                 
UNDEFED   ti_sysbios_hal_Hwi_HwiProxy_getStackInfo__E__mangled__                    
UNDEFED   ti_sysbios_hal_Hwi_HwiProxy_startup__E__mangled__                         
UNDEFED   ti_sysbios_hal_Hwi_HwiProxy_switchFromBootStack__E__mangled__             
UNDEFED   ti_sysbios_hal_Hwi_disableInterrupt__E__mangled__                         
UNDEFED   ti_sysbios_hal_Hwi_enableInterrupt__E__mangled__                          
UNDEFED   ti_sysbios_hal_Hwi_getStackInfo__E__mangled__                             
UNDEFED   ti_sysbios_hal_Hwi_startup__E__mangled__                                  
UNDEFED   ti_sysbios_hal_Hwi_switchFromBootStack__E__mangled__                      
UNDEFED   ti_sysbios_heaps_HeapMem_Module_GateProxy_Handle__label__S__mangled__     
UNDEFED   ti_sysbios_heaps_HeapMem_Module_GateProxy_Object__delete__S__mangled__    
UNDEFED   ti_sysbios_heaps_HeapMem_Module_GateProxy_Params__init__S__mangled__      
UNDEFED   ti_sysbios_heaps_HeapMem_Module_GateProxy_query__E__mangled__             
UNDEFED   ti_sysbios_knl_Clock_TimerProxy_Module__startupDone__S__mangled__         
UNDEFED   ti_sysbios_knl_Clock_TimerProxy_startup__E__mangled__                     
UNDEFED   ti_sysbios_knl_Task_SupportProxy_Module__startupDone__S__mangled__        
UNDEFED   ti_sysbios_knl_Task_SupportProxy_getStackAlignment__E__mangled__          
UNDEFED   ti_sysbios_knl_Task_SupportProxy_start__E__mangled__                      
UNDEFED   ti_sysbios_knl_Task_SupportProxy_swap__E__mangled__                       
UNDEFED   xdc_runtime_Main_Module_GateProxy_Handle__label__S                        
UNDEFED   xdc_runtime_Main_Module_GateProxy_Object__delete__S                       
UNDEFED   xdc_runtime_Main_Module_GateProxy_query__E                                
UNDEFED   xdc_runtime_Memory_HeapProxy_Handle__label__S__mangled__                  
UNDEFED   xdc_runtime_Memory_HeapProxy_Object__delete__S__mangled__                 
UNDEFED   xdc_runtime_System_Module_GateProxy_Handle__label__S__mangled__           
UNDEFED   xdc_runtime_System_Module_GateProxy_Object__delete__S__mangled__          
UNDEFED   xdc_runtime_System_Module_GateProxy_query__E__mangled__                   
UNDEFED   xdc_runtime_System_SupportProxy_abort__E                                  
UNDEFED   xdc_runtime_System_SupportProxy_exit__E                                   
UNDEFED   xdc_runtime_Timestamp_SupportProxy_get64__E__mangled__                    
UNDEFED   xdc_runtime_Timestamp_SupportProxy_getFreq__E__mangled__                  
UNDEFED   xdc_runtime_Timestamp_get32__E__mangled__                                 
UNDEFED   xdc_runtime_Timestamp_get64__E__mangled__                                 
UNDEFED   xdc_runtime_Timestamp_getFreq__E__mangled__                               

[799 symbols]
