<?xml version="1.0"?>
<link_info>
   <banner>TI ARM Linker PC v15.12.3.LTS</banner>
   <copyright>Copyright (c) 1996-2015 Texas Instruments Incorporated</copyright>
   <link_time>0x58ff05c0</link_time>
   <link_errors>0x0</link_errors>
   <output_file>MB2640A_Stack.out</output_file>
   <entry_point>
      <name>startup_entry</name>
      <address>0xe001</address>
   </entry_point>
   <input_file_list>
      <input_file id="fl-10c">
         <path>C:\Users\Panmin\AppData\Local\Temp\</path>
         <kind>object</kind>
         <file>087882</file>
         <name>087882</name>
      </input_file>
      <input_file id="fl-1f">
         <path>C:\ti\simplelink\ble_cc26xx_2_01_00_44423\Projects\common\BLE_ROM_Releases\04242014\</path>
         <kind>object</kind>
         <file>ble_rom_PATCH.symbols</file>
         <name>ble_rom_PATCH.symbols</name>
      </input_file>
      <input_file id="fl-d8">
         <path>C:\ti\ccsv6\tools\compiler\arm_15.12.3.LTS\lib\</path>
         <kind>archive</kind>
         <file>rtsv7M3_T_le_eabi.lib</file>
         <name>autoinit.obj</name>
      </input_file>
      <input_file id="fl-dd">
         <path>C:\ti\ccsv6\tools\compiler\arm_15.12.3.LTS\lib\</path>
         <kind>archive</kind>
         <file>rtsv7M3_T_le_eabi.lib</file>
         <name>ll_mul_t2.obj</name>
      </input_file>
      <input_file id="fl-df">
         <path>C:\ti\ccsv6\tools\compiler\arm_15.12.3.LTS\lib\</path>
         <kind>archive</kind>
         <file>rtsv7M3_T_le_eabi.lib</file>
         <name>memcpy_t2.obj</name>
      </input_file>
      <input_file id="fl-e0">
         <path>C:\ti\ccsv6\tools\compiler\arm_15.12.3.LTS\lib\</path>
         <kind>archive</kind>
         <file>rtsv7M3_T_le_eabi.lib</file>
         <name>memset_t2.obj</name>
      </input_file>
      <input_file id="fl-e3">
         <path>C:\ti\ccsv6\tools\compiler\arm_15.12.3.LTS\lib\</path>
         <kind>archive</kind>
         <file>rtsv7M3_T_le_eabi.lib</file>
         <name>ull_div_t2.obj</name>
      </input_file>
      <input_file id="fl-e4">
         <path>C:\ti\simplelink\ble_cc26xx_2_01_00_44423\Projects\ble\SimpleBLEPeripheral\CC26xx\IAR\Lib\</path>
         <kind>archive</kind>
         <file>CC2640Stack.a</file>
         <name>att_server.o</name>
      </input_file>
      <input_file id="fl-e5">
         <path>C:\ti\simplelink\ble_cc26xx_2_01_00_44423\Projects\ble\SimpleBLEPeripheral\CC26xx\IAR\Lib\</path>
         <kind>archive</kind>
         <file>CC2640Stack.a</file>
         <name>att_util.o</name>
      </input_file>
      <input_file id="fl-e6">
         <path>C:\ti\simplelink\ble_cc26xx_2_01_00_44423\Projects\ble\SimpleBLEPeripheral\CC26xx\IAR\Lib\</path>
         <kind>archive</kind>
         <file>CC2640Stack.a</file>
         <name>ble_PATCH.o</name>
      </input_file>
      <input_file id="fl-e7">
         <path>C:\ti\simplelink\ble_cc26xx_2_01_00_44423\Projects\ble\SimpleBLEPeripheral\CC26xx\IAR\Lib\</path>
         <kind>archive</kind>
         <file>CC2640Stack.a</file>
         <name>gap_configmgr.o</name>
      </input_file>
      <input_file id="fl-e8">
         <path>C:\ti\simplelink\ble_cc26xx_2_01_00_44423\Projects\ble\SimpleBLEPeripheral\CC26xx\IAR\Lib\</path>
         <kind>archive</kind>
         <file>CC2640Stack.a</file>
         <name>gap_devmgr.o</name>
      </input_file>
      <input_file id="fl-e9">
         <path>C:\ti\simplelink\ble_cc26xx_2_01_00_44423\Projects\ble\SimpleBLEPeripheral\CC26xx\IAR\Lib\</path>
         <kind>archive</kind>
         <file>CC2640Stack.a</file>
         <name>gap_linkmgr.o</name>
      </input_file>
      <input_file id="fl-ea">
         <path>C:\ti\simplelink\ble_cc26xx_2_01_00_44423\Projects\ble\SimpleBLEPeripheral\CC26xx\IAR\Lib\</path>
         <kind>archive</kind>
         <file>CC2640Stack.a</file>
         <name>gap_peridevmgr.o</name>
      </input_file>
      <input_file id="fl-eb">
         <path>C:\ti\simplelink\ble_cc26xx_2_01_00_44423\Projects\ble\SimpleBLEPeripheral\CC26xx\IAR\Lib\</path>
         <kind>archive</kind>
         <file>CC2640Stack.a</file>
         <name>gap_perilinkmgr.o</name>
      </input_file>
      <input_file id="fl-ec">
         <path>C:\ti\simplelink\ble_cc26xx_2_01_00_44423\Projects\ble\SimpleBLEPeripheral\CC26xx\IAR\Lib\</path>
         <kind>archive</kind>
         <file>CC2640Stack.a</file>
         <name>gap_task.o</name>
      </input_file>
      <input_file id="fl-ed">
         <path>C:\ti\simplelink\ble_cc26xx_2_01_00_44423\Projects\ble\SimpleBLEPeripheral\CC26xx\IAR\Lib\</path>
         <kind>archive</kind>
         <file>CC2640Stack.a</file>
         <name>gapgattserver.o</name>
      </input_file>
      <input_file id="fl-ee">
         <path>C:\ti\simplelink\ble_cc26xx_2_01_00_44423\Projects\ble\SimpleBLEPeripheral\CC26xx\IAR\Lib\</path>
         <kind>archive</kind>
         <file>CC2640Stack.a</file>
         <name>gatt_server.o</name>
      </input_file>
      <input_file id="fl-ef">
         <path>C:\ti\simplelink\ble_cc26xx_2_01_00_44423\Projects\ble\SimpleBLEPeripheral\CC26xx\IAR\Lib\</path>
         <kind>archive</kind>
         <file>CC2640Stack.a</file>
         <name>gatt_task.o</name>
      </input_file>
      <input_file id="fl-f0">
         <path>C:\ti\simplelink\ble_cc26xx_2_01_00_44423\Projects\ble\SimpleBLEPeripheral\CC26xx\IAR\Lib\</path>
         <kind>archive</kind>
         <file>CC2640Stack.a</file>
         <name>gatt_uuid.o</name>
      </input_file>
      <input_file id="fl-f1">
         <path>C:\ti\simplelink\ble_cc26xx_2_01_00_44423\Projects\ble\SimpleBLEPeripheral\CC26xx\IAR\Lib\</path>
         <kind>archive</kind>
         <file>CC2640Stack.a</file>
         <name>gattservapp.o</name>
      </input_file>
      <input_file id="fl-f2">
         <path>C:\ti\simplelink\ble_cc26xx_2_01_00_44423\Projects\ble\SimpleBLEPeripheral\CC26xx\IAR\Lib\</path>
         <kind>archive</kind>
         <file>CC2640Stack.a</file>
         <name>hci_data_PATCH.o</name>
      </input_file>
      <input_file id="fl-f3">
         <path>C:\ti\simplelink\ble_cc26xx_2_01_00_44423\Projects\ble\SimpleBLEPeripheral\CC26xx\IAR\Lib\</path>
         <kind>archive</kind>
         <file>CC2640Stack.a</file>
         <name>hci_event_PATCH.o</name>
      </input_file>
      <input_file id="fl-f4">
         <path>C:\ti\simplelink\ble_cc26xx_2_01_00_44423\Projects\ble\SimpleBLEPeripheral\CC26xx\IAR\Lib\</path>
         <kind>archive</kind>
         <file>CC2640Stack.a</file>
         <name>hci_PATCH.o</name>
      </input_file>
      <input_file id="fl-f5">
         <path>C:\ti\simplelink\ble_cc26xx_2_01_00_44423\Projects\ble\SimpleBLEPeripheral\CC26xx\IAR\Lib\</path>
         <kind>archive</kind>
         <file>CC2640Stack.a</file>
         <name>l2cap_if.o</name>
      </input_file>
      <input_file id="fl-f6">
         <path>C:\ti\simplelink\ble_cc26xx_2_01_00_44423\Projects\ble\SimpleBLEPeripheral\CC26xx\IAR\Lib\</path>
         <kind>archive</kind>
         <file>CC2640Stack.a</file>
         <name>l2cap_task.o</name>
      </input_file>
      <input_file id="fl-f7">
         <path>C:\ti\simplelink\ble_cc26xx_2_01_00_44423\Projects\ble\SimpleBLEPeripheral\CC26xx\IAR\Lib\</path>
         <kind>archive</kind>
         <file>CC2640Stack.a</file>
         <name>l2cap_util.o</name>
      </input_file>
      <input_file id="fl-f8">
         <path>C:\ti\simplelink\ble_cc26xx_2_01_00_44423\Projects\ble\SimpleBLEPeripheral\CC26xx\IAR\Lib\</path>
         <kind>archive</kind>
         <file>CC2640Stack.a</file>
         <name>linkdb.o</name>
      </input_file>
      <input_file id="fl-f9">
         <path>C:\ti\simplelink\ble_cc26xx_2_01_00_44423\Projects\ble\SimpleBLEPeripheral\CC26xx\IAR\Lib\</path>
         <kind>archive</kind>
         <file>CC2640Stack.a</file>
         <name>ll_advEndCauses_PATCH.o</name>
      </input_file>
      <input_file id="fl-fa">
         <path>C:\ti\simplelink\ble_cc26xx_2_01_00_44423\Projects\ble\SimpleBLEPeripheral\CC26xx\IAR\Lib\</path>
         <kind>archive</kind>
         <file>CC2640Stack.a</file>
         <name>ll_common_PATCH.o</name>
      </input_file>
      <input_file id="fl-fb">
         <path>C:\ti\simplelink\ble_cc26xx_2_01_00_44423\Projects\ble\SimpleBLEPeripheral\CC26xx\IAR\Lib\</path>
         <kind>archive</kind>
         <file>CC2640Stack.a</file>
         <name>ll_config.o</name>
      </input_file>
      <input_file id="fl-fc">
         <path>C:\ti\simplelink\ble_cc26xx_2_01_00_44423\Projects\ble\SimpleBLEPeripheral\CC26xx\IAR\Lib\</path>
         <kind>archive</kind>
         <file>CC2640Stack.a</file>
         <name>ll_isr.o</name>
      </input_file>
      <input_file id="fl-fd">
         <path>C:\ti\simplelink\ble_cc26xx_2_01_00_44423\Projects\ble\SimpleBLEPeripheral\CC26xx\IAR\Lib\</path>
         <kind>archive</kind>
         <file>CC2640Stack.a</file>
         <name>ll_PATCH.o</name>
      </input_file>
      <input_file id="fl-fe">
         <path>C:\ti\simplelink\ble_cc26xx_2_01_00_44423\Projects\ble\SimpleBLEPeripheral\CC26xx\IAR\Lib\</path>
         <kind>archive</kind>
         <file>CC2640Stack.a</file>
         <name>ll_scheduler_PATCH.o</name>
      </input_file>
      <input_file id="fl-ff">
         <path>C:\ti\simplelink\ble_cc26xx_2_01_00_44423\Projects\ble\SimpleBLEPeripheral\CC26xx\IAR\Lib\</path>
         <kind>archive</kind>
         <file>CC2640Stack.a</file>
         <name>ll_slaveEndCauses_PATCH.o</name>
      </input_file>
      <input_file id="fl-100">
         <path>C:\ti\simplelink\ble_cc26xx_2_01_00_44423\Projects\ble\SimpleBLEPeripheral\CC26xx\IAR\Lib\</path>
         <kind>archive</kind>
         <file>CC2640Stack.a</file>
         <name>ll_sleep.o</name>
      </input_file>
      <input_file id="fl-101">
         <path>C:\ti\simplelink\ble_cc26xx_2_01_00_44423\Projects\ble\SimpleBLEPeripheral\CC26xx\IAR\Lib\</path>
         <kind>archive</kind>
         <file>CC2640Stack.a</file>
         <name>sm_mgr.o</name>
      </input_file>
      <input_file id="fl-102">
         <path>C:\ti\simplelink\ble_cc26xx_2_01_00_44423\Projects\ble\SimpleBLEPeripheral\CC26xx\IAR\Lib\</path>
         <kind>archive</kind>
         <file>CC2640Stack.a</file>
         <name>sm_pairing.o</name>
      </input_file>
      <input_file id="fl-103">
         <path>C:\ti\simplelink\ble_cc26xx_2_01_00_44423\Projects\ble\SimpleBLEPeripheral\CC26xx\IAR\Lib\</path>
         <kind>archive</kind>
         <file>CC2640Stack.a</file>
         <name>sm_rsppairing.o</name>
      </input_file>
      <input_file id="fl-104">
         <path>C:\ti\simplelink\ble_cc26xx_2_01_00_44423\Projects\ble\SimpleBLEPeripheral\CC26xx\IAR\Lib\</path>
         <kind>archive</kind>
         <file>CC2640Stack.a</file>
         <name>sm_task.o</name>
      </input_file>
      <input_file id="fl-105">
         <path>C:\ti\simplelink\ble_cc26xx_2_01_00_44423\Projects\ble\SimpleBLEPeripheral\CC26xx\IAR\Lib\</path>
         <kind>archive</kind>
         <file>CC2640Stack.a</file>
         <name>smp.o</name>
      </input_file>
      <input_file id="fl-106">
         <path>C:\ti\simplelink\ble_cc26xx_2_01_00_44423\Projects\ble\SimpleBLEPeripheral\CC26xx\IAR\Lib\</path>
         <kind>archive</kind>
         <file>CC2640Stack_HCI_TL.a</file>
         <name>hci_tl.o</name>
      </input_file>
      <input_file id="fl-107">
         <path>C:\ti\tirtos_simplelink_2_13_00_06\products\cc26xxware_2_21_01_15600\driverlib\bin\ccs\</path>
         <kind>archive</kind>
         <file>driverlib.lib</file>
         <name>cpu.obj</name>
      </input_file>
   </input_file_list>
   <object_component_list>
      <object_component id="oc-3ac">
         <name>.text</name>
         <load_address>0xe02c</load_address>
         <run_address>0xe02c</run_address>
         <size>0xfa8</size>
         <input_file_ref idref="fl-f1"/>
      </object_component>
      <object_component id="oc-3d6">
         <name>.text</name>
         <load_address>0xefd4</load_address>
         <run_address>0xefd4</run_address>
         <size>0xd64</size>
         <input_file_ref idref="fl-14"/>
      </object_component>
      <object_component id="oc-35d">
         <name>.text</name>
         <load_address>0xfd38</load_address>
         <run_address>0xfd38</run_address>
         <size>0xcf0</size>
         <input_file_ref idref="fl-fd"/>
      </object_component>
      <object_component id="oc-5b5">
         <name>.text</name>
         <load_address>0x10a28</load_address>
         <run_address>0x10a28</run_address>
         <size>0xa4c</size>
         <input_file_ref idref="fl-ee"/>
      </object_component>
      <object_component id="oc-499">
         <name>.text</name>
         <load_address>0x11474</load_address>
         <run_address>0x11474</run_address>
         <size>0x94c</size>
         <input_file_ref idref="fl-fa"/>
      </object_component>
      <object_component id="oc-3dc">
         <name>.text</name>
         <load_address>0x11dc0</load_address>
         <run_address>0x11dc0</run_address>
         <size>0x8c4</size>
         <input_file_ref idref="fl-9"/>
      </object_component>
      <object_component id="oc-573">
         <name>.text</name>
         <load_address>0x12684</load_address>
         <run_address>0x12684</run_address>
         <size>0x8c0</size>
         <input_file_ref idref="fl-e9"/>
      </object_component>
      <object_component id="oc-357">
         <name>.text</name>
         <load_address>0x12f44</load_address>
         <run_address>0x12f44</run_address>
         <size>0x794</size>
         <input_file_ref idref="fl-b"/>
      </object_component>
      <object_component id="oc-594">
         <name>.text</name>
         <load_address>0x136d8</load_address>
         <run_address>0x136d8</run_address>
         <size>0x75c</size>
         <input_file_ref idref="fl-102"/>
      </object_component>
      <object_component id="oc-4bc">
         <name>.text</name>
         <load_address>0x13e34</load_address>
         <run_address>0x13e34</run_address>
         <size>0x712</size>
         <input_file_ref idref="fl-ff"/>
      </object_component>
      <object_component id="oc-413">
         <name>.text</name>
         <load_address>0x14546</load_address>
         <run_address>0x14546</run_address>
         <size>0x2</size>
         <input_file_ref idref="fl-4"/>
      </object_component>
      <object_component id="oc-550">
         <name>.text</name>
         <load_address>0x14548</load_address>
         <run_address>0x14548</run_address>
         <size>0x708</size>
         <input_file_ref idref="fl-101"/>
      </object_component>
      <object_component id="oc-447">
         <name>.text</name>
         <load_address>0x14c50</load_address>
         <run_address>0x14c50</run_address>
         <size>0x6d4</size>
         <input_file_ref idref="fl-100"/>
      </object_component>
      <object_component id="oc-660">
         <name>.text</name>
         <load_address>0x15324</load_address>
         <run_address>0x15324</run_address>
         <size>0x690</size>
         <input_file_ref idref="fl-ea"/>
      </object_component>
      <object_component id="oc-4ff">
         <name>.text</name>
         <load_address>0x159b4</load_address>
         <run_address>0x159b4</run_address>
         <size>0x684</size>
         <input_file_ref idref="fl-f7"/>
      </object_component>
      <object_component id="oc-6cb">
         <name>.text</name>
         <load_address>0x16038</load_address>
         <run_address>0x16038</run_address>
         <size>0x618</size>
         <input_file_ref idref="fl-fb"/>
      </object_component>
      <object_component id="oc-5de">
         <name>.text</name>
         <load_address>0x16650</load_address>
         <run_address>0x16650</run_address>
         <size>0x5b0</size>
         <input_file_ref idref="fl-e5"/>
      </object_component>
      <object_component id="oc-70e">
         <name>.text</name>
         <load_address>0x16c00</load_address>
         <run_address>0x16c00</run_address>
         <size>0x558</size>
         <input_file_ref idref="fl-103"/>
      </object_component>
      <object_component id="oc-3e8">
         <name>.text</name>
         <load_address>0x17158</load_address>
         <run_address>0x17158</run_address>
         <size>0x4ec</size>
         <input_file_ref idref="fl-12"/>
      </object_component>
      <object_component id="oc-4c5">
         <name>.text</name>
         <load_address>0x17644</load_address>
         <run_address>0x17644</run_address>
         <size>0x470</size>
         <input_file_ref idref="fl-fc"/>
      </object_component>
      <object_component id="oc-6e4">
         <name>.text</name>
         <load_address>0x17ab4</load_address>
         <run_address>0x17ab4</run_address>
         <size>0x39a</size>
         <input_file_ref idref="fl-105"/>
      </object_component>
      <object_component id="oc-330">
         <name>.text</name>
         <load_address>0x17e4e</load_address>
         <run_address>0x17e4e</run_address>
         <size>0x2</size>
         <input_file_ref idref="fl-e1"/>
      </object_component>
      <object_component id="oc-4b6">
         <name>.text</name>
         <load_address>0x17e50</load_address>
         <run_address>0x17e50</run_address>
         <size>0x382</size>
         <input_file_ref idref="fl-e6"/>
      </object_component>
      <object_component id="oc-53c">
         <name>.text</name>
         <load_address>0x181d4</load_address>
         <run_address>0x181d4</run_address>
         <size>0x358</size>
         <input_file_ref idref="fl-e7"/>
      </object_component>
      <object_component id="oc-497">
         <name>.text</name>
         <load_address>0x1852c</load_address>
         <run_address>0x1852c</run_address>
         <size>0x334</size>
         <input_file_ref idref="fl-f9"/>
      </object_component>
      <object_component id="oc-481">
         <name>.text</name>
         <load_address>0x18860</load_address>
         <run_address>0x18860</run_address>
         <size>0x314</size>
         <input_file_ref idref="fl-f3"/>
      </object_component>
      <object_component id="oc-648">
         <name>.text</name>
         <load_address>0x18b74</load_address>
         <run_address>0x18b74</run_address>
         <size>0x308</size>
         <input_file_ref idref="fl-ed"/>
      </object_component>
      <object_component id="oc-39a">
         <name>.text</name>
         <load_address>0x18e7c</load_address>
         <run_address>0x18e7c</run_address>
         <size>0x2fc</size>
         <input_file_ref idref="fl-ef"/>
      </object_component>
      <object_component id="oc-419">
         <name>.text</name>
         <load_address>0x19178</load_address>
         <run_address>0x19178</run_address>
         <size>0x2e8</size>
         <input_file_ref idref="fl-8"/>
      </object_component>
      <object_component id="oc-46f">
         <name>.text</name>
         <load_address>0x19460</load_address>
         <run_address>0x19460</run_address>
         <size>0x2d0</size>
         <input_file_ref idref="fl-f4"/>
      </object_component>
      <object_component id="oc-7d3">
         <name>.tramp.HCI_CommandCompleteEvent.1</name>
         <load_address>0x19730</load_address>
         <run_address>0x19730</run_address>
         <size>0x8</size>
         <input_file_ref idref="fl-1f"/>
      </object_component>
      <object_component id="oc-7d4">
         <name>.tramp.HCI_CommandStatusEvent.1</name>
         <load_address>0x19738</load_address>
         <run_address>0x19738</run_address>
         <size>0x8</size>
         <input_file_ref idref="fl-1f"/>
      </object_component>
      <object_component id="oc-7d5">
         <name>.tramp.LL_EXT_ResetSystem.1</name>
         <load_address>0x19740</load_address>
         <run_address>0x19740</run_address>
         <size>0x8</size>
         <input_file_ref idref="fl-1f"/>
      </object_component>
      <object_component id="oc-7d6">
         <name>.tramp.LL_ReadLocalVersionInfo.1</name>
         <load_address>0x19748</load_address>
         <run_address>0x19748</run_address>
         <size>0x8</size>
         <input_file_ref idref="fl-1f"/>
      </object_component>
      <object_component id="oc-4ee">
         <name>.text</name>
         <load_address>0x19750</load_address>
         <run_address>0x19750</run_address>
         <size>0x294</size>
         <input_file_ref idref="fl-f8"/>
      </object_component>
      <object_component id="oc-38d">
         <name>.text</name>
         <load_address>0x199e4</load_address>
         <run_address>0x199e4</run_address>
         <size>0x284</size>
         <input_file_ref idref="fl-ec"/>
      </object_component>
      <object_component id="oc-387">
         <name>.text</name>
         <load_address>0x19c68</load_address>
         <run_address>0x19c68</run_address>
         <size>0x284</size>
         <input_file_ref idref="fl-f6"/>
      </object_component>
      <object_component id="oc-429">
         <name>.text</name>
         <load_address>0x19eec</load_address>
         <run_address>0x19eec</run_address>
         <size>0x244</size>
         <input_file_ref idref="fl-f"/>
      </object_component>
      <object_component id="oc-4cf">
         <name>.text</name>
         <load_address>0x1a130</load_address>
         <run_address>0x1a130</run_address>
         <size>0x1f4</size>
         <input_file_ref idref="fl-e3"/>
      </object_component>
      <object_component id="oc-621">
         <name>.text</name>
         <load_address>0x1a324</load_address>
         <run_address>0x1a324</run_address>
         <size>0x1ec</size>
         <input_file_ref idref="fl-e4"/>
      </object_component>
      <object_component id="oc-381">
         <name>.text</name>
         <load_address>0x1a510</load_address>
         <run_address>0x1a510</run_address>
         <size>0x1a0</size>
         <input_file_ref idref="fl-11"/>
      </object_component>
      <object_component id="oc-524">
         <name>.text</name>
         <load_address>0x1a6b0</load_address>
         <run_address>0x1a6b0</run_address>
         <size>0x15e</size>
         <input_file_ref idref="fl-f5"/>
      </object_component>
      <object_component id="oc-7d7">
         <name>.tramp.HCI_SetControllerToHostFlowCtrlCmd.1</name>
         <load_address>0x1a810</load_address>
         <run_address>0x1a810</run_address>
         <size>0x8</size>
         <input_file_ref idref="fl-1f"/>
      </object_component>
      <object_component id="oc-7d8">
         <name>.tramp.HCI_HostBufferSizeCmd.1</name>
         <load_address>0x1a818</load_address>
         <run_address>0x1a818</run_address>
         <size>0x8</size>
         <input_file_ref idref="fl-1f"/>
      </object_component>
      <object_component id="oc-7d9">
         <name>.tramp.HCI_HostNumCompletedPktCmd.1</name>
         <load_address>0x1a820</load_address>
         <run_address>0x1a820</run_address>
         <size>0x8</size>
         <input_file_ref idref="fl-1f"/>
      </object_component>
      <object_component id="oc-646">
         <name>.text</name>
         <load_address>0x1a828</load_address>
         <run_address>0x1a828</run_address>
         <size>0x13e</size>
         <input_file_ref idref="fl-f0"/>
      </object_component>
      <object_component id="oc-48f">
         <name>.text</name>
         <load_address>0x1a968</load_address>
         <run_address>0x1a968</run_address>
         <size>0x138</size>
         <input_file_ref idref="fl-fe"/>
      </object_component>
      <object_component id="oc-253">
         <name>.text</name>
         <load_address>0x1aaa0</load_address>
         <run_address>0x1aaa0</run_address>
         <size>0x114</size>
         <input_file_ref idref="fl-18"/>
      </object_component>
      <object_component id="oc-657">
         <name>.text</name>
         <load_address>0x1abb4</load_address>
         <run_address>0x1abb4</run_address>
         <size>0x10c</size>
         <input_file_ref idref="fl-eb"/>
      </object_component>
      <object_component id="oc-396">
         <name>.text</name>
         <load_address>0x1acc0</load_address>
         <run_address>0x1acc0</run_address>
         <size>0x104</size>
         <input_file_ref idref="fl-104"/>
      </object_component>
      <object_component id="oc-40d">
         <name>.text</name>
         <load_address>0x1adc4</load_address>
         <run_address>0x1adc4</run_address>
         <size>0xd0</size>
         <input_file_ref idref="fl-10"/>
      </object_component>
      <object_component id="oc-48d">
         <name>.text</name>
         <load_address>0x1ae94</load_address>
         <run_address>0x1ae94</run_address>
         <size>0xa8</size>
         <input_file_ref idref="fl-f2"/>
      </object_component>
      <object_component id="oc-7da">
         <name>.tramp.LL_CtrlToHostFlowControl.1</name>
         <load_address>0x1af3c</load_address>
         <run_address>0x1af3c</run_address>
         <size>0x8</size>
         <input_file_ref idref="fl-1f"/>
      </object_component>
      <object_component id="oc-226">
         <name>.text</name>
         <load_address>0x1af44</load_address>
         <run_address>0x1af44</run_address>
         <size>0x9c</size>
         <input_file_ref idref="fl-df"/>
      </object_component>
      <object_component id="oc-423">
         <name>.text</name>
         <load_address>0x1afe0</load_address>
         <run_address>0x1afe0</run_address>
         <size>0x90</size>
         <input_file_ref idref="fl-e"/>
      </object_component>
      <object_component id="oc-535">
         <name>.text</name>
         <load_address>0x1b070</load_address>
         <run_address>0x1b070</run_address>
         <size>0x82</size>
         <input_file_ref idref="fl-e8"/>
      </object_component>
      <object_component id="oc-23b">
         <name>.text</name>
         <load_address>0x1b0f2</load_address>
         <run_address>0x1b0f2</run_address>
         <size>0x7a</size>
         <input_file_ref idref="fl-e0"/>
      </object_component>
      <object_component id="oc-379">
         <name>.text</name>
         <load_address>0x1b16c</load_address>
         <run_address>0x1b16c</run_address>
         <size>0x78</size>
         <input_file_ref idref="fl-106"/>
      </object_component>
      <object_component id="oc-43b">
         <name>.text:NOROM_IntDisable</name>
         <load_address>0x1b1e4</load_address>
         <run_address>0x1b1e4</run_address>
         <size>0x78</size>
         <input_file_ref idref="fl-109"/>
      </object_component>
      <object_component id="oc-435">
         <name>.text:NOROM_IntEnable</name>
         <load_address>0x1b25c</load_address>
         <run_address>0x1b25c</run_address>
         <size>0x78</size>
         <input_file_ref idref="fl-109"/>
      </object_component>
      <object_component id="oc-241">
         <name>.text</name>
         <load_address>0x1b2d4</load_address>
         <run_address>0x1b2d4</run_address>
         <size>0x70</size>
         <input_file_ref idref="fl-d8"/>
      </object_component>
      <object_component id="oc-234">
         <name>.text</name>
         <load_address>0x1b344</load_address>
         <run_address>0x1b344</run_address>
         <size>0x6a</size>
         <input_file_ref idref="fl-da"/>
      </object_component>
      <object_component id="oc-4d9">
         <name>.text</name>
         <load_address>0x1b3b0</load_address>
         <run_address>0x1b3b0</run_address>
         <size>0x68</size>
         <input_file_ref idref="fl-c"/>
      </object_component>
      <object_component id="oc-24d">
         <name>.text</name>
         <load_address>0x1b418</load_address>
         <run_address>0x1b418</run_address>
         <size>0x68</size>
         <input_file_ref idref="fl-19"/>
      </object_component>
      <object_component id="oc-63e">
         <name>.text</name>
         <load_address>0x1b480</load_address>
         <run_address>0x1b480</run_address>
         <size>0x64</size>
         <input_file_ref idref="fl-15"/>
      </object_component>
      <object_component id="oc-441">
         <name>.text</name>
         <load_address>0x1b4e4</load_address>
         <run_address>0x1b4e4</run_address>
         <size>0x64</size>
         <input_file_ref idref="fl-7"/>
      </object_component>
      <object_component id="oc-3e2">
         <name>.text</name>
         <load_address>0x1b548</load_address>
         <run_address>0x1b548</run_address>
         <size>0x54</size>
         <input_file_ref idref="fl-1a"/>
      </object_component>
      <object_component id="oc-685">
         <name>.text</name>
         <load_address>0x1b59c</load_address>
         <run_address>0x1b59c</run_address>
         <size>0x54</size>
         <input_file_ref idref="fl-5"/>
      </object_component>
      <object_component id="oc-32a">
         <name>.text</name>
         <load_address>0x1b5f0</load_address>
         <run_address>0x1b5f0</run_address>
         <size>0x4c</size>
         <input_file_ref idref="fl-dc"/>
      </object_component>
      <object_component id="oc-351">
         <name>.text</name>
         <load_address>0x1b63c</load_address>
         <run_address>0x1b63c</run_address>
         <size>0x44</size>
         <input_file_ref idref="fl-d"/>
      </object_component>
      <object_component id="oc-67b">
         <name>.text</name>
         <load_address>0x1b680</load_address>
         <run_address>0x1b680</run_address>
         <size>0x3c</size>
         <input_file_ref idref="fl-13"/>
      </object_component>
      <object_component id="oc-247">
         <name>.text</name>
         <load_address>0x1b6bc</load_address>
         <run_address>0x1b6bc</run_address>
         <size>0x30</size>
         <input_file_ref idref="fl-16"/>
      </object_component>
      <object_component id="oc-6be">
         <name>.text:NOROM_TRNGConfigure</name>
         <load_address>0x1b6ec</load_address>
         <run_address>0x1b6ec</run_address>
         <size>0x26</size>
         <input_file_ref idref="fl-10a"/>
      </object_component>
      <object_component id="oc-718">
         <name>.text:NOROM_FlashProgram</name>
         <load_address>0x1b712</load_address>
         <run_address>0x1b712</run_address>
         <size>0x1e</size>
         <input_file_ref idref="fl-108"/>
      </object_component>
      <object_component id="oc-691">
         <name>.text:NOROM_FlashSectorErase</name>
         <load_address>0x1b730</load_address>
         <run_address>0x1b730</run_address>
         <size>0x1e</size>
         <input_file_ref idref="fl-108"/>
      </object_component>
      <object_component id="oc-4d4">
         <name>.text</name>
         <load_address>0x1b74e</load_address>
         <run_address>0x1b74e</run_address>
         <size>0x18</size>
         <input_file_ref idref="fl-dd"/>
      </object_component>
      <object_component id="oc-68b">
         <name>.text:NOROM_VIMSModeGet</name>
         <load_address>0x1b766</load_address>
         <run_address>0x1b766</run_address>
         <size>0x16</size>
         <input_file_ref idref="fl-10b"/>
      </object_component>
      <object_component id="oc-42f">
         <name>.text</name>
         <load_address>0x1b77c</load_address>
         <run_address>0x1b77c</run_address>
         <size>0x14</size>
         <input_file_ref idref="fl-1b"/>
      </object_component>
      <object_component id="oc-7db">
         <name>.tramp.LL_PseudoRand.1</name>
         <load_address>0x1b790</load_address>
         <run_address>0x1b790</run_address>
         <size>0x8</size>
         <input_file_ref idref="fl-1f"/>
      </object_component>
      <object_component id="oc-4df">
         <name>.text</name>
         <load_address>0x1b798</load_address>
         <run_address>0x1b798</run_address>
         <size>0x14</size>
         <input_file_ref idref="fl-e2"/>
      </object_component>
      <object_component id="oc-14">
         <name>.text:decompress:none</name>
         <load_address>0x1b7ac</load_address>
         <run_address>0x1b7ac</run_address>
         <size>0xe</size>
         <input_file_ref idref="fl-d9"/>
      </object_component>
      <object_component id="oc-341">
         <name>.text:NOROM_CPUcpsid</name>
         <load_address>0x1b7ba</load_address>
         <run_address>0x1b7ba</run_address>
         <size>0xc</size>
         <input_file_ref idref="fl-107"/>
      </object_component>
      <object_component id="oc-347">
         <name>.text:NOROM_CPUcpsie</name>
         <load_address>0x1b7c6</load_address>
         <run_address>0x1b7c6</run_address>
         <size>0xc</size>
         <input_file_ref idref="fl-107"/>
      </object_component>
      <object_component id="oc-1a">
         <name>.text:decompress:rle24</name>
         <load_address>0x1b7d2</load_address>
         <run_address>0x1b7d2</run_address>
         <size>0x6</size>
         <input_file_ref idref="fl-da"/>
      </object_component>
      <object_component id="oc-7d2">
         <name>.tramp.HCI_SendCommandCompleteEvent.1</name>
         <load_address>0x1b7d8</load_address>
         <run_address>0x1b7d8</run_address>
         <size>0x8</size>
         <input_file_ref idref="fl-1f"/>
      </object_component>
      <object_component id="oc-7d1">
         <name>.tramp.llCalcScaFactor.1</name>
         <load_address>0x1b7e0</load_address>
         <run_address>0x1b7e0</run_address>
         <size>0x8</size>
         <input_file_ref idref="fl-1f"/>
      </object_component>
      <object_component id="oc-7d0">
         <name>.tramp.HCI_LE_SetRandomAddressCmd.1</name>
         <load_address>0x1b7e8</load_address>
         <run_address>0x1b7e8</run_address>
         <size>0x8</size>
         <input_file_ref idref="fl-1f"/>
      </object_component>
      <object_component id="oc-7cf">
         <name>.tramp.llGetNumTxDataEntries.1</name>
         <load_address>0x1b7f0</load_address>
         <run_address>0x1b7f0</run_address>
         <size>0x8</size>
         <input_file_ref idref="fl-1f"/>
      </object_component>
      <object_component id="oc-7ce">
         <name>.tramp.LL_ENC_GenDeviceIV.1</name>
         <load_address>0x1b7f8</load_address>
         <run_address>0x1b7f8</run_address>
         <size>0x8</size>
         <input_file_ref idref="fl-1f"/>
      </object_component>
      <object_component id="oc-7cd">
         <name>.tramp.LL_ENC_GenDeviceSKD.1</name>
         <load_address>0x1b800</load_address>
         <run_address>0x1b800</run_address>
         <size>0x8</size>
         <input_file_ref idref="fl-1f"/>
      </object_component>
      <object_component id="oc-7cc">
         <name>.tramp.LL_ENC_ReverseBytes.1</name>
         <load_address>0x1b808</load_address>
         <run_address>0x1b808</run_address>
         <size>0x8</size>
         <input_file_ref idref="fl-1f"/>
      </object_component>
      <object_component id="oc-7cb">
         <name>.tramp.llMemCopySrc.1</name>
         <load_address>0x1b810</load_address>
         <run_address>0x1b810</run_address>
         <size>0x8</size>
         <input_file_ref idref="fl-1f"/>
      </object_component>
      <object_component id="oc-7ca">
         <name>.tramp.LL_ENC_Decrypt.1</name>
         <load_address>0x1b818</load_address>
         <run_address>0x1b818</run_address>
         <size>0x8</size>
         <input_file_ref idref="fl-1f"/>
      </object_component>
      <object_component id="oc-7c9">
         <name>.tramp.HCI_LE_LtkReqNegReplyCmd.1</name>
         <load_address>0x1b820</load_address>
         <run_address>0x1b820</run_address>
         <size>0x8</size>
         <input_file_ref idref="fl-1f"/>
      </object_component>
      <object_component id="oc-7c8">
         <name>.tramp.HCI_LE_LtkReqReplyCmd.1</name>
         <load_address>0x1b828</load_address>
         <run_address>0x1b828</run_address>
         <size>0x8</size>
         <input_file_ref idref="fl-1f"/>
      </object_component>
      <object_component id="oc-7c7">
         <name>.tramp.HCI_SendDataPkt.1</name>
         <load_address>0x1b830</load_address>
         <run_address>0x1b830</run_address>
         <size>0x8</size>
         <input_file_ref idref="fl-1f"/>
      </object_component>
      <object_component id="oc-7c6">
         <name>.tramp.HCI_LE_SetAdvParamCmd.1</name>
         <load_address>0x1b838</load_address>
         <run_address>0x1b838</run_address>
         <size>0x8</size>
         <input_file_ref idref="fl-1f"/>
      </object_component>
      <object_component id="oc-7c5">
         <name>.tramp.HCI_LE_SetAdvEnableCmd.1</name>
         <load_address>0x1b840</load_address>
         <run_address>0x1b840</run_address>
         <size>0x8</size>
         <input_file_ref idref="fl-1f"/>
      </object_component>
      <object_component id="oc-7c4">
         <name>.tramp.HCI_LE_SetScanRspDataCmd.1</name>
         <load_address>0x1b848</load_address>
         <run_address>0x1b848</run_address>
         <size>0x8</size>
         <input_file_ref idref="fl-1f"/>
      </object_component>
      <object_component id="oc-7c3">
         <name>.tramp.HCI_LE_SetAdvDataCmd.1</name>
         <load_address>0x1b850</load_address>
         <run_address>0x1b850</run_address>
         <size>0x8</size>
         <input_file_ref idref="fl-1f"/>
      </object_component>
      <object_component id="oc-7c2">
         <name>.tramp.llPatchCM0.1</name>
         <load_address>0x1b858</load_address>
         <run_address>0x1b858</run_address>
         <size>0x8</size>
         <input_file_ref idref="fl-1f"/>
      </object_component>
      <object_component id="oc-7c1">
         <name>.tramp.LL_Encrypt.1</name>
         <load_address>0x1b860</load_address>
         <run_address>0x1b860</run_address>
         <size>0x8</size>
         <input_file_ref idref="fl-1f"/>
      </object_component>
      <object_component id="oc-7c0">
         <name>.tramp.HCI_LE_RandCmd.1</name>
         <load_address>0x1b868</load_address>
         <run_address>0x1b868</run_address>
         <size>0x8</size>
         <input_file_ref idref="fl-1f"/>
      </object_component>
      <object_component id="oc-7bf">
         <name>.tramp.llMoveTempTxDataEntries.1</name>
         <load_address>0x1b870</load_address>
         <run_address>0x1b870</run_address>
         <size>0x8</size>
         <input_file_ref idref="fl-1f"/>
      </object_component>
      <object_component id="oc-7be">
         <name>.tramp.llSetupVersionIndReq.1</name>
         <load_address>0x1b878</load_address>
         <run_address>0x1b878</run_address>
         <size>0x8</size>
         <input_file_ref idref="fl-1f"/>
      </object_component>
      <object_component id="oc-7bd">
         <name>.tramp.LL_ReadRemoteVersionInfoCback.1</name>
         <load_address>0x1b880</load_address>
         <run_address>0x1b880</run_address>
         <size>0x8</size>
         <input_file_ref idref="fl-1f"/>
      </object_component>
      <object_component id="oc-7bc">
         <name>.tramp.llSetupPauseEncRsp.1</name>
         <load_address>0x1b888</load_address>
         <run_address>0x1b888</run_address>
         <size>0x8</size>
         <input_file_ref idref="fl-1f"/>
      </object_component>
      <object_component id="oc-7bb">
         <name>.tramp.llSetupStartEncRsp.1</name>
         <load_address>0x1b890</load_address>
         <run_address>0x1b890</run_address>
         <size>0x8</size>
         <input_file_ref idref="fl-1f"/>
      </object_component>
      <object_component id="oc-7ba">
         <name>.tramp.LL_EncChangeCback.1</name>
         <load_address>0x1b898</load_address>
         <run_address>0x1b898</run_address>
         <size>0x8</size>
         <input_file_ref idref="fl-1f"/>
      </object_component>
      <object_component id="oc-7b9">
         <name>.tramp.LL_EncKeyRefreshCback.1</name>
         <load_address>0x1b8a0</load_address>
         <run_address>0x1b8a0</run_address>
         <size>0x8</size>
         <input_file_ref idref="fl-1f"/>
      </object_component>
      <object_component id="oc-7b8">
         <name>.tramp.LL_ENC_AES128_Encrypt.1</name>
         <load_address>0x1b8a8</load_address>
         <run_address>0x1b8a8</run_address>
         <size>0x8</size>
         <input_file_ref idref="fl-1f"/>
      </object_component>
      <object_component id="oc-7b7">
         <name>.tramp.llSetupStartEncReq.1</name>
         <load_address>0x1b8b0</load_address>
         <run_address>0x1b8b0</run_address>
         <size>0x8</size>
         <input_file_ref idref="fl-1f"/>
      </object_component>
      <object_component id="oc-7b6">
         <name>.tramp.llSetupEncRsp.1</name>
         <load_address>0x1b8b8</load_address>
         <run_address>0x1b8b8</run_address>
         <size>0x8</size>
         <input_file_ref idref="fl-1f"/>
      </object_component>
      <object_component id="oc-7b5">
         <name>.tramp.LL_EncLtkReqCback.1</name>
         <load_address>0x1b8c0</load_address>
         <run_address>0x1b8c0</run_address>
         <size>0x8</size>
         <input_file_ref idref="fl-1f"/>
      </object_component>
      <object_component id="oc-7b4">
         <name>.tramp.llSetupUnknownRsp.1</name>
         <load_address>0x1b8c8</load_address>
         <run_address>0x1b8c8</run_address>
         <size>0x8</size>
         <input_file_ref idref="fl-1f"/>
      </object_component>
      <object_component id="oc-7b3">
         <name>.tramp.llConvertCtrlProcTimeoutToEvent.1</name>
         <load_address>0x1b8d0</load_address>
         <run_address>0x1b8d0</run_address>
         <size>0x8</size>
         <input_file_ref idref="fl-1f"/>
      </object_component>
      <object_component id="oc-7b2">
         <name>.tramp.llConvertLstoToEvent.1</name>
         <load_address>0x1b8d8</load_address>
         <run_address>0x1b8d8</run_address>
         <size>0x8</size>
         <input_file_ref idref="fl-1f"/>
      </object_component>
      <object_component id="oc-7b1">
         <name>.tramp.llEventInRange.1</name>
         <load_address>0x1b8e0</load_address>
         <run_address>0x1b8e0</run_address>
         <size>0x8</size>
         <input_file_ref idref="fl-1f"/>
      </object_component>
      <object_component id="oc-7b0">
         <name>.tramp.llCheckForLstoDuringSL.1</name>
         <load_address>0x1b8e8</load_address>
         <run_address>0x1b8e8</run_address>
         <size>0x8</size>
         <input_file_ref idref="fl-1f"/>
      </object_component>
      <object_component id="oc-7af">
         <name>.tramp.llConnTerminate.1</name>
         <load_address>0x1b8f0</load_address>
         <run_address>0x1b8f0</run_address>
         <size>0x8</size>
         <input_file_ref idref="fl-1f"/>
      </object_component>
      <object_component id="oc-7ae">
         <name>.tramp.HCI_DisconnectCmd.1</name>
         <load_address>0x1b8f8</load_address>
         <run_address>0x1b8f8</run_address>
         <size>0x8</size>
         <input_file_ref idref="fl-1f"/>
      </object_component>
      <object_component id="oc-7ad">
         <name>.tramp.HCI_ReadRemoteVersionInfoCmd.1</name>
         <load_address>0x1b900</load_address>
         <run_address>0x1b900</run_address>
         <size>0x8</size>
         <input_file_ref idref="fl-1f"/>
      </object_component>
      <object_component id="oc-7ac">
         <name>.tramp.HCI_SetEventMaskCmd.1</name>
         <load_address>0x1b908</load_address>
         <run_address>0x1b908</run_address>
         <size>0x8</size>
         <input_file_ref idref="fl-1f"/>
      </object_component>
      <object_component id="oc-7ab">
         <name>.tramp.HCI_ReadTransmitPowerLevelCmd.1</name>
         <load_address>0x1b910</load_address>
         <run_address>0x1b910</run_address>
         <size>0x8</size>
         <input_file_ref idref="fl-1f"/>
      </object_component>
      <object_component id="oc-7aa">
         <name>.tramp.HCI_ReadLocalSupportedFeaturesCmd.1</name>
         <load_address>0x1b918</load_address>
         <run_address>0x1b918</run_address>
         <size>0x8</size>
         <input_file_ref idref="fl-1f"/>
      </object_component>
      <object_component id="oc-7a9">
         <name>.tramp.HCI_ReadBDADDRCmd.1</name>
         <load_address>0x1b920</load_address>
         <run_address>0x1b920</run_address>
         <size>0x8</size>
         <input_file_ref idref="fl-1f"/>
      </object_component>
      <object_component id="oc-7a8">
         <name>.tramp.HCI_ReadRssiCmd.1</name>
         <load_address>0x1b928</load_address>
         <run_address>0x1b928</run_address>
         <size>0x8</size>
         <input_file_ref idref="fl-1f"/>
      </object_component>
      <object_component id="oc-7a7">
         <name>.tramp.HCI_LE_ReadLocalSupportedFeaturesCmd.1</name>
         <load_address>0x1b930</load_address>
         <run_address>0x1b930</run_address>
         <size>0x8</size>
         <input_file_ref idref="fl-1f"/>
      </object_component>
      <object_component id="oc-7a6">
         <name>.tramp.HCI_LE_ReadAdvChanTxPowerCmd.1</name>
         <load_address>0x1b938</load_address>
         <run_address>0x1b938</run_address>
         <size>0x8</size>
         <input_file_ref idref="fl-1f"/>
      </object_component>
      <object_component id="oc-7a5">
         <name>.tramp.HCI_LE_ReadWhiteListSizeCmd.1</name>
         <load_address>0x1b940</load_address>
         <run_address>0x1b940</run_address>
         <size>0x8</size>
         <input_file_ref idref="fl-1f"/>
      </object_component>
      <object_component id="oc-7a4">
         <name>.tramp.HCI_LE_RemoveWhiteListCmd.1</name>
         <load_address>0x1b948</load_address>
         <run_address>0x1b948</run_address>
         <size>0x8</size>
         <input_file_ref idref="fl-1f"/>
      </object_component>
      <object_component id="oc-7a3">
         <name>.tramp.HCI_LE_ReadChannelMapCmd.1</name>
         <load_address>0x1b950</load_address>
         <run_address>0x1b950</run_address>
         <size>0x8</size>
         <input_file_ref idref="fl-1f"/>
      </object_component>
      <object_component id="oc-7a2">
         <name>.tramp.HCI_LE_EncryptCmd.1</name>
         <load_address>0x1b958</load_address>
         <run_address>0x1b958</run_address>
         <size>0x8</size>
         <input_file_ref idref="fl-1f"/>
      </object_component>
      <object_component id="oc-7a1">
         <name>.tramp.HCI_LE_ReadSupportedStatesCmd.1</name>
         <load_address>0x1b960</load_address>
         <run_address>0x1b960</run_address>
         <size>0x8</size>
         <input_file_ref idref="fl-1f"/>
      </object_component>
      <object_component id="oc-7a0">
         <name>.tramp.HCI_LE_TestEndCmd.1</name>
         <load_address>0x1b968</load_address>
         <run_address>0x1b968</run_address>
         <size>0x8</size>
         <input_file_ref idref="fl-1f"/>
      </object_component>
      <object_component id="oc-79f">
         <name>.tramp.HCI_EXT_SetTxPowerCmd.1</name>
         <load_address>0x1b970</load_address>
         <run_address>0x1b970</run_address>
         <size>0x8</size>
         <input_file_ref idref="fl-1f"/>
      </object_component>
      <object_component id="oc-79e">
         <name>.tramp.HCI_EXT_OnePktPerEvtCmd.1</name>
         <load_address>0x1b978</load_address>
         <run_address>0x1b978</run_address>
         <size>0x8</size>
         <input_file_ref idref="fl-1f"/>
      </object_component>
      <object_component id="oc-79d">
         <name>.tramp.HCI_EXT_DecryptCmd.1</name>
         <load_address>0x1b980</load_address>
         <run_address>0x1b980</run_address>
         <size>0x8</size>
         <input_file_ref idref="fl-1f"/>
      </object_component>
      <object_component id="oc-79c">
         <name>.tramp.HCI_EXT_SetLocalSupportedFeaturesCmd.1</name>
         <load_address>0x1b988</load_address>
         <run_address>0x1b988</run_address>
         <size>0x8</size>
         <input_file_ref idref="fl-1f"/>
      </object_component>
      <object_component id="oc-79b">
         <name>.tramp.HCI_EXT_SetFastTxResponseTimeCmd.1</name>
         <load_address>0x1b990</load_address>
         <run_address>0x1b990</run_address>
         <size>0x8</size>
         <input_file_ref idref="fl-1f"/>
      </object_component>
      <object_component id="oc-79a">
         <name>.tramp.HCI_EXT_ModemTestTxCmd.1</name>
         <load_address>0x1b998</load_address>
         <run_address>0x1b998</run_address>
         <size>0x8</size>
         <input_file_ref idref="fl-1f"/>
      </object_component>
      <object_component id="oc-799">
         <name>.tramp.HCI_EXT_ModemHopTestTxCmd.1</name>
         <load_address>0x1b9a0</load_address>
         <run_address>0x1b9a0</run_address>
         <size>0x8</size>
         <input_file_ref idref="fl-1f"/>
      </object_component>
      <object_component id="oc-798">
         <name>.tramp.HCI_EXT_ModemTestRxCmd.1</name>
         <load_address>0x1b9a8</load_address>
         <run_address>0x1b9a8</run_address>
         <size>0x8</size>
         <input_file_ref idref="fl-1f"/>
      </object_component>
      <object_component id="oc-797">
         <name>.tramp.HCI_EXT_EndModemTestCmd.1</name>
         <load_address>0x1b9b0</load_address>
         <run_address>0x1b9b0</run_address>
         <size>0x8</size>
         <input_file_ref idref="fl-1f"/>
      </object_component>
      <object_component id="oc-796">
         <name>.tramp.HCI_EXT_SetBDADDRCmd.1</name>
         <load_address>0x1b9b8</load_address>
         <run_address>0x1b9b8</run_address>
         <size>0x8</size>
         <input_file_ref idref="fl-1f"/>
      </object_component>
      <object_component id="oc-795">
         <name>.tramp.HCI_EXT_SetSCACmd.1</name>
         <load_address>0x1b9c0</load_address>
         <run_address>0x1b9c0</run_address>
         <size>0x8</size>
         <input_file_ref idref="fl-1f"/>
      </object_component>
      <object_component id="oc-794">
         <name>.tramp.HCI_EXT_EnablePTMCmd.1</name>
         <load_address>0x1b9c8</load_address>
         <run_address>0x1b9c8</run_address>
         <size>0x8</size>
         <input_file_ref idref="fl-1f"/>
      </object_component>
      <object_component id="oc-793">
         <name>.tramp.HCI_EXT_SetMaxDtmTxPowerCmd.1</name>
         <load_address>0x1b9d0</load_address>
         <run_address>0x1b9d0</run_address>
         <size>0x8</size>
         <input_file_ref idref="fl-1f"/>
      </object_component>
      <object_component id="oc-792">
         <name>.tramp.HCI_EXT_DisconnectImmedCmd.1</name>
         <load_address>0x1b9d8</load_address>
         <run_address>0x1b9d8</run_address>
         <size>0x8</size>
         <input_file_ref idref="fl-1f"/>
      </object_component>
      <object_component id="oc-791">
         <name>.tramp.HCI_EXT_PacketErrorRateCmd.1</name>
         <load_address>0x1b9e0</load_address>
         <run_address>0x1b9e0</run_address>
         <size>0x8</size>
         <input_file_ref idref="fl-1f"/>
      </object_component>
      <object_component id="oc-790">
         <name>.tramp.HCI_EXT_PERbyChanCmd.1</name>
         <load_address>0x1b9e8</load_address>
         <run_address>0x1b9e8</run_address>
         <size>0x8</size>
         <input_file_ref idref="fl-1f"/>
      </object_component>
      <object_component id="oc-78f">
         <name>.tramp.HCI_EXT_AdvEventNoticeCmd.1</name>
         <load_address>0x1b9f0</load_address>
         <run_address>0x1b9f0</run_address>
         <size>0x8</size>
         <input_file_ref idref="fl-1f"/>
      </object_component>
      <object_component id="oc-78e">
         <name>.tramp.HCI_EXT_SetSlaveLatencyOverrideCmd.1</name>
         <load_address>0x1b9f8</load_address>
         <run_address>0x1b9f8</run_address>
         <size>0x8</size>
         <input_file_ref idref="fl-1f"/>
      </object_component>
      <object_component id="oc-78d">
         <name>.tramp.HCI_EXT_BuildRevisionCmd.1</name>
         <load_address>0x1ba00</load_address>
         <run_address>0x1ba00</run_address>
         <size>0x8</size>
         <input_file_ref idref="fl-1f"/>
      </object_component>
      <object_component id="oc-78c">
         <name>.tramp.HCI_EXT_NumComplPktsLimitCmd.1</name>
         <load_address>0x1ba08</load_address>
         <run_address>0x1ba08</run_address>
         <size>0x8</size>
         <input_file_ref idref="fl-1f"/>
      </object_component>
      <object_component id="oc-78b">
         <name>.tramp.llSetupRejectInd.1</name>
         <load_address>0x1ba10</load_address>
         <run_address>0x1ba10</run_address>
         <size>0x8</size>
         <input_file_ref idref="fl-1f"/>
      </object_component>
      <object_component id="oc-78a">
         <name>.tramp.llTimeDelta.1</name>
         <load_address>0x1ba18</load_address>
         <run_address>0x1ba18</run_address>
         <size>0x8</size>
         <input_file_ref idref="fl-1f"/>
      </object_component>
      <object_component id="oc-789">
         <name>.tramp.LL_RX_bm_alloc.1</name>
         <load_address>0x1ba20</load_address>
         <run_address>0x1ba20</run_address>
         <size>0x8</size>
         <input_file_ref idref="fl-1f"/>
      </object_component>
      <object_component id="oc-788">
         <name>.tramp.HCI_bm_alloc.1</name>
         <load_address>0x1ba28</load_address>
         <run_address>0x1ba28</run_address>
         <size>0x8</size>
         <input_file_ref idref="fl-1f"/>
      </object_component>
      <object_component id="oc-787">
         <name>.tramp.llTimeCompare.1</name>
         <load_address>0x1ba30</load_address>
         <run_address>0x1ba30</run_address>
         <size>0x8</size>
         <input_file_ref idref="fl-1f"/>
      </object_component>
      <object_component id="oc-786">
         <name>.tramp.llReleaseConnId.1</name>
         <load_address>0x1ba38</load_address>
         <run_address>0x1ba38</run_address>
         <size>0x8</size>
         <input_file_ref idref="fl-1f"/>
      </object_component>
      <object_component id="oc-785">
         <name>.tramp.LL_ENC_Encrypt.1</name>
         <load_address>0x1ba40</load_address>
         <run_address>0x1ba40</run_address>
         <size>0x8</size>
         <input_file_ref idref="fl-1f"/>
      </object_component>
      <object_component id="oc-784">
         <name>.tramp.LL_TX_bm_alloc.1</name>
         <load_address>0x1ba48</load_address>
         <run_address>0x1ba48</run_address>
         <size>0x8</size>
         <input_file_ref idref="fl-1f"/>
      </object_component>
      <object_component id="oc-783">
         <name>.tramp.llEventDelta.1</name>
         <load_address>0x1ba50</load_address>
         <run_address>0x1ba50</run_address>
         <size>0x8</size>
         <input_file_ref idref="fl-1f"/>
      </object_component>
      <object_component id="oc-782">
         <name>.tramp.llFreeTask.1</name>
         <load_address>0x1ba58</load_address>
         <run_address>0x1ba58</run_address>
         <size>0x8</size>
         <input_file_ref idref="fl-1f"/>
      </object_component>
      <object_component id="oc-781">
         <name>.tramp.llGetNumTasks.1</name>
         <load_address>0x1ba60</load_address>
         <run_address>0x1ba60</run_address>
         <size>0x8</size>
         <input_file_ref idref="fl-1f"/>
      </object_component>
      <object_component id="oc-780">
         <name>.tramp.llScheduler.1</name>
         <load_address>0x1ba68</load_address>
         <run_address>0x1ba68</run_address>
         <size>0x8</size>
         <input_file_ref idref="fl-1f"/>
      </object_component>
      <object_component id="oc-77f">
         <name>.tramp.llSetupAdv.1</name>
         <load_address>0x1ba70</load_address>
         <run_address>0x1ba70</run_address>
         <size>0x8</size>
         <input_file_ref idref="fl-1f"/>
      </object_component>
      <object_component id="oc-77e">
         <name>.tramp.llGetActiveTasks.1</name>
         <load_address>0x1ba78</load_address>
         <run_address>0x1ba78</run_address>
         <size>0x8</size>
         <input_file_ref idref="fl-1f"/>
      </object_component>
      <object_component id="oc-77d">
         <name>.tramp.LL_DirectTestEndDoneCback.1</name>
         <load_address>0x1ba80</load_address>
         <run_address>0x1ba80</run_address>
         <size>0x8</size>
         <input_file_ref idref="fl-1f"/>
      </object_component>
      <object_component id="oc-77c">
         <name>.tramp.llRfStartFS.1</name>
         <load_address>0x1ba88</load_address>
         <run_address>0x1ba88</run_address>
         <size>0x8</size>
         <input_file_ref idref="fl-1f"/>
      </object_component>
      <object_component id="oc-77b">
         <name>.tramp.llWriteTxData.1</name>
         <load_address>0x1ba90</load_address>
         <run_address>0x1ba90</run_address>
         <size>0x8</size>
         <input_file_ref idref="fl-1f"/>
      </object_component>
      <object_component id="oc-77a">
         <name>.tramp.HCI_DataBufferOverflowEvent.1</name>
         <load_address>0x1ba98</load_address>
         <run_address>0x1ba98</run_address>
         <size>0x8</size>
         <input_file_ref idref="fl-1f"/>
      </object_component>
      <object_component id="oc-779">
         <name>.tramp.llEnqueueCtrlPkt.1</name>
         <load_address>0x1baa0</load_address>
         <run_address>0x1baa0</run_address>
         <size>0x8</size>
         <input_file_ref idref="fl-1f"/>
      </object_component>
      <object_component id="oc-778">
         <name>.tramp.LL_ConnActive.1</name>
         <load_address>0x1baa8</load_address>
         <run_address>0x1baa8</run_address>
         <size>0x8</size>
         <input_file_ref idref="fl-1f"/>
      </object_component>
      <object_component id="oc-777">
         <name>.tramp.llReleaseAllConnId.1</name>
         <load_address>0x1bab0</load_address>
         <run_address>0x1bab0</run_address>
         <size>0x8</size>
         <input_file_ref idref="fl-1f"/>
      </object_component>
      <object_component id="oc-776">
         <name>.tramp.LL_ClearWhiteList.1</name>
         <load_address>0x1bab8</load_address>
         <run_address>0x1bab8</run_address>
         <size>0x8</size>
         <input_file_ref idref="fl-1f"/>
      </object_component>
      <object_component id="oc-775">
         <name>.tramp.LL_ENC_Init.1</name>
         <load_address>0x1bac0</load_address>
         <run_address>0x1bac0</run_address>
         <size>0x8</size>
         <input_file_ref idref="fl-1f"/>
      </object_component>
      <object_component id="oc-774">
         <name>.tramp.WL_Init.1</name>
         <load_address>0x1bac8</load_address>
         <run_address>0x1bac8</run_address>
         <size>0x8</size>
         <input_file_ref idref="fl-1f"/>
      </object_component>
      <object_component id="oc-773">
         <name>.tramp.llHaltRadio.1</name>
         <load_address>0x1bad0</load_address>
         <run_address>0x1bad0</run_address>
         <size>0x8</size>
         <input_file_ref idref="fl-1f"/>
      </object_component>
      <object_component id="oc-772">
         <name>.tramp.HCI_HardwareErrorEvent.1</name>
         <load_address>0x1bad8</load_address>
         <run_address>0x1bad8</run_address>
         <size>0x8</size>
         <input_file_ref idref="fl-1f"/>
      </object_component>
      <object_component id="oc-771">
         <name>.tramp.LL_ConnectionCompleteCback.1</name>
         <load_address>0x1bae0</load_address>
         <run_address>0x1bae0</run_address>
         <size>0x8</size>
         <input_file_ref idref="fl-1f"/>
      </object_component>
      <object_component id="oc-770">
         <name>.tramp.llGetCurrentTask.1</name>
         <load_address>0x1bae8</load_address>
         <run_address>0x1bae8</run_address>
         <size>0x8</size>
         <input_file_ref idref="fl-1f"/>
      </object_component>
      <object_component id="oc-76f">
         <name>.tramp.LL_ENC_GenerateTrueRandNum.1</name>
         <load_address>0x1baf0</load_address>
         <run_address>0x1baf0</run_address>
         <size>0x8</size>
         <input_file_ref idref="fl-1f"/>
      </object_component>
      <object_component id="oc-76e">
         <name>.tramp.llInitRAT.1</name>
         <load_address>0x1baf8</load_address>
         <run_address>0x1baf8</run_address>
         <size>0x8</size>
         <input_file_ref idref="fl-1f"/>
      </object_component>
      <object_component id="oc-76d">
         <name>.tramp.llGetCurrentTime.1</name>
         <load_address>0x1bb00</load_address>
         <run_address>0x1bb00</run_address>
         <size>0x8</size>
         <input_file_ref idref="fl-1f"/>
      </object_component>
      <object_component id="oc-76c">
         <name>.tramp.llSetupRfHal.1</name>
         <load_address>0x1bb08</load_address>
         <run_address>0x1bb08</run_address>
         <size>0x8</size>
         <input_file_ref idref="fl-1f"/>
      </object_component>
      <object_component id="oc-76b">
         <name>.tramp.llSetupMailbox.1</name>
         <load_address>0x1bb10</load_address>
         <run_address>0x1bb10</run_address>
         <size>0x8</size>
         <input_file_ref idref="fl-1f"/>
      </object_component>
      <object_component id="oc-76a">
         <name>.tramp.llResetRadio.1</name>
         <load_address>0x1bb18</load_address>
         <run_address>0x1bb18</run_address>
         <size>0x8</size>
         <input_file_ref idref="fl-1f"/>
      </object_component>
      <object_component id="oc-769">
         <name>.tramp.HCI_LE_AddWhiteListCmd.1</name>
         <load_address>0x1bb20</load_address>
         <run_address>0x1bb20</run_address>
         <size>0x8</size>
         <input_file_ref idref="fl-1f"/>
      </object_component>
      <object_component id="oc-768">
         <name>.tramp.HCI_LE_ClearWhiteListCmd.1</name>
         <load_address>0x1bb28</load_address>
         <run_address>0x1bb28</run_address>
         <size>0x8</size>
         <input_file_ref idref="fl-1f"/>
      </object_component>
      <object_component id="oc-34d">
         <name>.const:$O12$$</name>
         <load_address>0x1bb30</load_address>
         <run_address>0x1bb30</run_address>
         <size>0x664</size>
         <input_file_ref idref="fl-19"/>
      </object_component>
      <object_component id="oc-33d">
         <name>.const:$O10$$</name>
         <load_address>0x1c194</load_address>
         <run_address>0x1c194</run_address>
         <size>0x10c</size>
         <input_file_ref idref="fl-16"/>
      </object_component>
      <object_component id="oc-4e5">
         <name>.const:tasksArr</name>
         <load_address>0x1c2a0</load_address>
         <run_address>0x1c2a0</run_address>
         <size>0x28</size>
         <input_file_ref idref="fl-18"/>
      </object_component>
      <object_component id="oc-46e">
         <name>.rodata</name>
         <load_address>0x1c2c8</load_address>
         <run_address>0x1c2c8</run_address>
         <size>0x5c</size>
         <input_file_ref idref="fl-fb"/>
      </object_component>
      <object_component id="oc-737">
         <name>.rodata</name>
         <load_address>0x1c324</load_address>
         <run_address>0x1c324</run_address>
         <size>0x8</size>
         <input_file_ref idref="fl-ed"/>
      </object_component>
      <object_component id="oc-703">
         <name>.rodata</name>
         <load_address>0x1c32c</load_address>
         <run_address>0x1c32c</run_address>
         <size>0x8</size>
         <input_file_ref idref="fl-f1"/>
      </object_component>
      <object_component id="oc-681">
         <name>.rodata</name>
         <load_address>0x1c334</load_address>
         <run_address>0x1c334</run_address>
         <size>0x2</size>
         <input_file_ref idref="fl-fd"/>
      </object_component>
      <object_component id="oc-765">
         <name>.cinit..data.load</name>
         <load_address>0x1c338</load_address>
         <run_address>0x1c338</run_address>
         <size>0x150</size>
      </object_component>
      <object_component id="oc-766">
         <name>.cinit..bss.load</name>
         <load_address>0x1c488</load_address>
         <run_address>0x1c488</run_address>
         <size>0xb</size>
      </object_component>
      <object_component id="oc-767">
         <name>.cinit..TI.bound:mbIntCbackTable.load</name>
         <load_address>0x1c498</load_address>
         <run_address>0x1c498</run_address>
         <size>0x9</size>
      </object_component>
      <object_component id="oc-763">
         <name>__TI_handler_table</name>
         <load_address>0x1c4a4</load_address>
         <run_address>0x1c4a4</run_address>
         <size>0x8</size>
      </object_component>
      <object_component id="oc-764">
         <name>__TI_cinit_table</name>
         <load_address>0x1c4ac</load_address>
         <run_address>0x1c4ac</run_address>
         <size>0x18</size>
      </object_component>
      <object_component id="oc-26">
         <name>EntrySection</name>
         <load_address>0xe000</load_address>
         <run_address>0xe000</run_address>
         <size>0x2c</size>
         <input_file_ref idref="fl-17"/>
      </object_component>
      <object_component id="oc-591">
         <name>.data</name>
         <load_address>0x20004658</load_address>
         <run_address>0x20004658</run_address>
         <size>0x2c</size>
         <input_file_ref idref="fl-e7"/>
      </object_component>
      <object_component id="oc-6e2">
         <name>.data</name>
         <load_address>0x200045a0</load_address>
         <run_address>0x200045a0</run_address>
         <size>0x50</size>
         <input_file_ref idref="fl-e7"/>
      </object_component>
      <object_component id="oc-592">
         <name>.data</name>
         <load_address>0x200046a8</load_address>
         <run_address>0x200046a8</run_address>
         <size>0x1c</size>
         <input_file_ref idref="fl-e9"/>
      </object_component>
      <object_component id="oc-70c">
         <name>.data</name>
         <load_address>0x200046c4</load_address>
         <run_address>0x200046c4</run_address>
         <size>0x1c</size>
         <input_file_ref idref="fl-ea"/>
      </object_component>
      <object_component id="oc-709">
         <name>.data</name>
         <load_address>0x20004738</load_address>
         <run_address>0x20004738</run_address>
         <size>0x4</size>
         <input_file_ref idref="fl-eb"/>
      </object_component>
      <object_component id="oc-590">
         <name>.data</name>
         <load_address>0x20004700</load_address>
         <run_address>0x20004700</run_address>
         <size>0xc</size>
         <input_file_ref idref="fl-ec"/>
      </object_component>
      <object_component id="oc-738">
         <name>.data</name>
         <load_address>0x20004742</load_address>
         <run_address>0x20004742</run_address>
         <size>0x1</size>
         <input_file_ref idref="fl-ed"/>
      </object_component>
      <object_component id="oc-704">
         <name>.data</name>
         <load_address>0x20004684</load_address>
         <run_address>0x20004684</run_address>
         <size>0x24</size>
         <input_file_ref idref="fl-ed"/>
      </object_component>
      <object_component id="oc-739">
         <name>.data</name>
         <load_address>0x20004743</load_address>
         <run_address>0x20004743</run_address>
         <size>0x1</size>
         <input_file_ref idref="fl-ed"/>
      </object_component>
      <object_component id="oc-73a">
         <name>.data</name>
         <load_address>0x20004744</load_address>
         <run_address>0x20004744</run_address>
         <size>0x1</size>
         <input_file_ref idref="fl-ed"/>
      </object_component>
      <object_component id="oc-705">
         <name>.data</name>
         <load_address>0x20004530</load_address>
         <run_address>0x20004530</run_address>
         <size>0x70</size>
         <input_file_ref idref="fl-ed"/>
      </object_component>
      <object_component id="oc-700">
         <name>.data</name>
         <load_address>0x20004745</load_address>
         <run_address>0x20004745</run_address>
         <size>0x1</size>
         <input_file_ref idref="fl-ee"/>
      </object_component>
      <object_component id="oc-6ff">
         <name>.data</name>
         <load_address>0x2000472c</load_address>
         <run_address>0x2000472c</run_address>
         <size>0x8</size>
         <input_file_ref idref="fl-ee"/>
      </object_component>
      <object_component id="oc-639">
         <name>.data</name>
         <load_address>0x20004746</load_address>
         <run_address>0x20004746</run_address>
         <size>0x1</size>
         <input_file_ref idref="fl-ef"/>
      </object_component>
      <object_component id="oc-63b">
         <name>.data</name>
         <load_address>0x20004747</load_address>
         <run_address>0x20004747</run_address>
         <size>0x1</size>
         <input_file_ref idref="fl-f1"/>
      </object_component>
      <object_component id="oc-644">
         <name>.data</name>
         <load_address>0x200046e0</load_address>
         <run_address>0x200046e0</run_address>
         <size>0x10</size>
         <input_file_ref idref="fl-f1"/>
      </object_component>
      <object_component id="oc-6de">
         <name>.data</name>
         <load_address>0x20004740</load_address>
         <run_address>0x20004740</run_address>
         <size>0x2</size>
         <input_file_ref idref="fl-f6"/>
      </object_component>
      <object_component id="oc-6d0">
         <name>.data</name>
         <load_address>0x2000470c</load_address>
         <run_address>0x2000470c</run_address>
         <size>0xc</size>
         <input_file_ref idref="fl-fa"/>
      </object_component>
      <object_component id="oc-683">
         <name>.data</name>
         <load_address>0x200046f0</load_address>
         <run_address>0x200046f0</run_address>
         <size>0x10</size>
         <input_file_ref idref="fl-fb"/>
      </object_component>
      <object_component id="oc-6c8">
         <name>.data</name>
         <load_address>0x200045f0</load_address>
         <run_address>0x200045f0</run_address>
         <size>0x3c</size>
         <input_file_ref idref="fl-100"/>
      </object_component>
      <object_component id="oc-73b">
         <name>.data</name>
         <load_address>0x20004718</load_address>
         <run_address>0x20004718</run_address>
         <size>0xc</size>
         <input_file_ref idref="fl-103"/>
      </object_component>
      <object_component id="oc-6aa">
         <name>.data</name>
         <load_address>0x2000473c</load_address>
         <run_address>0x2000473c</run_address>
         <size>0x4</size>
         <input_file_ref idref="fl-10"/>
      </object_component>
      <object_component id="oc-3ef">
         <name>.data:$O3$$</name>
         <load_address>0x2000462c</load_address>
         <run_address>0x2000462c</run_address>
         <size>0x2c</size>
         <input_file_ref idref="fl-b"/>
      </object_component>
      <object_component id="oc-6d4">
         <name>.data:$O4$$</name>
         <load_address>0x20004724</load_address>
         <run_address>0x20004724</run_address>
         <size>0x8</size>
         <input_file_ref idref="fl-c"/>
      </object_component>
      <object_component id="oc-6b3">
         <name>.data:$O5$$</name>
         <load_address>0x20004734</load_address>
         <run_address>0x20004734</run_address>
         <size>0x4</size>
         <input_file_ref idref="fl-e"/>
      </object_component>
      <object_component id="oc-4ea">
         <name>.data:$O7$$</name>
         <load_address>0x200044b4</load_address>
         <run_address>0x200044b4</run_address>
         <size>0x7c</size>
         <input_file_ref idref="fl-11"/>
      </object_component>
      <object_component id="oc-654">
         <name>.data:$O9$$</name>
         <load_address>0x200043e8</load_address>
         <run_address>0x200043e8</run_address>
         <size>0xcc</size>
         <input_file_ref idref="fl-14"/>
      </object_component>
      <object_component id="oc-701">
         <name>.bss</name>
         <uninitialized>true</uninitialized>
         <run_address>0x2000488c</run_address>
         <size>0x4</size>
         <input_file_ref idref="fl-e4"/>
      </object_component>
      <object_component id="oc-6e1">
         <name>.bss</name>
         <uninitialized>true</uninitialized>
         <run_address>0x20004894</run_address>
         <size>0x4</size>
         <input_file_ref idref="fl-e8"/>
      </object_component>
      <object_component id="oc-6e0">
         <name>.bss</name>
         <uninitialized>true</uninitialized>
         <run_address>0x20004890</run_address>
         <size>0x4</size>
         <input_file_ref idref="fl-e8"/>
      </object_component>
      <object_component id="oc-593">
         <name>.bss</name>
         <uninitialized>true</uninitialized>
         <run_address>0x20004898</run_address>
         <size>0x4</size>
         <input_file_ref idref="fl-e9"/>
      </object_component>
      <object_component id="oc-70d">
         <name>.bss</name>
         <uninitialized>true</uninitialized>
         <run_address>0x2000488a</run_address>
         <size>0x2</size>
         <input_file_ref idref="fl-ea"/>
      </object_component>
      <object_component id="oc-706">
         <name>.bss</name>
         <uninitialized>true</uninitialized>
         <run_address>0x2000489c</run_address>
         <size>0x4</size>
         <input_file_ref idref="fl-ed"/>
      </object_component>
      <object_component id="oc-6fe">
         <name>.bss</name>
         <uninitialized>true</uninitialized>
         <run_address>0x200048a0</run_address>
         <size>0x4</size>
         <input_file_ref idref="fl-ee"/>
      </object_component>
      <object_component id="oc-63a">
         <name>.bss</name>
         <uninitialized>true</uninitialized>
         <run_address>0x200048b4</run_address>
         <size>0x2</size>
         <input_file_ref idref="fl-ef"/>
      </object_component>
      <object_component id="oc-638">
         <name>.bss</name>
         <uninitialized>true</uninitialized>
         <run_address>0x2000486c</run_address>
         <size>0x8</size>
         <input_file_ref idref="fl-ef"/>
      </object_component>
      <object_component id="oc-63c">
         <name>.bss</name>
         <uninitialized>true</uninitialized>
         <run_address>0x20004874</run_address>
         <size>0x8</size>
         <input_file_ref idref="fl-f1"/>
      </object_component>
      <object_component id="oc-63d">
         <name>.bss</name>
         <uninitialized>true</uninitialized>
         <run_address>0x200048a4</run_address>
         <size>0x4</size>
         <input_file_ref idref="fl-f1"/>
      </object_component>
      <object_component id="oc-645">
         <name>.bss</name>
         <uninitialized>true</uninitialized>
         <run_address>0x200047ec</run_address>
         <size>0x20</size>
         <input_file_ref idref="fl-f1"/>
      </object_component>
      <object_component id="oc-6cf">
         <name>.bss</name>
         <uninitialized>true</uninitialized>
         <run_address>0x20004824</run_address>
         <size>0x10</size>
         <input_file_ref idref="fl-f3"/>
      </object_component>
      <object_component id="oc-6df">
         <name>.bss</name>
         <uninitialized>true</uninitialized>
         <run_address>0x200048b8</run_address>
         <size>0x1</size>
         <input_file_ref idref="fl-f5"/>
      </object_component>
      <object_component id="oc-532">
         <name>.bss</name>
         <uninitialized>true</uninitialized>
         <run_address>0x2000487c</run_address>
         <size>0x8</size>
         <input_file_ref idref="fl-f6"/>
      </object_component>
      <object_component id="oc-533">
         <name>.bss</name>
         <uninitialized>true</uninitialized>
         <run_address>0x200047bc</run_address>
         <size>0x30</size>
         <input_file_ref idref="fl-f6"/>
      </object_component>
      <object_component id="oc-6dd">
         <name>.bss</name>
         <uninitialized>true</uninitialized>
         <run_address>0x200048b9</run_address>
         <size>0x1</size>
         <input_file_ref idref="fl-f7"/>
      </object_component>
      <object_component id="oc-534">
         <name>.bss</name>
         <uninitialized>true</uninitialized>
         <run_address>0x20004784</run_address>
         <size>0x38</size>
         <input_file_ref idref="fl-f8"/>
      </object_component>
      <object_component id="oc-4e9">
         <name>.bss</name>
         <uninitialized>true</uninitialized>
         <run_address>0x20004834</run_address>
         <size>0x10</size>
         <input_file_ref idref="fl-fd"/>
      </object_component>
      <object_component id="oc-6d1">
         <name>.bss</name>
         <uninitialized>true</uninitialized>
         <run_address>0x200048b6</run_address>
         <size>0x2</size>
         <input_file_ref idref="fl-ff"/>
      </object_component>
      <object_component id="oc-6c9">
         <name>.bss</name>
         <uninitialized>true</uninitialized>
         <run_address>0x2000480c</run_address>
         <size>0x18</size>
         <input_file_ref idref="fl-100"/>
      </object_component>
      <object_component id="oc-6ca">
         <name>.bss</name>
         <uninitialized>true</uninitialized>
         <run_address>0x200048ba</run_address>
         <size>0x1</size>
         <input_file_ref idref="fl-100"/>
      </object_component>
      <object_component id="oc-6e3">
         <name>.bss</name>
         <uninitialized>true</uninitialized>
         <run_address>0x200048a8</run_address>
         <size>0x4</size>
         <input_file_ref idref="fl-101"/>
      </object_component>
      <object_component id="oc-5b4">
         <name>.bss</name>
         <uninitialized>true</uninitialized>
         <run_address>0x20004850</run_address>
         <size>0xc</size>
         <input_file_ref idref="fl-102"/>
      </object_component>
      <object_component id="oc-5b3">
         <name>.bss</name>
         <uninitialized>true</uninitialized>
         <run_address>0x200048bb</run_address>
         <size>0x1</size>
         <input_file_ref idref="fl-104"/>
      </object_component>
      <object_component id="oc-46d">
         <name>.bss</name>
         <uninitialized>true</uninitialized>
         <run_address>0x20004884</run_address>
         <size>0x6</size>
         <input_file_ref idref="fl-106"/>
      </object_component>
      <object_component id="oc-6c4">
         <name>.bss</name>
         <uninitialized>true</uninitialized>
         <run_address>0x200048ac</run_address>
         <size>0x4</size>
         <input_file_ref idref="fl-7"/>
      </object_component>
      <object_component id="oc-65c">
         <name>.bss:$O2$$</name>
         <uninitialized>true</uninitialized>
         <run_address>0x20004748</run_address>
         <size>0x3c</size>
         <input_file_ref idref="fl-9"/>
      </object_component>
      <object_component id="oc-6b7">
         <name>.bss:$O6$$</name>
         <uninitialized>true</uninitialized>
         <run_address>0x2000485c</run_address>
         <size>0x8</size>
         <input_file_ref idref="fl-f"/>
      </object_component>
      <object_component id="oc-697">
         <name>.bss:$O8$$</name>
         <uninitialized>true</uninitialized>
         <run_address>0x20004864</run_address>
         <size>0x8</size>
         <input_file_ref idref="fl-12"/>
      </object_component>
      <object_component id="oc-259">
         <name>.bss:$O11$$</name>
         <uninitialized>true</uninitialized>
         <run_address>0x20004844</run_address>
         <size>0xc</size>
         <input_file_ref idref="fl-17"/>
      </object_component>
      <object_component id="oc-3ee">
         <name>.common:tasksEvents</name>
         <uninitialized>true</uninitialized>
         <run_address>0x200048b0</run_address>
[...]
         <object_component_ref idref="oc-35d"/>
      </symbol>
      <symbol id="sm-121c">
         <name>SysBootMsg</name>
         <value>0x2000483c</value>
         <object_component_ref idref="oc-4e9"/>
      </symbol>
      <symbol id="sm-121d">
         <name>llConnectionExt</name>
         <value>0x20004838</value>
         <object_component_ref idref="oc-4e9"/>
      </symbol>
      <symbol id="sm-121e">
         <name>ll_buildRevision</name>
         <value>0x1c334</value>
         <object_component_ref idref="oc-681"/>
      </symbol>
      <symbol id="sm-121f">
         <name>maxPduSize</name>
         <value>0x20004834</value>
         <object_component_ref idref="oc-4e9"/>
      </symbol>
      <symbol id="sm-1220">
         <name>maxQueuedPdu</name>
         <value>0x20004836</value>
         <object_component_ref idref="oc-4e9"/>
      </symbol>
      <symbol id="sm-1221">
         <name>rfFeModeBias</name>
         <value>0x20004835</value>
         <object_component_ref idref="oc-4e9"/>
      </symbol>
      <symbol id="sm-1222">
         <name>sclkSrc</name>
         <value>0x20004840</value>
         <object_component_ref idref="oc-4e9"/>
      </symbol>
      <symbol id="sm-1237">
         <name>llActiveTask</name>
         <value>0x1aa17</value>
         <object_component_ref idref="oc-48f"/>
      </symbol>
      <symbol id="sm-1238">
         <name>llAllocTask</name>
         <value>0x1a99b</value>
         <object_component_ref idref="oc-48f"/>
      </symbol>
      <symbol id="sm-1239">
         <name>llGetTask</name>
         <value>0x1aa4d</value>
         <object_component_ref idref="oc-48f"/>
      </symbol>
      <symbol id="sm-123a">
         <name>llGetTaskState</name>
         <value>0x1a9f5</value>
         <object_component_ref idref="oc-48f"/>
      </symbol>
      <symbol id="sm-123b">
         <name>llScheduleTask</name>
         <value>0x1aa7d</value>
         <object_component_ref idref="oc-48f"/>
      </symbol>
      <symbol id="sm-123c">
         <name>llSchedulerInit</name>
         <value>0x1a969</value>
         <object_component_ref idref="oc-48f"/>
      </symbol>
      <symbol id="sm-1264">
         <name>llProcessSlaveControlProcedures</name>
         <value>0x142bb</value>
         <object_component_ref idref="oc-4bc"/>
      </symbol>
      <symbol id="sm-1265">
         <name>llSetupNextSlaveEvent</name>
         <value>0x13fef</value>
         <object_component_ref idref="oc-4bc"/>
      </symbol>
      <symbol id="sm-1266">
         <name>llSlave_TaskEnd</name>
         <value>0x13e35</value>
         <object_component_ref idref="oc-4bc"/>
      </symbol>
      <symbol id="sm-12fc">
         <name>LL_PM_Enter_AES</name>
         <value>0x1530d</value>
         <object_component_ref idref="oc-447"/>
      </symbol>
      <symbol id="sm-12fd">
         <name>LL_PM_Exit_AES</name>
         <value>0x1531f</value>
         <object_component_ref idref="oc-447"/>
      </symbol>
      <symbol id="sm-12fe">
         <name>LL_PM_ForceSysBusThroughRF</name>
         <value>0x14cf1</value>
         <object_component_ref idref="oc-447"/>
      </symbol>
      <symbol id="sm-12ff">
         <name>LL_PM_GetRfCoreState</name>
         <value>0x150c5</value>
         <object_component_ref idref="oc-447"/>
      </symbol>
      <symbol id="sm-1300">
         <name>LL_PM_Init</name>
         <value>0x15057</value>
         <object_component_ref idref="oc-447"/>
      </symbol>
      <symbol id="sm-1301">
         <name>LL_PM_InitRadioSetupCmd</name>
         <value>0x14cf9</value>
         <object_component_ref idref="oc-447"/>
      </symbol>
      <symbol id="sm-1302">
         <name>LL_PM_PowerCycleRadio</name>
         <value>0x151e7</value>
         <object_component_ref idref="oc-447"/>
      </symbol>
      <symbol id="sm-1303">
         <name>LL_PM_PowerOffRfCore</name>
         <value>0x14f1b</value>
         <object_component_ref idref="oc-447"/>
      </symbol>
      <symbol id="sm-1304">
         <name>LL_PM_PowerOffRfCoreOptimize</name>
         <value>0x14f7f</value>
         <object_component_ref idref="oc-447"/>
      </symbol>
      <symbol id="sm-1305">
         <name>LL_PM_PowerOnReq</name>
         <value>0x15259</value>
         <object_component_ref idref="oc-447"/>
      </symbol>
      <symbol id="sm-1306">
         <name>LL_PM_PowerOnRfCore</name>
         <value>0x14ea5</value>
         <object_component_ref idref="oc-447"/>
      </symbol>
      <symbol id="sm-1307">
         <name>LL_PM_PowerOnRfCoreOptimize</name>
         <value>0x14daf</value>
         <object_component_ref idref="oc-447"/>
      </symbol>
      <symbol id="sm-1308">
         <name>LL_PM_RFCmdDoneEventCallback</name>
         <value>0x20004624</value>
         <object_component_ref idref="oc-6c8"/>
      </symbol>
      <symbol id="sm-1309">
         <name>LL_PM_ShutdownFS</name>
         <value>0x14f47</value>
         <object_component_ref idref="oc-447"/>
      </symbol>
      <symbol id="sm-130a">
         <name>LL_PM_StartRfTask</name>
         <value>0x150db</value>
         <object_component_ref idref="oc-447"/>
      </symbol>
      <symbol id="sm-130b">
         <name>LL_PM_StopCurTaskTimer</name>
         <value>0x151a9</value>
         <object_component_ref idref="oc-447"/>
      </symbol>
      <symbol id="sm-136b">
         <name>SM_CalcRandomAddr</name>
         <value>0x14579</value>
         <object_component_ref idref="oc-550"/>
      </symbol>
      <symbol id="sm-136c">
         <name>SM_Encrypt</name>
         <value>0x145f9</value>
         <object_component_ref idref="oc-550"/>
      </symbol>
      <symbol id="sm-136d">
         <name>SM_GenerateAuthenSig</name>
         <value>0x148ed</value>
         <object_component_ref idref="oc-550"/>
      </symbol>
      <symbol id="sm-136e">
         <name>SM_NewRandKey</name>
         <value>0x14549</value>
         <object_component_ref idref="oc-550"/>
      </symbol>
      <symbol id="sm-136f">
         <name>SM_ResolveRandomAddrs</name>
         <value>0x145ab</value>
         <object_component_ref idref="oc-550"/>
      </symbol>
      <symbol id="sm-1370">
         <name>SM_VerifyAuthenSig</name>
         <value>0x14987</value>
         <object_component_ref idref="oc-550"/>
      </symbol>
      <symbol id="sm-1371">
         <name>smAuthReqToUint8</name>
         <value>0x1488f</value>
         <object_component_ref idref="oc-550"/>
      </symbol>
      <symbol id="sm-1372">
         <name>smGenerateRandBuf</name>
         <value>0x14869</value>
         <object_component_ref idref="oc-550"/>
      </symbol>
      <symbol id="sm-1373">
         <name>smInProcess</name>
         <value>0x146c7</value>
         <object_component_ref idref="oc-550"/>
      </symbol>
      <symbol id="sm-1374">
         <name>smProcessRandComplete</name>
         <value>0x14637</value>
         <object_component_ref idref="oc-550"/>
      </symbol>
      <symbol id="sm-1375">
         <name>smStartRspTimer</name>
         <value>0x146a1</value>
         <object_component_ref idref="oc-550"/>
      </symbol>
      <symbol id="sm-1376">
         <name>smStopRspTimer</name>
         <value>0x146bd</value>
         <object_component_ref idref="oc-550"/>
      </symbol>
      <symbol id="sm-1377">
         <name>smUint8ToAuthReq</name>
         <value>0x148af</value>
         <object_component_ref idref="oc-550"/>
      </symbol>
      <symbol id="sm-1378">
         <name>sm_ah</name>
         <value>0x146fb</value>
         <object_component_ref idref="oc-550"/>
      </symbol>
      <symbol id="sm-1379">
         <name>sm_c1new</name>
         <value>0x1475b</value>
         <object_component_ref idref="oc-550"/>
      </symbol>
      <symbol id="sm-137a">
         <name>sm_d1</name>
         <value>0x146d9</value>
         <object_component_ref idref="oc-550"/>
      </symbol>
      <symbol id="sm-137b">
         <name>sm_dm</name>
         <value>0x14731</value>
         <object_component_ref idref="oc-550"/>
      </symbol>
      <symbol id="sm-137c">
         <name>sm_s1</name>
         <value>0x14829</value>
         <object_component_ref idref="oc-550"/>
      </symbol>
      <symbol id="sm-13d2">
         <name>SM_PasskeyUpdate</name>
         <value>0x1375f</value>
         <object_component_ref idref="oc-594"/>
      </symbol>
      <symbol id="sm-13d3">
         <name>SM_StartPairing</name>
         <value>0x136d9</value>
         <object_component_ref idref="oc-594"/>
      </symbol>
      <symbol id="sm-13d4">
         <name>pPairingParams</name>
         <value>0x20004850</value>
         <object_component_ref idref="oc-5b4"/>
      </symbol>
      <symbol id="sm-13d5">
         <name>pfnResponderCBs</name>
         <value>0x20004854</value>
         <object_component_ref idref="oc-5b4"/>
      </symbol>
      <symbol id="sm-13d6">
         <name>smDetermineKeySize</name>
         <value>0x13d93</value>
         <object_component_ref idref="oc-594"/>
      </symbol>
      <symbol id="sm-13d7">
         <name>smEndPairing</name>
         <value>0x13d63</value>
         <object_component_ref idref="oc-594"/>
      </symbol>
      <symbol id="sm-13d8">
         <name>smGenerateConfirm</name>
         <value>0x13af7</value>
         <object_component_ref idref="oc-594"/>
      </symbol>
      <symbol id="sm-13d9">
         <name>smGeneratePairingReqRsp</name>
         <value>0x13acb</value>
         <object_component_ref idref="oc-594"/>
      </symbol>
      <symbol id="sm-13da">
         <name>smGenerateRandMsg</name>
         <value>0x13b0f</value>
         <object_component_ref idref="oc-594"/>
      </symbol>
      <symbol id="sm-13db">
         <name>smLinkCheck</name>
         <value>0x137e9</value>
         <object_component_ref idref="oc-594"/>
      </symbol>
      <symbol id="sm-13dc">
         <name>smNextPairingState</name>
         <value>0x13997</value>
         <object_component_ref idref="oc-594"/>
      </symbol>
      <symbol id="sm-13dd">
         <name>smPairingSendEncInfo</name>
         <value>0x13cb7</value>
         <object_component_ref idref="oc-594"/>
      </symbol>
      <symbol id="sm-13de">
         <name>smPairingSendIdentityAddrInfo</name>
         <value>0x13cef</value>
         <object_component_ref idref="oc-594"/>
      </symbol>
      <symbol id="sm-13df">
         <name>smPairingSendIdentityInfo</name>
         <value>0x13ce5</value>
         <object_component_ref idref="oc-594"/>
      </symbol>
      <symbol id="sm-13e0">
         <name>smPairingSendMasterID</name>
         <value>0x13cbd</value>
         <object_component_ref idref="oc-594"/>
      </symbol>
      <symbol id="sm-13e1">
         <name>smPairingSendSingingInfo</name>
         <value>0x13d13</value>
         <object_component_ref idref="oc-594"/>
      </symbol>
      <symbol id="sm-13e2">
         <name>smProcessDataMsg</name>
         <value>0x13805</value>
         <object_component_ref idref="oc-594"/>
      </symbol>
      <symbol id="sm-13e3">
         <name>smProcessEncryptChange</name>
         <value>0x138ed</value>
         <object_component_ref idref="oc-594"/>
      </symbol>
      <symbol id="sm-13e4">
         <name>smProcessPairingReq</name>
         <value>0x13a5d</value>
         <object_component_ref idref="oc-594"/>
      </symbol>
      <symbol id="sm-13e5">
         <name>smRegisterInitiator</name>
         <value>0x137d9</value>
         <object_component_ref idref="oc-594"/>
      </symbol>
      <symbol id="sm-13e6">
         <name>smRegisterResponder</name>
         <value>0x137e1</value>
         <object_component_ref idref="oc-594"/>
      </symbol>
      <symbol id="sm-13e7">
         <name>smSavePairInfo</name>
         <value>0x13b39</value>
         <object_component_ref idref="oc-594"/>
      </symbol>
      <symbol id="sm-13e8">
         <name>smSendFailAndEnd</name>
         <value>0x138d1</value>
         <object_component_ref idref="oc-594"/>
      </symbol>
      <symbol id="sm-13e9">
         <name>smStartEncryption</name>
         <value>0x13ab1</value>
         <object_component_ref idref="oc-594"/>
      </symbol>
      <symbol id="sm-13ea">
         <name>smTimedOut</name>
         <value>0x13801</value>
         <object_component_ref idref="oc-594"/>
      </symbol>
      <symbol id="sm-13eb">
         <name>sm_c1</name>
         <value>0x139c7</value>
         <object_component_ref idref="oc-594"/>
      </symbol>
      <symbol id="sm-140d">
         <name>SM_ResponderInit</name>
         <value>0x16c01</value>
         <object_component_ref idref="oc-70e"/>
      </symbol>
      <symbol id="sm-140e">
         <name>smpResponderProcessPairingReq</name>
         <value>0x16ec1</value>
         <object_component_ref idref="oc-70e"/>
      </symbol>
      <symbol id="sm-141e">
         <name>SM_Init</name>
         <value>0x1acc1</value>
         <object_component_ref idref="oc-396"/>
      </symbol>
      <symbol id="sm-141f">
         <name>SM_ProcessEvent</name>
         <value>0x1acdd</value>
         <object_component_ref idref="oc-396"/>
      </symbol>
      <symbol id="sm-1420">
         <name>smTaskID</name>
         <value>0x200048bb</value>
         <object_component_ref idref="oc-5b3"/>
      </symbol>
      <symbol id="sm-1458">
         <name>smSendSMMsg</name>
         <value>0x17e07</value>
         <object_component_ref idref="oc-6e4"/>
      </symbol>
      <symbol id="sm-1459">
         <name>smpBuildEncInfo</name>
         <value>0x17cd5</value>
         <object_component_ref idref="oc-6e4"/>
      </symbol>
      <symbol id="sm-145a">
         <name>smpBuildIdentityAddrInfo</name>
         <value>0x17d57</value>
         <object_component_ref idref="oc-6e4"/>
      </symbol>
      <symbol id="sm-145b">
         <name>smpBuildIdentityInfo</name>
         <value>0x17d45</value>
         <object_component_ref idref="oc-6e4"/>
      </symbol>
      <symbol id="sm-145c">
         <name>smpBuildMasterID</name>
         <value>0x17cfd</value>
         <object_component_ref idref="oc-6e4"/>
      </symbol>
      <symbol id="sm-145d">
         <name>smpBuildPairingConfirm</name>
         <value>0x17c3f</value>
         <object_component_ref idref="oc-6e4"/>
      </symbol>
      <symbol id="sm-145e">
         <name>smpBuildPairingFailed</name>
         <value>0x17c9f</value>
         <object_component_ref idref="oc-6e4"/>
      </symbol>
      <symbol id="sm-145f">
         <name>smpBuildPairingRandom</name>
         <value>0x17c67</value>
         <object_component_ref idref="oc-6e4"/>
      </symbol>
      <symbol id="sm-1460">
         <name>smpBuildPairingReq</name>
         <value>0x17ab5</value>
         <object_component_ref idref="oc-6e4"/>
      </symbol>
      <symbol id="sm-1461">
         <name>smpBuildPairingReqRsp</name>
         <value>0x17ac3</value>
         <object_component_ref idref="oc-6e4"/>
      </symbol>
      <symbol id="sm-1462">
         <name>smpBuildPairingRsp</name>
         <value>0x17abd</value>
         <object_component_ref idref="oc-6e4"/>
      </symbol>
      <symbol id="sm-1463">
         <name>smpBuildSecurityReq</name>
         <value>0x17dcf</value>
         <object_component_ref idref="oc-6e4"/>
      </symbol>
      <symbol id="sm-1464">
         <name>smpBuildSigningInfo</name>
         <value>0x17da7</value>
         <object_component_ref idref="oc-6e4"/>
      </symbol>
      <symbol id="sm-1465">
         <name>smpParseEncInfo</name>
         <value>0x17ce7</value>
         <object_component_ref idref="oc-6e4"/>
      </symbol>
      <symbol id="sm-1466">
         <name>smpParseIdentityAddrInfo</name>
         <value>0x17d8b</value>
         <object_component_ref idref="oc-6e4"/>
      </symbol>
      <symbol id="sm-1467">
         <name>smpParseIdentityInfo</name>
         <value>0x17d75</value>
         <object_component_ref idref="oc-6e4"/>
      </symbol>
      <symbol id="sm-1468">
         <name>smpParseMasterID</name>
         <value>0x17d21</value>
         <object_component_ref idref="oc-6e4"/>
      </symbol>
      <symbol id="sm-1469">
         <name>smpParsePairingConfirm</name>
         <value>0x17c51</value>
         <object_component_ref idref="oc-6e4"/>
      </symbol>
      <symbol id="sm-146a">
         <name>smpParsePairingFailed</name>
         <value>0x17cb7</value>
         <object_component_ref idref="oc-6e4"/>
      </symbol>
      <symbol id="sm-146b">
         <name>smpParsePairingRandom</name>
         <value>0x17c89</value>
         <object_component_ref idref="oc-6e4"/>
      </symbol>
      <symbol id="sm-146c">
         <name>smpParsePairingReq</name>
         <value>0x17b6b</value>
         <object_component_ref idref="oc-6e4"/>
      </symbol>
      <symbol id="sm-146d">
         <name>smpParseSecurityReq</name>
         <value>0x17deb</value>
         <object_component_ref idref="oc-6e4"/>
      </symbol>
      <symbol id="sm-146e">
         <name>smpParseSigningInfo</name>
         <value>0x17db9</value>
         <object_component_ref idref="oc-6e4"/>
      </symbol>
      <symbol id="sm-1483">
         <name>HCI_ExtTaskRegister</name>
         <value>0x1b1d5</value>
         <object_component_ref idref="oc-379"/>
      </symbol>
      <symbol id="sm-1484">
         <name>HCI_GAPTaskRegister</name>
         <value>0x1b1c3</value>
         <object_component_ref idref="oc-379"/>
      </symbol>
      <symbol id="sm-1485">
         <name>HCI_Init</name>
         <value>0x1b16d</value>
         <object_component_ref idref="oc-379"/>
      </symbol>
      <symbol id="sm-1486">
         <name>HCI_L2CAPTaskRegister</name>
         <value>0x1b1c9</value>
         <object_component_ref idref="oc-379"/>
      </symbol>
      <symbol id="sm-1487">
         <name>HCI_ProcessEvent</name>
         <value>0x1b18b</value>
         <object_component_ref idref="oc-379"/>
      </symbol>
      <symbol id="sm-1488">
         <name>HCI_SMPTaskRegister</name>
         <value>0x1b1cf</value>
         <object_component_ref idref="oc-379"/>
      </symbol>
      <symbol id="sm-1489">
         <name>HCI_TestAppTaskRegister</name>
         <value>0x1b1bd</value>
         <object_component_ref idref="oc-379"/>
      </symbol>
      <symbol id="sm-148a">
         <name>hciExtTaskID</name>
         <value>0x20004889</value>
         <object_component_ref idref="oc-46d"/>
      </symbol>
      <symbol id="sm-148b">
         <name>hciGapTaskID</name>
         <value>0x20004886</value>
         <object_component_ref idref="oc-46d"/>
      </symbol>
      <symbol id="sm-148c">
         <name>hciL2capTaskID</name>
         <value>0x20004887</value>
         <object_component_ref idref="oc-46d"/>
      </symbol>
      <symbol id="sm-148d">
         <name>hciSmpTaskID</name>
         <value>0x20004888</value>
         <object_component_ref idref="oc-46d"/>
      </symbol>
      <symbol id="sm-148e">
         <name>hciTaskID</name>
         <value>0x20004884</value>
         <object_component_ref idref="oc-46d"/>
      </symbol>
      <symbol id="sm-148f">
         <name>hciTestTaskID</name>
         <value>0x20004885</value>
         <object_component_ref idref="oc-46d"/>
      </symbol>
      <symbol id="sm-14a1">
         <name>NOROM_CPUcpsie</name>
         <value>0x1b7c7</value>
         <object_component_ref idref="oc-347"/>
      </symbol>
      <symbol id="sm-14a2">
         <name>NOROM_CPUcpsid</name>
         <value>0x1b7bb</value>
         <object_component_ref idref="oc-341"/>
      </symbol>
      <symbol id="sm-14a3">
         <name>__TI_static_base__</name>
         <value>0x1c338</value>
      </symbol>
      <symbol id="sm-14a8">
         <name>SHT$$INIT_ARRAY$$Limit</name>
         <value>0x0</value>
      </symbol>
      <symbol id="sm-14a9">
         <name>SHT$$INIT_ARRAY$$Base</name>
         <value>0x0</value>
      </symbol>
   </symbol_table>
   <title>Link successful</title>
</link_info>
